Archive member included to satisfy reference by file (symbol)

/usr/local/bin/../lib/gcc/arm-none-eabi/10.3.1/../../../../arm-none-eabi/lib/thumb/v6-m/nofp/libc_nano.a(lib_a-exit.o)
                              /usr/local/bin/../lib/gcc/arm-none-eabi/10.3.1/../../../../arm-none-eabi/lib/thumb/v6-m/nofp/crt0.o (exit)
/usr/local/bin/../lib/gcc/arm-none-eabi/10.3.1/../../../../arm-none-eabi/lib/thumb/v6-m/nofp/libc_nano.a(lib_a-impure.o)
                              /usr/local/bin/../lib/gcc/arm-none-eabi/10.3.1/../../../../arm-none-eabi/lib/thumb/v6-m/nofp/libc_nano.a(lib_a-exit.o) (_global_impure_ptr)
/usr/local/bin/../lib/gcc/arm-none-eabi/10.3.1/../../../../arm-none-eabi/lib/thumb/v6-m/nofp/libc_nano.a(lib_a-init.o)
                              /usr/local/bin/../lib/gcc/arm-none-eabi/10.3.1/../../../../arm-none-eabi/lib/thumb/v6-m/nofp/crt0.o (__libc_init_array)
/usr/local/bin/../lib/gcc/arm-none-eabi/10.3.1/../../../../arm-none-eabi/lib/thumb/v6-m/nofp/libc_nano.a(lib_a-memset.o)
                              /usr/local/bin/../lib/gcc/arm-none-eabi/10.3.1/../../../../arm-none-eabi/lib/thumb/v6-m/nofp/crt0.o (memset)
/usr/local/bin/../lib/gcc/arm-none-eabi/10.3.1/thumb/v6-m/nofp/libgcc.a(_udivsi3.o)
                              CMakeFiles/motor_control.dir/Core/Src/stm32c0xx_hal_timebase_tim.c.obj (__aeabi_uidiv)
/usr/local/bin/../lib/gcc/arm-none-eabi/10.3.1/thumb/v6-m/nofp/libgcc.a(_divsi3.o)
                              CMakeFiles/motor_control.dir/Drivers/STM32C0xx_HAL_Driver/Src/stm32c0xx_hal_uart_ex.c.obj (__aeabi_idiv)
/usr/local/bin/../lib/gcc/arm-none-eabi/10.3.1/thumb/v6-m/nofp/libgcc.a(_dvmd_tls.o)
                              /usr/local/bin/../lib/gcc/arm-none-eabi/10.3.1/thumb/v6-m/nofp/libgcc.a(_udivsi3.o) (__aeabi_idiv0)
/usr/local/bin/../lib/gcc/arm-none-eabi/10.3.1/../../../../arm-none-eabi/lib/thumb/v6-m/nofp/libg_nano.a(lib_a-errno.o)
                              CMakeFiles/motor_control.dir/Core/Src/sysmem.c.obj (__errno)
/usr/local/bin/../lib/gcc/arm-none-eabi/10.3.1/../../../../arm-none-eabi/lib/thumb/v6-m/nofp/libg_nano.a(lib_a-memcpy-stub.o)
                              CMakeFiles/motor_control.dir/Middlewares/Third_Party/FreeRTOS/Source/queue.c.obj (memcpy)

Discarded input sections

 .text          0x0000000000000000        0x0 /usr/local/bin/../lib/gcc/arm-none-eabi/10.3.1/thumb/v6-m/nofp/crti.o
 .data          0x0000000000000000        0x0 /usr/local/bin/../lib/gcc/arm-none-eabi/10.3.1/thumb/v6-m/nofp/crti.o
 .bss           0x0000000000000000        0x0 /usr/local/bin/../lib/gcc/arm-none-eabi/10.3.1/thumb/v6-m/nofp/crti.o
 .data          0x0000000000000000        0x4 /usr/local/bin/../lib/gcc/arm-none-eabi/10.3.1/thumb/v6-m/nofp/crtbegin.o
 .rodata        0x0000000000000000       0x24 /usr/local/bin/../lib/gcc/arm-none-eabi/10.3.1/thumb/v6-m/nofp/crtbegin.o
 .text          0x0000000000000000       0x80 /usr/local/bin/../lib/gcc/arm-none-eabi/10.3.1/../../../../arm-none-eabi/lib/thumb/v6-m/nofp/crt0.o
 .data          0x0000000000000000        0x0 /usr/local/bin/../lib/gcc/arm-none-eabi/10.3.1/../../../../arm-none-eabi/lib/thumb/v6-m/nofp/crt0.o
 .bss           0x0000000000000000        0x0 /usr/local/bin/../lib/gcc/arm-none-eabi/10.3.1/../../../../arm-none-eabi/lib/thumb/v6-m/nofp/crt0.o
 .ARM.extab     0x0000000000000000        0x0 /usr/local/bin/../lib/gcc/arm-none-eabi/10.3.1/../../../../arm-none-eabi/lib/thumb/v6-m/nofp/crt0.o
 .ARM.exidx     0x0000000000000000       0x10 /usr/local/bin/../lib/gcc/arm-none-eabi/10.3.1/../../../../arm-none-eabi/lib/thumb/v6-m/nofp/crt0.o
 .ARM.attributes
                0x0000000000000000       0x1b /usr/local/bin/../lib/gcc/arm-none-eabi/10.3.1/../../../../arm-none-eabi/lib/thumb/v6-m/nofp/crt0.o
 .text          0x0000000000000000        0x0 /usr/local/bin/../lib/gcc/arm-none-eabi/10.3.1/../../../../arm-none-eabi/lib/thumb/v6-m/nofp/libc_nano.a(lib_a-exit.o)
 .data          0x0000000000000000        0x0 /usr/local/bin/../lib/gcc/arm-none-eabi/10.3.1/../../../../arm-none-eabi/lib/thumb/v6-m/nofp/libc_nano.a(lib_a-exit.o)
 .bss           0x0000000000000000        0x0 /usr/local/bin/../lib/gcc/arm-none-eabi/10.3.1/../../../../arm-none-eabi/lib/thumb/v6-m/nofp/libc_nano.a(lib_a-exit.o)
 .text.exit     0x0000000000000000       0x2c /usr/local/bin/../lib/gcc/arm-none-eabi/10.3.1/../../../../arm-none-eabi/lib/thumb/v6-m/nofp/libc_nano.a(lib_a-exit.o)
 .debug_frame   0x0000000000000000       0x28 /usr/local/bin/../lib/gcc/arm-none-eabi/10.3.1/../../../../arm-none-eabi/lib/thumb/v6-m/nofp/libc_nano.a(lib_a-exit.o)
 .ARM.attributes
                0x0000000000000000       0x2c /usr/local/bin/../lib/gcc/arm-none-eabi/10.3.1/../../../../arm-none-eabi/lib/thumb/v6-m/nofp/libc_nano.a(lib_a-exit.o)
 .text          0x0000000000000000        0x0 /usr/local/bin/../lib/gcc/arm-none-eabi/10.3.1/../../../../arm-none-eabi/lib/thumb/v6-m/nofp/libc_nano.a(lib_a-impure.o)
[...]
Memory Configuration

Name             Origin             Length             Attributes
RAM              0x0000000020000000 0x0000000000003000 xrw
FLASH            0x0000000008000000 0x0000000000008000 xr
*default*        0x0000000000000000 0xffffffffffffffff

Linker script and memory map

LOAD /usr/local/bin/../lib/gcc/arm-none-eabi/10.3.1/thumb/v6-m/nofp/crti.o
LOAD /usr/local/bin/../lib/gcc/arm-none-eabi/10.3.1/thumb/v6-m/nofp/crtbegin.o
LOAD /usr/local/bin/../lib/gcc/arm-none-eabi/10.3.1/../../../../arm-none-eabi/lib/thumb/v6-m/nofp/crt0.o
START GROUP
LOAD /usr/local/bin/../lib/gcc/arm-none-eabi/10.3.1/../../../../arm-none-eabi/lib/thumb/v6-m/nofp/libc_nano.a
LOAD /usr/local/bin/../lib/gcc/arm-none-eabi/10.3.1/../../../../arm-none-eabi/lib/thumb/v6-m/nofp/libm.a
END GROUP
LOAD CMakeFiles/motor_control.dir/Core/Src/main.c.obj
LOAD CMakeFiles/motor_control.dir/Core/Src/app_freertos.c.obj
LOAD CMakeFiles/motor_control.dir/Core/Src/stm32c0xx_it.c.obj
LOAD CMakeFiles/motor_control.dir/Core/Src/stm32c0xx_hal_msp.c.obj
LOAD CMakeFiles/motor_control.dir/Core/Src/stm32c0xx_hal_timebase_tim.c.obj
LOAD CMakeFiles/motor_control.dir/Drivers/BSP/STM32C0xx_Nucleo/stm32c0xx_nucleo.c.obj
LOAD CMakeFiles/motor_control.dir/Drivers/STM32C0xx_HAL_Driver/Src/stm32c0xx_hal_usart_ex.c.obj
LOAD CMakeFiles/motor_control.dir/Drivers/STM32C0xx_HAL_Driver/Src/stm32c0xx_hal.c.obj
LOAD CMakeFiles/motor_control.dir/Drivers/STM32C0xx_HAL_Driver/Src/stm32c0xx_hal_cortex.c.obj
LOAD CMakeFiles/motor_control.dir/Drivers/STM32C0xx_HAL_Driver/Src/stm32c0xx_hal_rcc.c.obj
LOAD CMakeFiles/motor_control.dir/Drivers/STM32C0xx_HAL_Driver/Src/stm32c0xx_hal_rcc_ex.c.obj
LOAD CMakeFiles/motor_control.dir/Drivers/STM32C0xx_HAL_Driver/Src/stm32c0xx_hal_flash.c.obj
LOAD CMakeFiles/motor_control.dir/Drivers/STM32C0xx_HAL_Driver/Src/stm32c0xx_hal_flash_ex.c.obj
LOAD CMakeFiles/motor_control.dir/Drivers/STM32C0xx_HAL_Driver/Src/stm32c0xx_hal_gpio.c.obj
LOAD CMakeFiles/motor_control.dir/Drivers/STM32C0xx_HAL_Driver/Src/stm32c0xx_hal_dma.c.obj
LOAD CMakeFiles/motor_control.dir/Drivers/STM32C0xx_HAL_Driver/Src/stm32c0xx_hal_dma_ex.c.obj
LOAD CMakeFiles/motor_control.dir/Drivers/STM32C0xx_HAL_Driver/Src/stm32c0xx_hal_pwr.c.obj
LOAD CMakeFiles/motor_control.dir/Drivers/STM32C0xx_HAL_Driver/Src/stm32c0xx_hal_pwr_ex.c.obj
LOAD CMakeFiles/motor_control.dir/Drivers/STM32C0xx_HAL_Driver/Src/stm32c0xx_hal_exti.c.obj
LOAD CMakeFiles/motor_control.dir/Drivers/STM32C0xx_HAL_Driver/Src/stm32c0xx_hal_tim.c.obj
LOAD CMakeFiles/motor_control.dir/Drivers/STM32C0xx_HAL_Driver/Src/stm32c0xx_hal_tim_ex.c.obj
LOAD CMakeFiles/motor_control.dir/Drivers/STM32C0xx_HAL_Driver/Src/stm32c0xx_hal_uart.c.obj
LOAD CMakeFiles/motor_control.dir/Drivers/STM32C0xx_HAL_Driver/Src/stm32c0xx_hal_uart_ex.c.obj
LOAD CMakeFiles/motor_control.dir/Drivers/STM32C0xx_HAL_Driver/Src/stm32c0xx_hal_usart.c.obj
LOAD CMakeFiles/motor_control.dir/Core/Src/system_stm32c0xx.c.obj
LOAD CMakeFiles/motor_control.dir/Middlewares/Third_Party/FreeRTOS/Source/croutine.c.obj
LOAD CMakeFiles/motor_control.dir/Middlewares/Third_Party/FreeRTOS/Source/event_groups.c.obj
LOAD CMakeFiles/motor_control.dir/Middlewares/Third_Party/FreeRTOS/Source/list.c.obj
LOAD CMakeFiles/motor_control.dir/Middlewares/Third_Party/FreeRTOS/Source/queue.c.obj
LOAD CMakeFiles/motor_control.dir/Middlewares/Third_Party/FreeRTOS/Source/stream_buffer.c.obj
LOAD CMakeFiles/motor_control.dir/Middlewares/Third_Party/FreeRTOS/Source/tasks.c.obj
LOAD CMakeFiles/motor_control.dir/Middlewares/Third_Party/FreeRTOS/Source/timers.c.obj
LOAD CMakeFiles/motor_control.dir/Middlewares/Third_Party/FreeRTOS/Source/CMSIS_RTOS_V2/cmsis_os2.c.obj
LOAD CMakeFiles/motor_control.dir/Middlewares/Third_Party/FreeRTOS/Source/portable/GCC/ARM_CM0/port.c.obj
LOAD CMakeFiles/motor_control.dir/Middlewares/Third_Party/FreeRTOS/Source/portable/MemMang/heap_4.c.obj
LOAD CMakeFiles/motor_control.dir/Core/Src/sysmem.c.obj
LOAD CMakeFiles/motor_control.dir/Core/Src/syscalls.c.obj
LOAD CMakeFiles/motor_control.dir/startup_stm32c031xx.s.obj
START GROUP
LOAD /usr/local/bin/../lib/gcc/arm-none-eabi/10.3.1/thumb/v6-m/nofp/libgcc.a
LOAD /usr/local/bin/../lib/gcc/arm-none-eabi/10.3.1/../../../../arm-none-eabi/lib/thumb/v6-m/nofp/libg_nano.a
LOAD /usr/local/bin/../lib/gcc/arm-none-eabi/10.3.1/../../../../arm-none-eabi/lib/thumb/v6-m/nofp/libc_nano.a
END GROUP
START GROUP
LOAD /usr/local/bin/../lib/gcc/arm-none-eabi/10.3.1/thumb/v6-m/nofp/libgcc.a
LOAD /usr/local/bin/../lib/gcc/arm-none-eabi/10.3.1/../../../../arm-none-eabi/lib/thumb/v6-m/nofp/libc_nano.a
END GROUP
LOAD /usr/local/bin/../lib/gcc/arm-none-eabi/10.3.1/thumb/v6-m/nofp/crtend.o
LOAD /usr/local/bin/../lib/gcc/arm-none-eabi/10.3.1/thumb/v6-m/nofp/crtn.o
                0x0000000020003000                _estack = (ORIGIN (RAM) + LENGTH (RAM))
                0x0000000000000200                _Min_Heap_Size = 0x200
                0x0000000000000400                _Min_Stack_Size = 0x400

.isr_vector     0x0000000008000000       0xc0
                0x0000000008000000                . = ALIGN (0x4)
 *(.isr_vector)
 .isr_vector    0x0000000008000000       0xc0 CMakeFiles/motor_control.dir/startup_stm32c031xx.s.obj
                0x0000000008000000                g_pfnVectors
                0x00000000080000c0                . = ALIGN (0x4)

.text           0x00000000080000c0     0x5f48
                0x00000000080000c0                . = ALIGN (0x4)
 *(.text)
 .text          0x00000000080000c0       0x48 /usr/local/bin/../lib/gcc/arm-none-eabi/10.3.1/thumb/v6-m/nofp/crtbegin.o
 .text          0x0000000008000108      0x114 /usr/local/bin/../lib/gcc/arm-none-eabi/10.3.1/thumb/v6-m/nofp/libgcc.a(_udivsi3.o)
                0x0000000008000108                __udivsi3
                0x0000000008000108                __aeabi_uidiv
                0x0000000008000214                __aeabi_uidivmod
 .text          0x000000000800021c      0x1d4 /usr/local/bin/../lib/gcc/arm-none-eabi/10.3.1/thumb/v6-m/nofp/libgcc.a(_divsi3.o)
                0x000000000800021c                __aeabi_idiv
                0x000000000800021c                __divsi3
                0x00000000080003e8                __aeabi_idivmod
 .text          0x00000000080003f0        0x4 /usr/local/bin/../lib/gcc/arm-none-eabi/10.3.1/thumb/v6-m/nofp/libgcc.a(_dvmd_tls.o)
                0x00000000080003f0                __aeabi_ldiv0
                0x00000000080003f0                __aeabi_idiv0
 *(.text*)
 .text.__libc_init_array
                0x00000000080003f4       0x48 /usr/local/bin/../lib/gcc/arm-none-eabi/10.3.1/../../../../arm-none-eabi/lib/thumb/v6-m/nofp/libc_nano.a(lib_a-init.o)
                0x00000000080003f4                __libc_init_array
 .text.memset   0x000000000800043c       0x10 /usr/local/bin/../lib/gcc/arm-none-eabi/10.3.1/../../../../arm-none-eabi/lib/thumb/v6-m/nofp/libc_nano.a(lib_a-memset.o)
                0x000000000800043c                memset
 .text.main     0x000000000800044c       0x88 CMakeFiles/motor_control.dir/Core/Src/main.c.obj
                0x000000000800044c                main
 .text.SystemClock_Config
                0x00000000080004d4       0x7a CMakeFiles/motor_control.dir/Core/Src/main.c.obj
                0x00000000080004d4                SystemClock_Config
 *fill*         0x000000000800054e        0x2 
 .text.MX_TIM3_Init
                0x0000000008000550      0x100 CMakeFiles/motor_control.dir/Core/Src/main.c.obj
 .text.MX_USART1_UART_Init
                0x0000000008000650       0xa0 CMakeFiles/motor_control.dir/Core/Src/main.c.obj
 .text.MX_GPIO_Init
                0x00000000080006f0       0xb8 CMakeFiles/motor_control.dir/Core/Src/main.c.obj
 .text.HAL_TIM_PeriodElapsedCallback
                0x00000000080007a8       0x24 CMakeFiles/motor_control.dir/Core/Src/main.c.obj
                0x00000000080007a8                HAL_TIM_PeriodElapsedCallback
 .text.Error_Handler
                0x00000000080007cc        0xa CMakeFiles/motor_control.dir/Core/Src/main.c.obj
                0x00000000080007cc                Error_Handler
 *fill*         0x00000000080007d6        0x2 
 .text.MX_FREERTOS_Init
                0x00000000080007d8       0x28 CMakeFiles/motor_control.dir/Core/Src/app_freertos.c.obj
                0x00000000080007d8                MX_FREERTOS_Init
 .text.StartTask100Hz
                0x0000000008000800       0x10 CMakeFiles/motor_control.dir/Core/Src/app_freertos.c.obj
                0x0000000008000800                StartTask100Hz
 .text.NMI_Handler
                0x0000000008000810        0x6 CMakeFiles/motor_control.dir/Core/Src/stm32c0xx_it.c.obj
                0x0000000008000810                NMI_Handler
 .text.HardFault_Handler
                0x0000000008000816        0x6 CMakeFiles/motor_control.dir/Core/Src/stm32c0xx_it.c.obj
                0x0000000008000816                HardFault_Handler
 .text.EXTI4_15_IRQHandler
                0x000000000800081c       0x10 CMakeFiles/motor_control.dir/Core/Src/stm32c0xx_it.c.obj
                0x000000000800081c                EXTI4_15_IRQHandler
 .text.TIM16_IRQHandler
                0x000000000800082c       0x18 CMakeFiles/motor_control.dir/Core/Src/stm32c0xx_it.c.obj
                0x000000000800082c                TIM16_IRQHandler
 .text.HAL_MspInit
                0x0000000008000844       0x54 CMakeFiles/motor_control.dir/Core/Src/stm32c0xx_hal_msp.c.obj
                0x0000000008000844                HAL_MspInit
 .text.HAL_TIM_Base_MspInit
                0x0000000008000898       0x3c CMakeFiles/motor_control.dir/Core/Src/stm32c0xx_hal_msp.c.obj
                0x0000000008000898                HAL_TIM_Base_MspInit
 .text.HAL_TIM_MspPostInit
                0x00000000080008d4       0x7c CMakeFiles/motor_control.dir/Core/Src/stm32c0xx_hal_msp.c.obj
                0x00000000080008d4                HAL_TIM_MspPostInit
 .text.HAL_UART_MspInit
                0x0000000008000950      0x10c CMakeFiles/motor_control.dir/Core/Src/stm32c0xx_hal_msp.c.obj
                0x0000000008000950                HAL_UART_MspInit
 .text.HAL_InitTick
                0x0000000008000a5c       0xd0 CMakeFiles/motor_control.dir/Core/Src/stm32c0xx_hal_timebase_tim.c.obj
                0x0000000008000a5c                HAL_InitTick
 .text.BSP_LED_Init
                0x0000000008000b2c       0xd4 CMakeFiles/motor_control.dir/Drivers/BSP/STM32C0xx_Nucleo/stm32c0xx_nucleo.c.obj
                0x0000000008000b2c                BSP_LED_Init
 .text.BSP_PB_Init
                0x0000000008000c00      0x108 CMakeFiles/motor_control.dir/Drivers/BSP/STM32C0xx_Nucleo/stm32c0xx_nucleo.c.obj
                0x0000000008000c00                BSP_PB_Init
 .text.BSP_PB_IRQHandler
                0x0000000008000d08       0x30 CMakeFiles/motor_control.dir/Drivers/BSP/STM32C0xx_Nucleo/stm32c0xx_nucleo.c.obj
                0x0000000008000d08                BSP_PB_IRQHandler
 .text.BSP_PB_Callback
                0x0000000008000d38       0x14 CMakeFiles/motor_control.dir/Drivers/BSP/STM32C0xx_Nucleo/stm32c0xx_nucleo.c.obj
                0x0000000008000d38                BSP_PB_Callback
 .text.BSP_COM_Init
                0x0000000008000d4c       0x64 CMakeFiles/motor_control.dir/Drivers/BSP/STM32C0xx_Nucleo/stm32c0xx_nucleo.c.obj
                0x0000000008000d4c                BSP_COM_Init
 .text.MX_USART2_Init
                0x0000000008000db0       0x6c CMakeFiles/motor_control.dir/Drivers/BSP/STM32C0xx_Nucleo/stm32c0xx_nucleo.c.obj
                0x0000000008000db0                MX_USART2_Init
 .text.BUTTON_USER_EXTI_Callback
                0x0000000008000e1c       0x10 CMakeFiles/motor_control.dir/Drivers/BSP/STM32C0xx_Nucleo/stm32c0xx_nucleo.c.obj
 .text.COM1_MspInit
                0x0000000008000e2c       0xb0 CMakeFiles/motor_control.dir/Drivers/BSP/STM32C0xx_Nucleo/stm32c0xx_nucleo.c.obj
 .text.HAL_Init
                0x0000000008000edc       0x2e CMakeFiles/motor_control.dir/Drivers/STM32C0xx_HAL_Driver/Src/stm32c0xx_hal.c.obj
                0x0000000008000edc                HAL_Init
 *fill*         0x0000000008000f0a        0x2 
 .text.HAL_IncTick
                0x0000000008000f0c       0x24 CMakeFiles/motor_control.dir/Drivers/STM32C0xx_HAL_Driver/Src/stm32c0xx_hal.c.obj
                0x0000000008000f0c                HAL_IncTick
 .text.HAL_GetTick
                0x0000000008000f30       0x14 CMakeFiles/motor_control.dir/Drivers/STM32C0xx_HAL_Driver/Src/stm32c0xx_hal.c.obj
                0x0000000008000f30                HAL_GetTick
 .text.__NVIC_EnableIRQ
                0x0000000008000f44       0x34 CMakeFiles/motor_control.dir/Drivers/STM32C0xx_HAL_Driver/Src/stm32c0xx_hal_cortex.c.obj
 .text.__NVIC_SetPriority
                0x0000000008000f78       0xdc CMakeFiles/motor_control.dir/Drivers/STM32C0xx_HAL_Driver/Src/stm32c0xx_hal_cortex.c.obj
 .text.HAL_NVIC_SetPriority
                0x0000000008001054       0x2a CMakeFiles/motor_control.dir/Drivers/STM32C0xx_HAL_Driver/Src/stm32c0xx_hal_cortex.c.obj
                0x0000000008001054                HAL_NVIC_SetPriority
 .text.HAL_NVIC_EnableIRQ
                0x000000000800107e       0x20 CMakeFiles/motor_control.dir/Drivers/STM32C0xx_HAL_Driver/Src/stm32c0xx_hal_cortex.c.obj
                0x000000000800107e                HAL_NVIC_EnableIRQ
 *fill*         0x000000000800109e        0x2 
 .text.HAL_RCC_OscConfig
                0x00000000080010a0      0x3c8 CMakeFiles/motor_control.dir/Drivers/STM32C0xx_HAL_Driver/Src/stm32c0xx_hal_rcc.c.obj
                0x00000000080010a0                HAL_RCC_OscConfig
 .text.HAL_RCC_ClockConfig
                0x0000000008001468      0x214 CMakeFiles/motor_control.dir/Drivers/STM32C0xx_HAL_Driver/Src/stm32c0xx_hal_rcc.c.obj
                0x0000000008001468                HAL_RCC_ClockConfig
 .text.HAL_RCC_GetSysClockFreq
                0x000000000800167c       0x9c CMakeFiles/motor_control.dir/Drivers/STM32C0xx_HAL_Driver/Src/stm32c0xx_hal_rcc.c.obj
                0x000000000800167c                HAL_RCC_GetSysClockFreq
 .text.HAL_RCC_GetHCLKFreq
                0x0000000008001718       0x3c CMakeFiles/motor_control.dir/Drivers/STM32C0xx_HAL_Driver/Src/stm32c0xx_hal_rcc.c.obj
                0x0000000008001718                HAL_RCC_GetHCLKFreq
 .text.HAL_RCC_GetPCLK1Freq
                0x0000000008001754       0x30 CMakeFiles/motor_control.dir/Drivers/STM32C0xx_HAL_Driver/Src/stm32c0xx_hal_rcc.c.obj
                0x0000000008001754                HAL_RCC_GetPCLK1Freq
 .text.HAL_RCC_GetClockConfig
                0x0000000008001784       0x60 CMakeFiles/motor_control.dir/Drivers/STM32C0xx_HAL_Driver/Src/stm32c0xx_hal_rcc.c.obj
                0x0000000008001784                HAL_RCC_GetClockConfig
 .text.HAL_RCCEx_PeriphCLKConfig
                0x00000000080017e4      0x1d8 CMakeFiles/motor_control.dir/Drivers/STM32C0xx_HAL_Driver/Src/stm32c0xx_hal_rcc_ex.c.obj
                0x00000000080017e4                HAL_RCCEx_PeriphCLKConfig
 .text.HAL_GPIO_Init
                0x00000000080019bc      0x2e4 CMakeFiles/motor_control.dir/Drivers/STM32C0xx_HAL_Driver/Src/stm32c0xx_hal_gpio.c.obj
                0x00000000080019bc                HAL_GPIO_Init
 .text.HAL_GPIO_WritePin
                0x0000000008001ca0       0x3a CMakeFiles/motor_control.dir/Drivers/STM32C0xx_HAL_Driver/Src/stm32c0xx_hal_gpio.c.obj
                0x0000000008001ca0                HAL_GPIO_WritePin
 .text.HAL_EXTI_RegisterCallback
                0x0000000008001cda       0x64 CMakeFiles/motor_control.dir/Drivers/STM32C0xx_HAL_Driver/Src/stm32c0xx_hal_exti.c.obj
                0x0000000008001cda                HAL_EXTI_RegisterCallback
 .text.HAL_EXTI_GetHandle
                0x0000000008001d3e       0x24 CMakeFiles/motor_control.dir/Drivers/STM32C0xx_HAL_Driver/Src/stm32c0xx_hal_exti.c.obj
                0x0000000008001d3e                HAL_EXTI_GetHandle
 *fill*         0x0000000008001d62        0x2 
 .text.HAL_EXTI_IRQHandler
                0x0000000008001d64       0x94 CMakeFiles/motor_control.dir/Drivers/STM32C0xx_HAL_Driver/Src/stm32c0xx_hal_exti.c.obj
                0x0000000008001d64                HAL_EXTI_IRQHandler
 .text.HAL_TIM_Base_Init
                0x0000000008001df8       0xb0 CMakeFiles/motor_control.dir/Drivers/STM32C0xx_HAL_Driver/Src/stm32c0xx_hal_tim.c.obj
                0x0000000008001df8                HAL_TIM_Base_Init
 .text.HAL_TIM_Base_Start_IT
                0x0000000008001ea8       0x9c CMakeFiles/motor_control.dir/Drivers/STM32C0xx_HAL_Driver/Src/stm32c0xx_hal_tim.c.obj
                0x0000000008001ea8                HAL_TIM_Base_Start_IT
 .text.HAL_TIM_PWM_Init
                0x0000000008001f44       0xb0 CMakeFiles/motor_control.dir/Drivers/STM32C0xx_HAL_Driver/Src/stm32c0xx_hal_tim.c.obj
                0x0000000008001f44                HAL_TIM_PWM_Init
 .text.HAL_TIM_PWM_MspInit
                0x0000000008001ff4       0x10 CMakeFiles/motor_control.dir/Drivers/STM32C0xx_HAL_Driver/Src/stm32c0xx_hal_tim.c.obj
                0x0000000008001ff4                HAL_TIM_PWM_MspInit
 .text.HAL_TIM_PWM_Start
                0x0000000008002004      0x1b0 CMakeFiles/motor_control.dir/Drivers/STM32C0xx_HAL_Driver/Src/stm32c0xx_hal_tim.c.obj
                0x0000000008002004                HAL_TIM_PWM_Start
 .text.HAL_TIM_IRQHandler
                0x00000000080021b4      0x210 CMakeFiles/motor_control.dir/Drivers/STM32C0xx_HAL_Driver/Src/stm32c0xx_hal_tim.c.obj
                0x00000000080021b4                HAL_TIM_IRQHandler
 .text.HAL_TIM_PWM_ConfigChannel
                0x00000000080023c4      0x200 CMakeFiles/motor_control.dir/Drivers/STM32C0xx_HAL_Driver/Src/stm32c0xx_hal_tim.c.obj
                0x00000000080023c4                HAL_TIM_PWM_ConfigChannel
 .text.HAL_TIM_ConfigClockSource
                0x00000000080025c4      0x1ac CMakeFiles/motor_control.dir/Drivers/STM32C0xx_HAL_Driver/Src/stm32c0xx_hal_tim.c.obj
                0x00000000080025c4                HAL_TIM_ConfigClockSource
 .text.HAL_TIM_OC_DelayElapsedCallback
                0x0000000008002770       0x10 CMakeFiles/motor_control.dir/Drivers/STM32C0xx_HAL_Driver/Src/stm32c0xx_hal_tim.c.obj
                0x0000000008002770                HAL_TIM_OC_DelayElapsedCallback
 .text.HAL_TIM_IC_CaptureCallback
                0x0000000008002780       0x10 CMakeFiles/motor_control.dir/Drivers/STM32C0xx_HAL_Driver/Src/stm32c0xx_hal_tim.c.obj
                0x0000000008002780                HAL_TIM_IC_CaptureCallback
 .text.HAL_TIM_PWM_PulseFinishedCallback
                0x0000000008002790       0x10 CMakeFiles/motor_control.dir/Drivers/STM32C0xx_HAL_Driver/Src/stm32c0xx_hal_tim.c.obj
                0x0000000008002790                HAL_TIM_PWM_PulseFinishedCallback
 .text.HAL_TIM_TriggerCallback
                0x00000000080027a0       0x10 CMakeFiles/motor_control.dir/Drivers/STM32C0xx_HAL_Driver/Src/stm32c0xx_hal_tim.c.obj
                0x00000000080027a0                HAL_TIM_TriggerCallback
 .text.TIM_Base_SetConfig
                0x00000000080027b0       0xf4 CMakeFiles/motor_control.dir/Drivers/STM32C0xx_HAL_Driver/Src/stm32c0xx_hal_tim.c.obj
                0x00000000080027b0                TIM_Base_SetConfig
 .text.TIM_OC1_SetConfig
                0x00000000080028a4      0x100 CMakeFiles/motor_control.dir/Drivers/STM32C0xx_HAL_Driver/Src/stm32c0xx_hal_tim.c.obj
 .text.TIM_OC2_SetConfig
                0x00000000080029a4       0xfc CMakeFiles/motor_control.dir/Drivers/STM32C0xx_HAL_Driver/Src/stm32c0xx_hal_tim.c.obj
                0x00000000080029a4                TIM_OC2_SetConfig
 .text.TIM_OC3_SetConfig
                0x0000000008002aa0      0x104 CMakeFiles/motor_control.dir/Drivers/STM32C0xx_HAL_Driver/Src/stm32c0xx_hal_tim.c.obj
 .text.TIM_OC4_SetConfig
                0x0000000008002ba4       0xc8 CMakeFiles/motor_control.dir/Drivers/STM32C0xx_HAL_Driver/Src/stm32c0xx_hal_tim.c.obj
 .text.TIM_OC5_SetConfig
                0x0000000008002c6c       0xb4 CMakeFiles/motor_control.dir/Drivers/STM32C0xx_HAL_Driver/Src/stm32c0xx_hal_tim.c.obj
 .text.TIM_OC6_SetConfig
                0x0000000008002d20       0xbc CMakeFiles/motor_control.dir/Drivers/STM32C0xx_HAL_Driver/Src/stm32c0xx_hal_tim.c.obj
 .text.TIM_TI1_ConfigInputStage
                0x0000000008002ddc       0x5c CMakeFiles/motor_control.dir/Drivers/STM32C0xx_HAL_Driver/Src/stm32c0xx_hal_tim.c.obj
 .text.TIM_TI2_ConfigInputStage
                0x0000000008002e38       0x64 CMakeFiles/motor_control.dir/Drivers/STM32C0xx_HAL_Driver/Src/stm32c0xx_hal_tim.c.obj
 .text.TIM_ITRx_SetConfig
                0x0000000008002e9c       0x38 CMakeFiles/motor_control.dir/Drivers/STM32C0xx_HAL_Driver/Src/stm32c0xx_hal_tim.c.obj
 .text.TIM_ETR_SetConfig
                0x0000000008002ed4       0x40 CMakeFiles/motor_control.dir/Drivers/STM32C0xx_HAL_Driver/Src/stm32c0xx_hal_tim.c.obj
                0x0000000008002ed4                TIM_ETR_SetConfig
 .text.TIM_CCxChannelCmd
                0x0000000008002f14       0x46 CMakeFiles/motor_control.dir/Drivers/STM32C0xx_HAL_Driver/Src/stm32c0xx_hal_tim.c.obj
                0x0000000008002f14                TIM_CCxChannelCmd
 *fill*         0x0000000008002f5a        0x2 
 .text.HAL_TIMEx_MasterConfigSynchronization
                0x0000000008002f5c       0xc4 CMakeFiles/motor_control.dir/Drivers/STM32C0xx_HAL_Driver/Src/stm32c0xx_hal_tim_ex.c.obj
                0x0000000008002f5c                HAL_TIMEx_MasterConfigSynchronization
 .text.HAL_TIMEx_CommutCallback
                0x0000000008003020       0x10 CMakeFiles/motor_control.dir/Drivers/STM32C0xx_HAL_Driver/Src/stm32c0xx_hal_tim_ex.c.obj
                0x0000000008003020                HAL_TIMEx_CommutCallback
 .text.HAL_TIMEx_BreakCallback
                0x0000000008003030       0x10 CMakeFiles/motor_control.dir/Drivers/STM32C0xx_HAL_Driver/Src/stm32c0xx_hal_tim_ex.c.obj
                0x0000000008003030                HAL_TIMEx_BreakCallback
 .text.HAL_TIMEx_Break2Callback
                0x0000000008003040       0x10 CMakeFiles/motor_control.dir/Drivers/STM32C0xx_HAL_Driver/Src/stm32c0xx_hal_tim_ex.c.obj
                0x0000000008003040                HAL_TIMEx_Break2Callback
 .text.HAL_UART_Init
                0x0000000008003050       0xac CMakeFiles/motor_control.dir/Drivers/STM32C0xx_HAL_Driver/Src/stm32c0xx_hal_uart.c.obj
                0x0000000008003050                HAL_UART_Init
 .text.UART_SetConfig
                0x00000000080030fc      0x2fc CMakeFiles/motor_control.dir/Drivers/STM32C0xx_HAL_Driver/Src/stm32c0xx_hal_uart.c.obj
                0x00000000080030fc                UART_SetConfig
 .text.UART_AdvFeatureConfig
                0x00000000080033f8      0x168 CMakeFiles/motor_control.dir/Drivers/STM32C0xx_HAL_Driver/Src/stm32c0xx_hal_uart.c.obj
                0x00000000080033f8                UART_AdvFeatureConfig
 .text.UART_CheckIdleState
                0x0000000008003560      0x154 CMakeFiles/motor_control.dir/Drivers/STM32C0xx_HAL_Driver/Src/stm32c0xx_hal_uart.c.obj
                0x0000000008003560                UART_CheckIdleState
 .text.UART_WaitOnFlagUntilTimeout
                0x00000000080036b4       0xde CMakeFiles/motor_control.dir/Drivers/STM32C0xx_HAL_Driver/Src/stm32c0xx_hal_uart.c.obj
                0x00000000080036b4                UART_WaitOnFlagUntilTimeout
 *fill*         0x0000000008003792        0x2 
 .text.UART_EndRxTransfer
                0x0000000008003794       0xcc CMakeFiles/motor_control.dir/Drivers/STM32C0xx_HAL_Driver/Src/stm32c0xx_hal_uart.c.obj
 .text.HAL_RS485Ex_Init
                0x0000000008003860       0xe4 CMakeFiles/motor_control.dir/Drivers/STM32C0xx_HAL_Driver/Src/stm32c0xx_hal_uart_ex.c.obj
                0x0000000008003860                HAL_RS485Ex_Init
 .text.HAL_UARTEx_DisableFifoMode
                0x0000000008003944       0x74 CMakeFiles/motor_control.dir/Drivers/STM32C0xx_HAL_Driver/Src/stm32c0xx_hal_uart_ex.c.obj
                0x0000000008003944                HAL_UARTEx_DisableFifoMode
 .text.HAL_UARTEx_SetTxFifoThreshold
                0x00000000080039b8       0x7e CMakeFiles/motor_control.dir/Drivers/STM32C0xx_HAL_Driver/Src/stm32c0xx_hal_uart_ex.c.obj
                0x00000000080039b8                HAL_UARTEx_SetTxFifoThreshold
 *fill*         0x0000000008003a36        0x2 
 .text.HAL_UARTEx_SetRxFifoThreshold
                0x0000000008003a38       0x84 CMakeFiles/motor_control.dir/Drivers/STM32C0xx_HAL_Driver/Src/stm32c0xx_hal_uart_ex.c.obj
                0x0000000008003a38                HAL_UARTEx_SetRxFifoThreshold
 .text.UARTEx_SetNbDataToProcess
                0x0000000008003abc       0xbc CMakeFiles/motor_control.dir/Drivers/STM32C0xx_HAL_Driver/Src/stm32c0xx_hal_uart_ex.c.obj
 .text.SystemInit
                0x0000000008003b78       0x18 CMakeFiles/motor_control.dir/Core/Src/system_stm32c0xx.c.obj
                0x0000000008003b78                SystemInit
 .text.vListInitialise
                0x0000000008003b90       0x3c CMakeFiles/motor_control.dir/Middlewares/Third_Party/FreeRTOS/Source/list.c.obj
                0x0000000008003b90                vListInitialise
 .text.vListInitialiseItem
                0x0000000008003bcc       0x16 CMakeFiles/motor_control.dir/Middlewares/Third_Party/FreeRTOS/Source/list.c.obj
                0x0000000008003bcc                vListInitialiseItem
 .text.vListInsert
                0x0000000008003be2       0x6c CMakeFiles/motor_control.dir/Middlewares/Third_Party/FreeRTOS/Source/list.c.obj
                0x0000000008003be2                vListInsert
 .text.uxListRemove
                0x0000000008003c4e       0x50 CMakeFiles/motor_control.dir/Middlewares/Third_Party/FreeRTOS/Source/list.c.obj
                0x0000000008003c4e                uxListRemove
 .text.xQueueGenericReset
                0x0000000008003c9e      0x112 CMakeFiles/motor_control.dir/Middlewares/Third_Party/FreeRTOS/Source/queue.c.obj
                0x0000000008003c9e                xQueueGenericReset
 .text.xQueueGenericCreateStatic
                0x0000000008003db0       0x88 CMakeFiles/motor_control.dir/Middlewares/Third_Party/FreeRTOS/Source/queue.c.obj
                0x0000000008003db0                xQueueGenericCreateStatic
 .text.prvInitialiseNewQueue
                0x0000000008003e38       0x4e CMakeFiles/motor_control.dir/Middlewares/Third_Party/FreeRTOS/Source/queue.c.obj
 .text.xQueueReceive
                0x0000000008003e86      0x16a CMakeFiles/motor_control.dir/Middlewares/Third_Party/FreeRTOS/Source/queue.c.obj
                0x0000000008003e86                xQueueReceive
 .text.prvCopyDataFromQueue
                0x0000000008003ff0       0x4c CMakeFiles/motor_control.dir/Middlewares/Third_Party/FreeRTOS/Source/queue.c.obj
 .text.prvUnlockQueue
                0x000000000800403c       0xbc CMakeFiles/motor_control.dir/Middlewares/Third_Party/FreeRTOS/Source/queue.c.obj
 .text.prvIsQueueEmpty
                0x00000000080040f8       0x2c CMakeFiles/motor_control.dir/Middlewares/Third_Party/FreeRTOS/Source/queue.c.obj
 .text.vQueueAddToRegistry
                0x0000000008004124       0x88 CMakeFiles/motor_control.dir/Middlewares/Third_Party/FreeRTOS/Source/queue.c.obj
                0x0000000008004124                vQueueAddToRegistry
 .text.vQueueWaitForMessageRestricted
                0x00000000080041ac       0x66 CMakeFiles/motor_control.dir/Middlewares/Third_Party/FreeRTOS/Source/queue.c.obj
                0x00000000080041ac                vQueueWaitForMessageRestricted
 .text.xTaskCreateStatic
                0x0000000008004212       0x94 CMakeFiles/motor_control.dir/Middlewares/Third_Party/FreeRTOS/Source/tasks.c.obj
                0x0000000008004212                xTaskCreateStatic
 .text.xTaskCreate
                0x00000000080042a6       0xa4 CMakeFiles/motor_control.dir/Middlewares/Third_Party/FreeRTOS/Source/tasks.c.obj
                0x00000000080042a6                xTaskCreate
 *fill*         0x000000000800434a        0x2 
 .text.prvInitialiseNewTask
                0x000000000800434c      0x100 CMakeFiles/motor_control.dir/Middlewares/Third_Party/FreeRTOS/Source/tasks.c.obj
 .text.prvAddNewTaskToReadyList
                0x000000000800444c      0x11c CMakeFiles/motor_control.dir/Middlewares/Third_Party/FreeRTOS/Source/tasks.c.obj
 .text.vTaskDelay
                0x0000000008004568       0x4c CMakeFiles/motor_control.dir/Middlewares/Third_Party/FreeRTOS/Source/tasks.c.obj
                0x0000000008004568                vTaskDelay
 .text.vTaskStartScheduler
                0x00000000080045b4       0xb0 CMakeFiles/motor_control.dir/Middlewares/Third_Party/FreeRTOS/Source/tasks.c.obj
                0x00000000080045b4                vTaskStartScheduler
 .text.vTaskSuspendAll
                0x0000000008004664       0x18 CMakeFiles/motor_control.dir/Middlewares/Third_Party/FreeRTOS/Source/tasks.c.obj
                0x0000000008004664                vTaskSuspendAll
 .text.xTaskResumeAll
                0x000000000800467c      0x1d0 CMakeFiles/motor_control.dir/Middlewares/Third_Party/FreeRTOS/Source/tasks.c.obj
                0x000000000800467c                xTaskResumeAll
 .text.xTaskGetTickCount
                0x000000000800484c       0x1c CMakeFiles/motor_control.dir/Middlewares/Third_Party/FreeRTOS/Source/tasks.c.obj
                0x000000000800484c                xTaskGetTickCount
 .text.xTaskIncrementTick
                0x0000000008004868      0x218 CMakeFiles/motor_control.dir/Middlewares/Third_Party/FreeRTOS/Source/tasks.c.obj
                0x0000000008004868                xTaskIncrementTick
 .text.vTaskSwitchContext
                0x0000000008004a80       0xa4 CMakeFiles/motor_control.dir/Middlewares/Third_Party/FreeRTOS/Source/tasks.c.obj
                0x0000000008004a80                vTaskSwitchContext
 .text.vTaskPlaceOnEventList
                0x0000000008004b24       0x3c CMakeFiles/motor_control.dir/Middlewares/Third_Party/FreeRTOS/Source/tasks.c.obj
                0x0000000008004b24                vTaskPlaceOnEventList
 .text.vTaskPlaceOnEventListRestricted
                0x0000000008004b60       0x7c CMakeFiles/motor_control.dir/Middlewares/Third_Party/FreeRTOS/Source/tasks.c.obj
                0x0000000008004b60                vTaskPlaceOnEventListRestricted
 .text.xTaskRemoveFromEventList
                0x0000000008004bdc      0x194 CMakeFiles/motor_control.dir/Middlewares/Third_Party/FreeRTOS/Source/tasks.c.obj
                0x0000000008004bdc                xTaskRemoveFromEventList
 .text.vTaskInternalSetTimeOutState
                0x0000000008004d70       0x28 CMakeFiles/motor_control.dir/Middlewares/Third_Party/FreeRTOS/Source/tasks.c.obj
                0x0000000008004d70                vTaskInternalSetTimeOutState
 .text.xTaskCheckForTimeOut
                0x0000000008004d98       0xa8 CMakeFiles/motor_control.dir/Middlewares/Third_Party/FreeRTOS/Source/tasks.c.obj
                0x0000000008004d98                xTaskCheckForTimeOut
 .text.vTaskMissedYield
                0x0000000008004e40       0x14 CMakeFiles/motor_control.dir/Middlewares/Third_Party/FreeRTOS/Source/tasks.c.obj
                0x0000000008004e40                vTaskMissedYield
 .text.prvIdleTask
                0x0000000008004e54       0x20 CMakeFiles/motor_control.dir/Middlewares/Third_Party/FreeRTOS/Source/tasks.c.obj
 .text.prvInitialiseTaskLists
                0x0000000008004e74       0x88 CMakeFiles/motor_control.dir/Middlewares/Third_Party/FreeRTOS/Source/tasks.c.obj
 .text.prvCheckTasksWaitingTermination
                0x0000000008004efc       0x5c CMakeFiles/motor_control.dir/Middlewares/Third_Party/FreeRTOS/Source/tasks.c.obj
 .text.prvDeleteTCB
                0x0000000008004f58       0x50 CMakeFiles/motor_control.dir/Middlewares/Third_Party/FreeRTOS/Source/tasks.c.obj
 .text.prvResetNextTaskUnblockTime
                0x0000000008004fa8       0x34 CMakeFiles/motor_control.dir/Middlewares/Third_Party/FreeRTOS/Source/tasks.c.obj
 .text.xTaskGetSchedulerState
                0x0000000008004fdc       0x38 CMakeFiles/motor_control.dir/Middlewares/Third_Party/FreeRTOS/Source/tasks.c.obj
                0x0000000008004fdc                xTaskGetSchedulerState
 .text.prvAddCurrentTaskToDelayedList
                0x0000000008005014       0xdc CMakeFiles/motor_control.dir/Middlewares/Third_Party/FreeRTOS/Source/tasks.c.obj
 .text.xTimerCreateTimerTask
                0x00000000080050f0       0x7c CMakeFiles/motor_control.dir/Middlewares/Third_Party/FreeRTOS/Source/timers.c.obj
                0x00000000080050f0                xTimerCreateTimerTask
 .text.prvReloadTimer
                0x000000000800516c       0x42 CMakeFiles/motor_control.dir/Middlewares/Third_Party/FreeRTOS/Source/timers.c.obj
 *fill*         0x00000000080051ae        0x2 
 .text.prvProcessExpiredTimer
                0x00000000080051b0       0x64 CMakeFiles/motor_control.dir/Middlewares/Third_Party/FreeRTOS/Source/timers.c.obj
 .text.prvTimerTask
                0x0000000008005214       0x28 CMakeFiles/motor_control.dir/Middlewares/Third_Party/FreeRTOS/Source/timers.c.obj
 .text.prvProcessTimerOrBlockTask
                0x000000000800523c       0x90 CMakeFiles/motor_control.dir/Middlewares/Third_Party/FreeRTOS/Source/timers.c.obj
 .text.prvGetNextExpireTime
                0x00000000080052cc       0x44 CMakeFiles/motor_control.dir/Middlewares/Third_Party/FreeRTOS/Source/timers.c.obj
 .text.prvSampleTimeNow
                0x0000000008005310       0x40 CMakeFiles/motor_control.dir/Middlewares/Third_Party/FreeRTOS/Source/timers.c.obj
 .text.prvInsertTimerInActiveList
                0x0000000008005350       0x84 CMakeFiles/motor_control.dir/Middlewares/Third_Party/FreeRTOS/Source/timers.c.obj
 .text.prvProcessReceivedCommands
                0x00000000080053d4      0x184 CMakeFiles/motor_control.dir/Middlewares/Third_Party/FreeRTOS/Source/timers.c.obj
 .text.prvSwitchTimerLists
                0x0000000008005558       0x50 CMakeFiles/motor_control.dir/Middlewares/Third_Party/FreeRTOS/Source/timers.c.obj
 .text.prvCheckForValidListAndQueue
                0x00000000080055a8       0x84 CMakeFiles/motor_control.dir/Middlewares/Third_Party/FreeRTOS/Source/timers.c.obj
 .text.__NVIC_SetPriority
                0x000000000800562c       0xdc CMakeFiles/motor_control.dir/Middlewares/Third_Party/FreeRTOS/Source/CMSIS_RTOS_V2/cmsis_os2.c.obj
 .text.SysTick_Handler
                0x0000000008005708       0x20 CMakeFiles/motor_control.dir/Middlewares/Third_Party/FreeRTOS/Source/CMSIS_RTOS_V2/cmsis_os2.c.obj
                0x0000000008005708                SysTick_Handler
 .text.SVC_Setup
                0x0000000008005728       0x16 CMakeFiles/motor_control.dir/Middlewares/Third_Party/FreeRTOS/Source/CMSIS_RTOS_V2/cmsis_os2.c.obj
 .text.IRQ_Context
                0x000000000800573e       0x44 CMakeFiles/motor_control.dir/Middlewares/Third_Party/FreeRTOS/Source/CMSIS_RTOS_V2/cmsis_os2.c.obj
 *fill*         0x0000000008005782        0x2 
 .text.osKernelInitialize
                0x0000000008005784       0x4c CMakeFiles/motor_control.dir/Middlewares/Third_Party/FreeRTOS/Source/CMSIS_RTOS_V2/cmsis_os2.c.obj
                0x0000000008005784                osKernelInitialize
 .text.osKernelStart
                0x00000000080057d0       0x54 CMakeFiles/motor_control.dir/Middlewares/Third_Party/FreeRTOS/Source/CMSIS_RTOS_V2/cmsis_os2.c.obj
                0x00000000080057d0                osKernelStart
 .text.osThreadNew
                0x0000000008005824      0x128 CMakeFiles/motor_control.dir/Middlewares/Third_Party/FreeRTOS/Source/CMSIS_RTOS_V2/cmsis_os2.c.obj
                0x0000000008005824                osThreadNew
 .text.osDelay  0x000000000800594c       0x34 CMakeFiles/motor_control.dir/Middlewares/Third_Party/FreeRTOS/Source/CMSIS_RTOS_V2/cmsis_os2.c.obj
                0x000000000800594c                osDelay
 .text.vApplicationGetIdleTaskMemory
                0x0000000008005980       0x30 CMakeFiles/motor_control.dir/Middlewares/Third_Party/FreeRTOS/Source/CMSIS_RTOS_V2/cmsis_os2.c.obj
                0x0000000008005980                vApplicationGetIdleTaskMemory
 .text.vApplicationGetTimerTaskMemory
                0x00000000080059b0       0x30 CMakeFiles/motor_control.dir/Middlewares/Third_Party/FreeRTOS/Source/CMSIS_RTOS_V2/cmsis_os2.c.obj
                0x00000000080059b0                vApplicationGetTimerTaskMemory
 .text.pxPortInitialiseStack
                0x00000000080059e0       0x54 CMakeFiles/motor_control.dir/Middlewares/Third_Party/FreeRTOS/Source/portable/GCC/ARM_CM0/port.c.obj
                0x00000000080059e0                pxPortInitialiseStack
 .text.prvTaskExitError
                0x0000000008005a34       0x30 CMakeFiles/motor_control.dir/Middlewares/Third_Party/FreeRTOS/Source/portable/GCC/ARM_CM0/port.c.obj
 .text.SVC_Handler
                0x0000000008005a64        0xa CMakeFiles/motor_control.dir/Middlewares/Third_Party/FreeRTOS/Source/portable/GCC/ARM_CM0/port.c.obj
                0x0000000008005a64                SVC_Handler
 *fill*         0x0000000008005a6e        0x2 
 .text.vPortStartFirstTask
                0x0000000008005a70       0x38 CMakeFiles/motor_control.dir/Middlewares/Third_Party/FreeRTOS/Source/portable/GCC/ARM_CM0/port.c.obj
 .text.xPortStartScheduler
                0x0000000008005aa8       0x48 CMakeFiles/motor_control.dir/Middlewares/Third_Party/FreeRTOS/Source/portable/GCC/ARM_CM0/port.c.obj
                0x0000000008005aa8                xPortStartScheduler
 .text.vPortYield
                0x0000000008005af0       0x20 CMakeFiles/motor_control.dir/Middlewares/Third_Party/FreeRTOS/Source/portable/GCC/ARM_CM0/port.c.obj
                0x0000000008005af0                vPortYield
 .text.vPortEnterCritical
                0x0000000008005b10       0x24 CMakeFiles/motor_control.dir/Middlewares/Third_Party/FreeRTOS/Source/portable/GCC/ARM_CM0/port.c.obj
                0x0000000008005b10                vPortEnterCritical
 .text.vPortExitCritical
                0x0000000008005b34       0x30 CMakeFiles/motor_control.dir/Middlewares/Third_Party/FreeRTOS/Source/portable/GCC/ARM_CM0/port.c.obj
                0x0000000008005b34                vPortExitCritical
 .text.ulSetInterruptMaskFromISR
                0x0000000008005b64        0xc CMakeFiles/motor_control.dir/Middlewares/Third_Party/FreeRTOS/Source/portable/GCC/ARM_CM0/port.c.obj
                0x0000000008005b64                ulSetInterruptMaskFromISR
 .text.vClearInterruptMaskFromISR
                0x0000000008005b70        0x8 CMakeFiles/motor_control.dir/Middlewares/Third_Party/FreeRTOS/Source/portable/GCC/ARM_CM0/port.c.obj
                0x0000000008005b70                vClearInterruptMaskFromISR
 *fill*         0x0000000008005b78        0x8 
 .text.PendSV_Handler
                0x0000000008005b80       0x48 CMakeFiles/motor_control.dir/Middlewares/Third_Party/FreeRTOS/Source/portable/GCC/ARM_CM0/port.c.obj
                0x0000000008005b80                PendSV_Handler
 .text.xPortSysTickHandler
                0x0000000008005bc8       0x34 CMakeFiles/motor_control.dir/Middlewares/Third_Party/FreeRTOS/Source/portable/GCC/ARM_CM0/port.c.obj
                0x0000000008005bc8                xPortSysTickHandler
 .text.vPortSetupTimerInterrupt
                0x0000000008005bfc       0x44 CMakeFiles/motor_control.dir/Middlewares/Third_Party/FreeRTOS/Source/portable/GCC/ARM_CM0/port.c.obj
                0x0000000008005bfc                vPortSetupTimerInterrupt
 .text.pvPortMalloc
                0x0000000008005c40      0x150 CMakeFiles/motor_control.dir/Middlewares/Third_Party/FreeRTOS/Source/portable/MemMang/heap_4.c.obj
                0x0000000008005c40                pvPortMalloc
 .text.vPortFree
                0x0000000008005d90       0x98 CMakeFiles/motor_control.dir/Middlewares/Third_Party/FreeRTOS/Source/portable/MemMang/heap_4.c.obj
                0x0000000008005d90                vPortFree
 .text.prvHeapInit
                0x0000000008005e28       0xb4 CMakeFiles/motor_control.dir/Middlewares/Third_Party/FreeRTOS/Source/portable/MemMang/heap_4.c.obj
 .text.prvInsertBlockIntoFreeList
                0x0000000008005edc       0xb0 CMakeFiles/motor_control.dir/Middlewares/Third_Party/FreeRTOS/Source/portable/MemMang/heap_4.c.obj
 .text.Reset_Handler
                0x0000000008005f8c       0x50 CMakeFiles/motor_control.dir/startup_stm32c031xx.s.obj
                0x0000000008005f8c                Reset_Handler
 .text.Default_Handler
                0x0000000008005fdc        0x2 CMakeFiles/motor_control.dir/startup_stm32c031xx.s.obj
                0x0000000008005fdc                TIM1_BRK_UP_TRG_COM_IRQHandler
                0x0000000008005fdc                I2C1_IRQHandler
                0x0000000008005fdc                DMAMUX1_IRQHandler
                0x0000000008005fdc                SPI1_IRQHandler
                0x0000000008005fdc                EXTI2_3_IRQHandler
                0x0000000008005fdc                ADC1_IRQHandler
                0x0000000008005fdc                TIM17_IRQHandler
                0x0000000008005fdc                RTC_IRQHandler
                0x0000000008005fdc                TIM3_IRQHandler
                0x0000000008005fdc                RCC_IRQHandler
                0x0000000008005fdc                DMA1_Channel1_IRQHandler
                0x0000000008005fdc                Default_Handler
                0x0000000008005fdc                TIM14_IRQHandler
                0x0000000008005fdc                EXTI0_1_IRQHandler
                0x0000000008005fdc                WWDG_IRQHandler
                0x0000000008005fdc                DMA1_Channel2_3_IRQHandler
                0x0000000008005fdc                USART2_IRQHandler
                0x0000000008005fdc                FLASH_IRQHandler
                0x0000000008005fdc                USART1_IRQHandler
                0x0000000008005fdc                TIM1_CC_IRQHandler
 .text.memcpy   0x0000000008005fde       0x12 /usr/local/bin/../lib/gcc/arm-none-eabi/10.3.1/../../../../arm-none-eabi/lib/thumb/v6-m/nofp/libg_nano.a(lib_a-memcpy-stub.o)
                0x0000000008005fde                memcpy
 *(.glue_7)
 .glue_7        0x0000000008005ff0        0x0 linker stubs
 *(.glue_7t)
 .glue_7t       0x0000000008005ff0        0x0 linker stubs
 *(.eh_frame)
 .eh_frame      0x0000000008005ff0        0x0 /usr/local/bin/../lib/gcc/arm-none-eabi/10.3.1/thumb/v6-m/nofp/crtbegin.o
 *(.init)
 .init          0x0000000008005ff0        0x4 /usr/local/bin/../lib/gcc/arm-none-eabi/10.3.1/thumb/v6-m/nofp/crti.o
                0x0000000008005ff0                _init
 .init          0x0000000008005ff4        0x8 /usr/local/bin/../lib/gcc/arm-none-eabi/10.3.1/thumb/v6-m/nofp/crtn.o
 *(.fini)
 .fini          0x0000000008005ffc        0x4 /usr/local/bin/../lib/gcc/arm-none-eabi/10.3.1/thumb/v6-m/nofp/crti.o
                0x0000000008005ffc                _fini
 .fini          0x0000000008006000        0x8 /usr/local/bin/../lib/gcc/arm-none-eabi/10.3.1/thumb/v6-m/nofp/crtn.o
                0x0000000008006008                . = ALIGN (0x4)
                0x0000000008006008                _etext = .

.vfp11_veneer   0x0000000008006008        0x0
 .vfp11_veneer  0x0000000008006008        0x0 linker stubs

.v4_bx          0x0000000008006008        0x0
 .v4_bx         0x0000000008006008        0x0 linker stubs

.iplt           0x0000000008006008        0x0
 .iplt          0x0000000008006008        0x0 /usr/local/bin/../lib/gcc/arm-none-eabi/10.3.1/thumb/v6-m/nofp/crtbegin.o

.rodata         0x0000000008006008      0x154
                0x0000000008006008                . = ALIGN (0x4)
 *(.rodata)
 .rodata        0x0000000008006008        0xa CMakeFiles/motor_control.dir/Core/Src/app_freertos.c.obj
 *fill*         0x0000000008006012        0x2 
 .rodata        0x0000000008006014        0x5 CMakeFiles/motor_control.dir/Middlewares/Third_Party/FreeRTOS/Source/tasks.c.obj
 *fill*         0x0000000008006019        0x3 
 .rodata        0x000000000800601c        0xd CMakeFiles/motor_control.dir/Middlewares/Third_Party/FreeRTOS/Source/timers.c.obj
 *(.rodata*)
 *fill*         0x0000000008006029        0x3 
 .rodata.Task100Hz_attributes
                0x000000000800602c       0x24 CMakeFiles/motor_control.dir/Core/Src/app_freertos.c.obj
                0x000000000800602c                Task100Hz_attributes
 .rodata.LED_PIN
                0x0000000008006050        0x4 CMakeFiles/motor_control.dir/Drivers/BSP/STM32C0xx_Nucleo/stm32c0xx_nucleo.c.obj
 .rodata.BUTTON_EXTI_LINE.2
                0x0000000008006054        0x4 CMakeFiles/motor_control.dir/Drivers/BSP/STM32C0xx_Nucleo/stm32c0xx_nucleo.c.obj
 .rodata.HAL_TIM_PWM_ConfigChannel
                0x0000000008006058       0x54 CMakeFiles/motor_control.dir/Drivers/STM32C0xx_HAL_Driver/Src/stm32c0xx_hal_tim.c.obj
 .rodata.UARTPrescTable
                0x00000000080060ac       0x18 CMakeFiles/motor_control.dir/Drivers/STM32C0xx_HAL_Driver/Src/stm32c0xx_hal_uart.c.obj
                0x00000000080060ac                UARTPrescTable
 .rodata.numerator.1
                0x00000000080060c4        0x8 CMakeFiles/motor_control.dir/Drivers/STM32C0xx_HAL_Driver/Src/stm32c0xx_hal_uart_ex.c.obj
 .rodata.denominator.0
                0x00000000080060cc        0x8 CMakeFiles/motor_control.dir/Drivers/STM32C0xx_HAL_Driver/Src/stm32c0xx_hal_uart_ex.c.obj
 .rodata.AHBPrescTable
                0x00000000080060d4       0x40 CMakeFiles/motor_control.dir/Core/Src/system_stm32c0xx.c.obj
                0x00000000080060d4                AHBPrescTable
 .rodata.APBPrescTable
                0x0000000008006114       0x20 CMakeFiles/motor_control.dir/Core/Src/system_stm32c0xx.c.obj
                0x0000000008006114                APBPrescTable
 .rodata.prvProcessReceivedCommands
                0x0000000008006134       0x28 CMakeFiles/motor_control.dir/Middlewares/Third_Party/FreeRTOS/Source/timers.c.obj
                0x000000000800615c                . = ALIGN (0x4)

.rel.dyn        0x000000000800615c        0x0
 .rel.iplt      0x000000000800615c        0x0 /usr/local/bin/../lib/gcc/arm-none-eabi/10.3.1/thumb/v6-m/nofp/crtbegin.o

.ARM.extab
 *(.ARM.extab* .gnu.linkonce.armextab.*)

.ARM            0x000000000800615c        0x0
                0x000000000800615c                __exidx_start = .
 *(.ARM.exidx*)
                0x000000000800615c                __exidx_end = .

.preinit_array  0x000000000800615c        0x0
                0x000000000800615c                PROVIDE (__preinit_array_start = .)
 *(.preinit_array*)
                0x000000000800615c                PROVIDE (__preinit_array_end = .)

.init_array     0x000000000800615c        0x4
                0x000000000800615c                PROVIDE (__init_array_start = .)
 *(SORT_BY_NAME(.init_array.*))
 *(.init_array*)
 .init_array    0x000000000800615c        0x4 /usr/local/bin/../lib/gcc/arm-none-eabi/10.3.1/thumb/v6-m/nofp/crtbegin.o
                0x0000000008006160                PROVIDE (__init_array_end = .)

.fini_array     0x0000000008006160        0x4
                [!provide]                        PROVIDE (__fini_array_start = .)
 *(SORT_BY_NAME(.fini_array.*))
 *(.fini_array*)
 .fini_array    0x0000000008006160        0x4 /usr/local/bin/../lib/gcc/arm-none-eabi/10.3.1/thumb/v6-m/nofp/crtbegin.o
                [!provide]                        PROVIDE (__fini_array_end = .)
                0x0000000008006164                _sidata = LOADADDR (.data)

.data           0x0000000020000000       0x2c load address 0x0000000008006164
                0x0000000020000000                . = ALIGN (0x4)
                0x0000000020000000                _sdata = .
 *(.data)
 *(.data*)
 .data.COM_USART
                0x0000000020000000        0x4 CMakeFiles/motor_control.dir/Drivers/BSP/STM32C0xx_Nucleo/stm32c0xx_nucleo.c.obj
                0x0000000020000000                COM_USART
 .data.LED_PORT
                0x0000000020000004        0x8 CMakeFiles/motor_control.dir/Drivers/BSP/STM32C0xx_Nucleo/stm32c0xx_nucleo.c.obj
 .data.BUTTON_PORT
                0x000000002000000c        0x4 CMakeFiles/motor_control.dir/Drivers/BSP/STM32C0xx_Nucleo/stm32c0xx_nucleo.c.obj
 .data.ButtonCallback.1
                0x0000000020000010        0x4 CMakeFiles/motor_control.dir/Drivers/BSP/STM32C0xx_Nucleo/stm32c0xx_nucleo.c.obj
 .data.BSP_BUTTON_PRIO.0
                0x0000000020000014        0x4 CMakeFiles/motor_control.dir/Drivers/BSP/STM32C0xx_Nucleo/stm32c0xx_nucleo.c.obj
 .data.uwTickPrio
                0x0000000020000018        0x4 CMakeFiles/motor_control.dir/Drivers/STM32C0xx_HAL_Driver/Src/stm32c0xx_hal.c.obj
                0x0000000020000018                uwTickPrio
 .data.uwTickFreq
                0x000000002000001c        0x1 CMakeFiles/motor_control.dir/Drivers/STM32C0xx_HAL_Driver/Src/stm32c0xx_hal.c.obj
                0x000000002000001c                uwTickFreq
 *fill*         0x000000002000001d        0x3 
 .data.SystemCoreClock
                0x0000000020000020        0x4 CMakeFiles/motor_control.dir/Core/Src/system_stm32c0xx.c.obj
                0x0000000020000020                SystemCoreClock
 .data.uxTopUsedPriority
                0x0000000020000024        0x4 CMakeFiles/motor_control.dir/Middlewares/Third_Party/FreeRTOS/Source/tasks.c.obj
                0x0000000020000024                uxTopUsedPriority
 .data.uxCriticalNesting
                0x0000000020000028        0x4 CMakeFiles/motor_control.dir/Middlewares/Third_Party/FreeRTOS/Source/portable/GCC/ARM_CM0/port.c.obj
                0x000000002000002c                . = ALIGN (0x4)
                0x000000002000002c                _edata = .

.igot.plt       0x000000002000002c        0x0 load address 0x0000000008006190
 .igot.plt      0x000000002000002c        0x0 /usr/local/bin/../lib/gcc/arm-none-eabi/10.3.1/thumb/v6-m/nofp/crtbegin.o
                0x000000002000002c                . = ALIGN (0x4)

.bss            0x000000002000002c     0x25a0 load address 0x0000000008006190
                0x000000002000002c                _sbss = .
                0x000000002000002c                __bss_start__ = _sbss
 *(.bss)
 .bss           0x000000002000002c       0x1c /usr/local/bin/../lib/gcc/arm-none-eabi/10.3.1/thumb/v6-m/nofp/crtbegin.o
 *(.bss*)
 .bss.BspCOMInit
                0x0000000020000048       0x10 CMakeFiles/motor_control.dir/Core/Src/main.c.obj
                0x0000000020000048                BspCOMInit
 .bss.htim3     0x0000000020000058       0x4c CMakeFiles/motor_control.dir/Core/Src/main.c.obj
                0x0000000020000058                htim3
 .bss.huart1    0x00000000200000a4       0x94 CMakeFiles/motor_control.dir/Core/Src/main.c.obj
                0x00000000200000a4                huart1
 .bss.Task100HzHandle
                0x0000000020000138        0x4 CMakeFiles/motor_control.dir/Core/Src/app_freertos.c.obj
                0x0000000020000138                Task100HzHandle
 .bss.MyBufferTask01
                0x000000002000013c      0x800 CMakeFiles/motor_control.dir/Core/Src/app_freertos.c.obj
                0x000000002000013c                MyBufferTask01
 .bss.MycontrolBlocTask01
                0x000000002000093c       0x5c CMakeFiles/motor_control.dir/Core/Src/app_freertos.c.obj
                0x000000002000093c                MycontrolBlocTask01
 .bss.htim16    0x0000000020000998       0x4c CMakeFiles/motor_control.dir/Core/Src/stm32c0xx_hal_timebase_tim.c.obj
                0x0000000020000998                htim16
 .bss.hpb_exti  0x00000000200009e4        0xc CMakeFiles/motor_control.dir/Drivers/BSP/STM32C0xx_Nucleo/stm32c0xx_nucleo.c.obj
                0x00000000200009e4                hpb_exti
 .bss.hcom_uart
                0x00000000200009f0       0x94 CMakeFiles/motor_control.dir/Drivers/BSP/STM32C0xx_Nucleo/stm32c0xx_nucleo.c.obj
                0x00000000200009f0                hcom_uart
 .bss.uwTick    0x0000000020000a84        0x4 CMakeFiles/motor_control.dir/Drivers/STM32C0xx_HAL_Driver/Src/stm32c0xx_hal.c.obj
                0x0000000020000a84                uwTick
 .bss.xQueueRegistry
                0x0000000020000a88       0x40 CMakeFiles/motor_control.dir/Middlewares/Third_Party/FreeRTOS/Source/queue.c.obj
                0x0000000020000a88                xQueueRegistry
 .bss.pxCurrentTCB
                0x0000000020000ac8        0x4 CMakeFiles/motor_control.dir/Middlewares/Third_Party/FreeRTOS/Source/tasks.c.obj
                0x0000000020000ac8                pxCurrentTCB
 .bss.pxReadyTasksLists
                0x0000000020000acc      0x460 CMakeFiles/motor_control.dir/Middlewares/Third_Party/FreeRTOS/Source/tasks.c.obj
 .bss.xDelayedTaskList1
                0x0000000020000f2c       0x14 CMakeFiles/motor_control.dir/Middlewares/Third_Party/FreeRTOS/Source/tasks.c.obj
 .bss.xDelayedTaskList2
                0x0000000020000f40       0x14 CMakeFiles/motor_control.dir/Middlewares/Third_Party/FreeRTOS/Source/tasks.c.obj
 .bss.pxDelayedTaskList
                0x0000000020000f54        0x4 CMakeFiles/motor_control.dir/Middlewares/Third_Party/FreeRTOS/Source/tasks.c.obj
 .bss.pxOverflowDelayedTaskList
                0x0000000020000f58        0x4 CMakeFiles/motor_control.dir/Middlewares/Third_Party/FreeRTOS/Source/tasks.c.obj
 .bss.xPendingReadyList
                0x0000000020000f5c       0x14 CMakeFiles/motor_control.dir/Middlewares/Third_Party/FreeRTOS/Source/tasks.c.obj
 .bss.xTasksWaitingTermination
                0x0000000020000f70       0x14 CMakeFiles/motor_control.dir/Middlewares/Third_Party/FreeRTOS/Source/tasks.c.obj
 .bss.uxDeletedTasksWaitingCleanUp
                0x0000000020000f84        0x4 CMakeFiles/motor_control.dir/Middlewares/Third_Party/FreeRTOS/Source/tasks.c.obj
 .bss.xSuspendedTaskList
                0x0000000020000f88       0x14 CMakeFiles/motor_control.dir/Middlewares/Third_Party/FreeRTOS/Source/tasks.c.obj
 .bss.uxCurrentNumberOfTasks
                0x0000000020000f9c        0x4 CMakeFiles/motor_control.dir/Middlewares/Third_Party/FreeRTOS/Source/tasks.c.obj
 .bss.xTickCount
                0x0000000020000fa0        0x4 CMakeFiles/motor_control.dir/Middlewares/Third_Party/FreeRTOS/Source/tasks.c.obj
 .bss.uxTopReadyPriority
                0x0000000020000fa4        0x4 CMakeFiles/motor_control.dir/Middlewares/Third_Party/FreeRTOS/Source/tasks.c.obj
 .bss.xSchedulerRunning
                0x0000000020000fa8        0x4 CMakeFiles/motor_control.dir/Middlewares/Third_Party/FreeRTOS/Source/tasks.c.obj
 .bss.xPendedTicks
                0x0000000020000fac        0x4 CMakeFiles/motor_control.dir/Middlewares/Third_Party/FreeRTOS/Source/tasks.c.obj
 .bss.xYieldPending
                0x0000000020000fb0        0x4 CMakeFiles/motor_control.dir/Middlewares/Third_Party/FreeRTOS/Source/tasks.c.obj
 .bss.xNumOfOverflows
                0x0000000020000fb4        0x4 CMakeFiles/motor_control.dir/Middlewares/Third_Party/FreeRTOS/Source/tasks.c.obj
 .bss.uxTaskNumber
                0x0000000020000fb8        0x4 CMakeFiles/motor_control.dir/Middlewares/Third_Party/FreeRTOS/Source/tasks.c.obj
 .bss.xNextTaskUnblockTime
                0x0000000020000fbc        0x4 CMakeFiles/motor_control.dir/Middlewares/Third_Party/FreeRTOS/Source/tasks.c.obj
 .bss.xIdleTaskHandle
                0x0000000020000fc0        0x4 CMakeFiles/motor_control.dir/Middlewares/Third_Party/FreeRTOS/Source/tasks.c.obj
 .bss.uxSchedulerSuspended
                0x0000000020000fc4        0x4 CMakeFiles/motor_control.dir/Middlewares/Third_Party/FreeRTOS/Source/tasks.c.obj
 .bss.xActiveTimerList1
                0x0000000020000fc8       0x14 CMakeFiles/motor_control.dir/Middlewares/Third_Party/FreeRTOS/Source/timers.c.obj
 .bss.xActiveTimerList2
                0x0000000020000fdc       0x14 CMakeFiles/motor_control.dir/Middlewares/Third_Party/FreeRTOS/Source/timers.c.obj
 .bss.pxCurrentTimerList
                0x0000000020000ff0        0x4 CMakeFiles/motor_control.dir/Middlewares/Third_Party/FreeRTOS/Source/timers.c.obj
 .bss.pxOverflowTimerList
                0x0000000020000ff4        0x4 CMakeFiles/motor_control.dir/Middlewares/Third_Party/FreeRTOS/Source/timers.c.obj
 .bss.xTimerQueue
                0x0000000020000ff8        0x4 CMakeFiles/motor_control.dir/Middlewares/Third_Party/FreeRTOS/Source/timers.c.obj
 .bss.xTimerTaskHandle
                0x0000000020000ffc        0x4 CMakeFiles/motor_control.dir/Middlewares/Third_Party/FreeRTOS/Source/timers.c.obj
 .bss.xLastTime.2
                0x0000000020001000        0x4 CMakeFiles/motor_control.dir/Middlewares/Third_Party/FreeRTOS/Source/timers.c.obj
 .bss.ucStaticTimerQueueStorage.1
                0x0000000020001004       0xa0 CMakeFiles/motor_control.dir/Middlewares/Third_Party/FreeRTOS/Source/timers.c.obj
 .bss.xStaticTimerQueue.0
                0x00000000200010a4       0x50 CMakeFiles/motor_control.dir/Middlewares/Third_Party/FreeRTOS/Source/timers.c.obj
 .bss.KernelState
                0x00000000200010f4        0x4 CMakeFiles/motor_control.dir/Middlewares/Third_Party/FreeRTOS/Source/CMSIS_RTOS_V2/cmsis_os2.c.obj
 .bss.Idle_TCB.3
                0x00000000200010f8       0x5c CMakeFiles/motor_control.dir/Middlewares/Third_Party/FreeRTOS/Source/CMSIS_RTOS_V2/cmsis_os2.c.obj
 .bss.Idle_Stack.2
                0x0000000020001154      0x200 CMakeFiles/motor_control.dir/Middlewares/Third_Party/FreeRTOS/Source/CMSIS_RTOS_V2/cmsis_os2.c.obj
 .bss.Timer_TCB.1
                0x0000000020001354       0x5c CMakeFiles/motor_control.dir/Middlewares/Third_Party/FreeRTOS/Source/CMSIS_RTOS_V2/cmsis_os2.c.obj
 .bss.Timer_Stack.0
                0x00000000200013b0      0x200 CMakeFiles/motor_control.dir/Middlewares/Third_Party/FreeRTOS/Source/CMSIS_RTOS_V2/cmsis_os2.c.obj
 .bss.ucHeap    0x00000000200015b0     0x1000 CMakeFiles/motor_control.dir/Middlewares/Third_Party/FreeRTOS/Source/portable/MemMang/heap_4.c.obj
 .bss.xStart    0x00000000200025b0        0x8 CMakeFiles/motor_control.dir/Middlewares/Third_Party/FreeRTOS/Source/portable/MemMang/heap_4.c.obj
 .bss.pxEnd     0x00000000200025b8        0x4 CMakeFiles/motor_control.dir/Middlewares/Third_Party/FreeRTOS/Source/portable/MemMang/heap_4.c.obj
 .bss.xFreeBytesRemaining
                0x00000000200025bc        0x4 CMakeFiles/motor_control.dir/Middlewares/Third_Party/FreeRTOS/Source/portable/MemMang/heap_4.c.obj
 .bss.xMinimumEverFreeBytesRemaining
                0x00000000200025c0        0x4 CMakeFiles/motor_control.dir/Middlewares/Third_Party/FreeRTOS/Source/portable/MemMang/heap_4.c.obj
 .bss.xNumberOfSuccessfulAllocations
                0x00000000200025c4        0x4 CMakeFiles/motor_control.dir/Middlewares/Third_Party/FreeRTOS/Source/portable/MemMang/heap_4.c.obj
 .bss.xNumberOfSuccessfulFrees
                0x00000000200025c8        0x4 CMakeFiles/motor_control.dir/Middlewares/Third_Party/FreeRTOS/Source/portable/MemMang/heap_4.c.obj
 *(COMMON)
                0x00000000200025cc                . = ALIGN (0x4)
                0x00000000200025cc                _ebss = .
                0x00000000200025cc                __bss_end__ = _ebss

._user_heap_stack
                0x00000000200025cc      0x604 load address 0x0000000008006190
                0x00000000200025d0                . = ALIGN (0x8)
 *fill*         0x00000000200025cc        0x4 
                [!provide]                        PROVIDE (end = .)
                0x00000000200025d0                PROVIDE (_end = .)
                0x00000000200027d0                . = (. + _Min_Heap_Size)
 *fill*         0x00000000200025d0      0x200 
                0x0000000020002bd0                . = (. + _Min_Stack_Size)
 *fill*         0x00000000200027d0      0x400 
                0x0000000020002bd0                . = ALIGN (0x8)

/DISCARD/
 libc.a(*)
 libm.a(*)
 libgcc.a(*)

.ARM.attributes
                0x0000000000000000       0x28
 *(.ARM.attributes)
 .ARM.attributes
                0x0000000000000000       0x1e /usr/local/bin/../lib/gcc/arm-none-eabi/10.3.1/thumb/v6-m/nofp/crti.o
 .ARM.attributes
                0x000000000000001e       0x2c /usr/local/bin/../lib/gcc/arm-none-eabi/10.3.1/thumb/v6-m/nofp/crtbegin.o
 .ARM.attributes
                0x000000000000004a       0x2c /usr/local/bin/../lib/gcc/arm-none-eabi/10.3.1/../../../../arm-none-eabi/lib/thumb/v6-m/nofp/libc_nano.a(lib_a-init.o)
 .ARM.attributes
                0x0000000000000076       0x2c /usr/local/bin/../lib/gcc/arm-none-eabi/10.3.1/../../../../arm-none-eabi/lib/thumb/v6-m/nofp/libc_nano.a(lib_a-memset.o)
 .ARM.attributes
                0x00000000000000a2       0x2c CMakeFiles/motor_control.dir/Core/Src/main.c.obj
 .ARM.attributes
                0x00000000000000ce       0x2c CMakeFiles/motor_control.dir/Core/Src/app_freertos.c.obj
 .ARM.attributes
                0x00000000000000fa       0x2c CMakeFiles/motor_control.dir/Core/Src/stm32c0xx_it.c.obj
 .ARM.attributes
                0x0000000000000126       0x2c CMakeFiles/motor_control.dir/Core/Src/stm32c0xx_hal_msp.c.obj
 .ARM.attributes
                0x0000000000000152       0x2c CMakeFiles/motor_control.dir/Core/Src/stm32c0xx_hal_timebase_tim.c.obj
 .ARM.attributes
                0x000000000000017e       0x2c CMakeFiles/motor_control.dir/Drivers/BSP/STM32C0xx_Nucleo/stm32c0xx_nucleo.c.obj
 .ARM.attributes
                0x00000000000001aa       0x2c CMakeFiles/motor_control.dir/Drivers/STM32C0xx_HAL_Driver/Src/stm32c0xx_hal.c.obj
 .ARM.attributes
                0x00000000000001d6       0x2c CMakeFiles/motor_control.dir/Drivers/STM32C0xx_HAL_Driver/Src/stm32c0xx_hal_cortex.c.obj
 .ARM.attributes
                0x0000000000000202       0x2c CMakeFiles/motor_control.dir/Drivers/STM32C0xx_HAL_Driver/Src/stm32c0xx_hal_rcc.c.obj
 .ARM.attributes
                0x000000000000022e       0x2c CMakeFiles/motor_control.dir/Drivers/STM32C0xx_HAL_Driver/Src/stm32c0xx_hal_rcc_ex.c.obj
 .ARM.attributes
                0x000000000000025a       0x2c CMakeFiles/motor_control.dir/Drivers/STM32C0xx_HAL_Driver/Src/stm32c0xx_hal_gpio.c.obj
 .ARM.attributes
                0x0000000000000286       0x2c CMakeFiles/motor_control.dir/Drivers/STM32C0xx_HAL_Driver/Src/stm32c0xx_hal_exti.c.obj
 .ARM.attributes
                0x00000000000002b2       0x2c CMakeFiles/motor_control.dir/Drivers/STM32C0xx_HAL_Driver/Src/stm32c0xx_hal_tim.c.obj
 .ARM.attributes
                0x00000000000002de       0x2c CMakeFiles/motor_control.dir/Drivers/STM32C0xx_HAL_Driver/Src/stm32c0xx_hal_tim_ex.c.obj
 .ARM.attributes
                0x000000000000030a       0x2c CMakeFiles/motor_control.dir/Drivers/STM32C0xx_HAL_Driver/Src/stm32c0xx_hal_uart.c.obj
 .ARM.attributes
                0x0000000000000336       0x2c CMakeFiles/motor_control.dir/Drivers/STM32C0xx_HAL_Driver/Src/stm32c0xx_hal_uart_ex.c.obj
 .ARM.attributes
                0x0000000000000362       0x2c CMakeFiles/motor_control.dir/Core/Src/system_stm32c0xx.c.obj
 .ARM.attributes
                0x000000000000038e       0x2c CMakeFiles/motor_control.dir/Middlewares/Third_Party/FreeRTOS/Source/list.c.obj
 .ARM.attributes
                0x00000000000003ba       0x2c CMakeFiles/motor_control.dir/Middlewares/Third_Party/FreeRTOS/Source/queue.c.obj
 .ARM.attributes
                0x00000000000003e6       0x2c CMakeFiles/motor_control.dir/Middlewares/Third_Party/FreeRTOS/Source/tasks.c.obj
 .ARM.attributes
                0x0000000000000412       0x2c CMakeFiles/motor_control.dir/Middlewares/Third_Party/FreeRTOS/Source/timers.c.obj
 .ARM.attributes
                0x000000000000043e       0x2c CMakeFiles/motor_control.dir/Middlewares/Third_Party/FreeRTOS/Source/CMSIS_RTOS_V2/cmsis_os2.c.obj
 .ARM.attributes
                0x000000000000046a       0x2c CMakeFiles/motor_control.dir/Middlewares/Third_Party/FreeRTOS/Source/portable/GCC/ARM_CM0/port.c.obj
 .ARM.attributes
                0x0000000000000496       0x2c CMakeFiles/motor_control.dir/Middlewares/Third_Party/FreeRTOS/Source/portable/MemMang/heap_4.c.obj
 .ARM.attributes
                0x00000000000004c2       0x22 CMakeFiles/motor_control.dir/startup_stm32c031xx.s.obj
 .ARM.attributes
                0x00000000000004e4       0x1e /usr/local/bin/../lib/gcc/arm-none-eabi/10.3.1/thumb/v6-m/nofp/libgcc.a(_udivsi3.o)
 .ARM.attributes
                0x0000000000000502       0x1e /usr/local/bin/../lib/gcc/arm-none-eabi/10.3.1/thumb/v6-m/nofp/libgcc.a(_divsi3.o)
 .ARM.attributes
                0x0000000000000520       0x1e /usr/local/bin/../lib/gcc/arm-none-eabi/10.3.1/thumb/v6-m/nofp/libgcc.a(_dvmd_tls.o)
 .ARM.attributes
                0x000000000000053e       0x2c /usr/local/bin/../lib/gcc/arm-none-eabi/10.3.1/../../../../arm-none-eabi/lib/thumb/v6-m/nofp/libg_nano.a(lib_a-memcpy-stub.o)
 .ARM.attributes
                0x000000000000056a       0x1e /usr/local/bin/../lib/gcc/arm-none-eabi/10.3.1/thumb/v6-m/nofp/crtn.o
OUTPUT(motor_control.elf elf32-littlearm)
LOAD linker stubs
LOAD /usr/local/bin/../lib/gcc/arm-none-eabi/10.3.1/../../../../arm-none-eabi/lib/thumb/v6-m/nofp/libc.a
LOAD /usr/local/bin/../lib/gcc/arm-none-eabi/10.3.1/../../../../arm-none-eabi/lib/thumb/v6-m/nofp/libm.a
LOAD /usr/local/bin/../lib/gcc/arm-none-eabi/10.3.1/thumb/v6-m/nofp/libgcc.a

.debug_frame    0x0000000000000000     0x5158
 .debug_frame   0x0000000000000000       0x2c /usr/local/bin/../lib/gcc/arm-none-eabi/10.3.1/../../../../arm-none-eabi/lib/thumb/v6-m/nofp/libc_nano.a(lib_a-init.o)
 .debug_frame   0x000000000000002c       0x20 /usr/local/bin/../lib/gcc/arm-none-eabi/10.3.1/../../../../arm-none-eabi/lib/thumb/v6-m/nofp/libc_nano.a(lib_a-memset.o)
 .debug_frame   0x000000000000004c       0xe4 CMakeFiles/motor_control.dir/Core/Src/main.c.obj
 .debug_frame   0x0000000000000130       0x4c CMakeFiles/motor_control.dir/Core/Src/app_freertos.c.obj
 .debug_frame   0x000000000000017c       0x80 CMakeFiles/motor_control.dir/Core/Src/stm32c0xx_it.c.obj
 .debug_frame   0x00000000000001fc       0xd0 CMakeFiles/motor_control.dir/Core/Src/stm32c0xx_hal_msp.c.obj
 .debug_frame   0x00000000000002cc       0x68 CMakeFiles/motor_control.dir/Core/Src/stm32c0xx_hal_timebase_tim.c.obj
 .debug_frame   0x0000000000000334      0x2c0 CMakeFiles/motor_control.dir/Drivers/BSP/STM32C0xx_Nucleo/stm32c0xx_nucleo.c.obj
 .debug_frame   0x00000000000005f4      0x368 CMakeFiles/motor_control.dir/Drivers/STM32C0xx_HAL_Driver/Src/stm32c0xx_hal.c.obj
 .debug_frame   0x000000000000095c      0x33c CMakeFiles/motor_control.dir/Drivers/STM32C0xx_HAL_Driver/Src/stm32c0xx_hal_cortex.c.obj
 .debug_frame   0x0000000000000c98      0x214 CMakeFiles/motor_control.dir/Drivers/STM32C0xx_HAL_Driver/Src/stm32c0xx_hal_rcc.c.obj
 .debug_frame   0x0000000000000eac       0xac CMakeFiles/motor_control.dir/Drivers/STM32C0xx_HAL_Driver/Src/stm32c0xx_hal_rcc_ex.c.obj
 .debug_frame   0x0000000000000f58      0x150 CMakeFiles/motor_control.dir/Drivers/STM32C0xx_HAL_Driver/Src/stm32c0xx_hal_gpio.c.obj
 .debug_frame   0x00000000000010a8      0x130 CMakeFiles/motor_control.dir/Drivers/STM32C0xx_HAL_Driver/Src/stm32c0xx_hal_exti.c.obj
 .debug_frame   0x00000000000011d8      0xf40 CMakeFiles/motor_control.dir/Drivers/STM32C0xx_HAL_Driver/Src/stm32c0xx_hal_tim.c.obj
 .debug_frame   0x0000000000002118      0x620 CMakeFiles/motor_control.dir/Drivers/STM32C0xx_HAL_Driver/Src/stm32c0xx_hal_tim_ex.c.obj
 .debug_frame   0x0000000000002738      0x8d4 CMakeFiles/motor_control.dir/Drivers/STM32C0xx_HAL_Driver/Src/stm32c0xx_hal_uart.c.obj
 .debug_frame   0x000000000000300c      0x258 CMakeFiles/motor_control.dir/Drivers/STM32C0xx_HAL_Driver/Src/stm32c0xx_hal_uart_ex.c.obj
 .debug_frame   0x0000000000003264       0x4c CMakeFiles/motor_control.dir/Core/Src/system_stm32c0xx.c.obj
 .debug_frame   0x00000000000032b0       0xb0 CMakeFiles/motor_control.dir/Middlewares/Third_Party/FreeRTOS/Source/list.c.obj
 .debug_frame   0x0000000000003360      0x518 CMakeFiles/motor_control.dir/Middlewares/Third_Party/FreeRTOS/Source/queue.c.obj
 .debug_frame   0x0000000000003878      0x7b8 CMakeFiles/motor_control.dir/Middlewares/Third_Party/FreeRTOS/Source/tasks.c.obj
 .debug_frame   0x0000000000004030      0x3ac CMakeFiles/motor_control.dir/Middlewares/Third_Party/FreeRTOS/Source/timers.c.obj
 .debug_frame   0x00000000000043dc      0xa7c CMakeFiles/motor_control.dir/Middlewares/Third_Party/FreeRTOS/Source/CMSIS_RTOS_V2/cmsis_os2.c.obj
 .debug_frame   0x0000000000004e58      0x174 CMakeFiles/motor_control.dir/Middlewares/Third_Party/FreeRTOS/Source/portable/GCC/ARM_CM0/port.c.obj
 .debug_frame   0x0000000000004fcc      0x124 CMakeFiles/motor_control.dir/Middlewares/Third_Party/FreeRTOS/Source/portable/MemMang/heap_4.c.obj
 .debug_frame   0x00000000000050f0       0x20 /usr/local/bin/../lib/gcc/arm-none-eabi/10.3.1/thumb/v6-m/nofp/libgcc.a(_udivsi3.o)
 .debug_frame   0x0000000000005110       0x20 /usr/local/bin/../lib/gcc/arm-none-eabi/10.3.1/thumb/v6-m/nofp/libgcc.a(_divsi3.o)
 .debug_frame   0x0000000000005130       0x28 /usr/local/bin/../lib/gcc/arm-none-eabi/10.3.1/../../../../arm-none-eabi/lib/thumb/v6-m/nofp/libg_nano.a(lib_a-memcpy-stub.o)

.debug_info     0x0000000000000000    0x19970
 .debug_info    0x0000000000000000     0x1308 CMakeFiles/motor_control.dir/Core/Src/main.c.obj
 .debug_info    0x0000000000001308      0x4bc CMakeFiles/motor_control.dir/Core/Src/app_freertos.c.obj
 .debug_info    0x00000000000017c4      0x7c5 CMakeFiles/motor_control.dir/Core/Src/stm32c0xx_it.c.obj
 .debug_info    0x0000000000001f89     0x109e CMakeFiles/motor_control.dir/Core/Src/stm32c0xx_hal_msp.c.obj
 .debug_info    0x0000000000003027      0xab2 CMakeFiles/motor_control.dir/Core/Src/stm32c0xx_hal_timebase_tim.c.obj
 .debug_info    0x0000000000003ad9     0x143b CMakeFiles/motor_control.dir/Drivers/BSP/STM32C0xx_Nucleo/stm32c0xx_nucleo.c.obj
 .debug_info    0x0000000000004f14      0x832 CMakeFiles/motor_control.dir/Drivers/STM32C0xx_HAL_Driver/Src/stm32c0xx_hal.c.obj
 .debug_info    0x0000000000005746      0x8f7 CMakeFiles/motor_control.dir/Drivers/STM32C0xx_HAL_Driver/Src/stm32c0xx_hal_cortex.c.obj
 .debug_info    0x000000000000603d      0x910 CMakeFiles/motor_control.dir/Drivers/STM32C0xx_HAL_Driver/Src/stm32c0xx_hal_rcc.c.obj
 .debug_info    0x000000000000694d      0x570 CMakeFiles/motor_control.dir/Drivers/STM32C0xx_HAL_Driver/Src/stm32c0xx_hal_rcc_ex.c.obj
 .debug_info    0x0000000000006ebd      0x5fb CMakeFiles/motor_control.dir/Drivers/STM32C0xx_HAL_Driver/Src/stm32c0xx_hal_gpio.c.obj
 .debug_info    0x00000000000074b8      0x685 CMakeFiles/motor_control.dir/Drivers/STM32C0xx_HAL_Driver/Src/stm32c0xx_hal_exti.c.obj
 .debug_info    0x0000000000007b3d     0x2d5a CMakeFiles/motor_control.dir/Drivers/STM32C0xx_HAL_Driver/Src/stm32c0xx_hal_tim.c.obj
 .debug_info    0x000000000000a897     0x1894 CMakeFiles/motor_control.dir/Drivers/STM32C0xx_HAL_Driver/Src/stm32c0xx_hal_tim_ex.c.obj
 .debug_info    0x000000000000c12b     0x4a23 CMakeFiles/motor_control.dir/Drivers/STM32C0xx_HAL_Driver/Src/stm32c0xx_hal_uart.c.obj
 .debug_info    0x0000000000010b4e      0xf3b CMakeFiles/motor_control.dir/Drivers/STM32C0xx_HAL_Driver/Src/stm32c0xx_hal_uart_ex.c.obj
 .debug_info    0x0000000000011a89      0x380 CMakeFiles/motor_control.dir/Core/Src/system_stm32c0xx.c.obj
 .debug_info    0x0000000000011e09      0x2d1 CMakeFiles/motor_control.dir/Middlewares/Third_Party/FreeRTOS/Source/list.c.obj
 .debug_info    0x00000000000120da     0x150f CMakeFiles/motor_control.dir/Middlewares/Third_Party/FreeRTOS/Source/queue.c.obj
 .debug_info    0x00000000000135e9     0x201e CMakeFiles/motor_control.dir/Middlewares/Third_Party/FreeRTOS/Source/tasks.c.obj
 .debug_info    0x0000000000015607     0x115b CMakeFiles/motor_control.dir/Middlewares/Third_Party/FreeRTOS/Source/timers.c.obj
 .debug_info    0x0000000000016762     0x2ae7 CMakeFiles/motor_control.dir/Middlewares/Third_Party/FreeRTOS/Source/CMSIS_RTOS_V2/cmsis_os2.c.obj
 .debug_info    0x0000000000019249      0x28a CMakeFiles/motor_control.dir/Middlewares/Third_Party/FreeRTOS/Source/portable/GCC/ARM_CM0/port.c.obj
 .debug_info    0x00000000000194d3      0x47b CMakeFiles/motor_control.dir/Middlewares/Third_Party/FreeRTOS/Source/portable/MemMang/heap_4.c.obj
 .debug_info    0x000000000001994e       0x22 CMakeFiles/motor_control.dir/startup_stm32c031xx.s.obj

.debug_abbrev   0x0000000000000000     0x32f6
 .debug_abbrev  0x0000000000000000      0x277 CMakeFiles/motor_control.dir/Core/Src/main.c.obj
 .debug_abbrev  0x0000000000000277      0x169 CMakeFiles/motor_control.dir/Core/Src/app_freertos.c.obj
 .debug_abbrev  0x00000000000003e0      0x16d CMakeFiles/motor_control.dir/Core/Src/stm32c0xx_it.c.obj
 .debug_abbrev  0x000000000000054d      0x1be CMakeFiles/motor_control.dir/Core/Src/stm32c0xx_hal_msp.c.obj
 .debug_abbrev  0x000000000000070b      0x1b6 CMakeFiles/motor_control.dir/Core/Src/stm32c0xx_hal_timebase_tim.c.obj
 .debug_abbrev  0x00000000000008c1      0x2d0 CMakeFiles/motor_control.dir/Drivers/BSP/STM32C0xx_Nucleo/stm32c0xx_nucleo.c.obj
 .debug_abbrev  0x0000000000000b91      0x28e CMakeFiles/motor_control.dir/Drivers/STM32C0xx_HAL_Driver/Src/stm32c0xx_hal.c.obj
 .debug_abbrev  0x0000000000000e1f      0x2ac CMakeFiles/motor_control.dir/Drivers/STM32C0xx_HAL_Driver/Src/stm32c0xx_hal_cortex.c.obj
 .debug_abbrev  0x00000000000010cb      0x239 CMakeFiles/motor_control.dir/Drivers/STM32C0xx_HAL_Driver/Src/stm32c0xx_hal_rcc.c.obj
 .debug_abbrev  0x0000000000001304      0x1e7 CMakeFiles/motor_control.dir/Drivers/STM32C0xx_HAL_Driver/Src/stm32c0xx_hal_rcc_ex.c.obj
 .debug_abbrev  0x00000000000014eb      0x1ca CMakeFiles/motor_control.dir/Drivers/STM32C0xx_HAL_Driver/Src/stm32c0xx_hal_gpio.c.obj
 .debug_abbrev  0x00000000000016b5      0x15e CMakeFiles/motor_control.dir/Drivers/STM32C0xx_HAL_Driver/Src/stm32c0xx_hal_exti.c.obj
 .debug_abbrev  0x0000000000001813      0x249 CMakeFiles/motor_control.dir/Drivers/STM32C0xx_HAL_Driver/Src/stm32c0xx_hal_tim.c.obj
 .debug_abbrev  0x0000000000001a5c      0x251 CMakeFiles/motor_control.dir/Drivers/STM32C0xx_HAL_Driver/Src/stm32c0xx_hal_tim_ex.c.obj
 .debug_abbrev  0x0000000000001cad      0x2be CMakeFiles/motor_control.dir/Drivers/STM32C0xx_HAL_Driver/Src/stm32c0xx_hal_uart.c.obj
 .debug_abbrev  0x0000000000001f6b      0x294 CMakeFiles/motor_control.dir/Drivers/STM32C0xx_HAL_Driver/Src/stm32c0xx_hal_uart_ex.c.obj
 .debug_abbrev  0x00000000000021ff      0x116 CMakeFiles/motor_control.dir/Core/Src/system_stm32c0xx.c.obj
 .debug_abbrev  0x0000000000002315       0xf2 CMakeFiles/motor_control.dir/Middlewares/Third_Party/FreeRTOS/Source/list.c.obj
 .debug_abbrev  0x0000000000002407      0x267 CMakeFiles/motor_control.dir/Middlewares/Third_Party/FreeRTOS/Source/queue.c.obj
 .debug_abbrev  0x000000000000266e      0x28f CMakeFiles/motor_control.dir/Middlewares/Third_Party/FreeRTOS/Source/tasks.c.obj
 .debug_abbrev  0x00000000000028fd      0x272 CMakeFiles/motor_control.dir/Middlewares/Third_Party/FreeRTOS/Source/timers.c.obj
 .debug_abbrev  0x0000000000002b6f      0x41c CMakeFiles/motor_control.dir/Middlewares/Third_Party/FreeRTOS/Source/CMSIS_RTOS_V2/cmsis_os2.c.obj
 .debug_abbrev  0x0000000000002f8b      0x1c6 CMakeFiles/motor_control.dir/Middlewares/Third_Party/FreeRTOS/Source/portable/GCC/ARM_CM0/port.c.obj
 .debug_abbrev  0x0000000000003151      0x193 CMakeFiles/motor_control.dir/Middlewares/Third_Party/FreeRTOS/Source/portable/MemMang/heap_4.c.obj
 .debug_abbrev  0x00000000000032e4       0x12 CMakeFiles/motor_control.dir/startup_stm32c031xx.s.obj

.debug_aranges  0x0000000000000000     0x1678
 .debug_aranges
                0x0000000000000000       0x50 CMakeFiles/motor_control.dir/Core/Src/main.c.obj
 .debug_aranges
                0x0000000000000050       0x28 CMakeFiles/motor_control.dir/Core/Src/app_freertos.c.obj
 .debug_aranges
                0x0000000000000078       0x38 CMakeFiles/motor_control.dir/Core/Src/stm32c0xx_it.c.obj
 .debug_aranges
                0x00000000000000b0       0x48 CMakeFiles/motor_control.dir/Core/Src/stm32c0xx_hal_msp.c.obj
 .debug_aranges
                0x00000000000000f8       0x30 CMakeFiles/motor_control.dir/Core/Src/stm32c0xx_hal_timebase_tim.c.obj
 .debug_aranges
                0x0000000000000128       0xc8 CMakeFiles/motor_control.dir/Drivers/BSP/STM32C0xx_Nucleo/stm32c0xx_nucleo.c.obj
 .debug_aranges
                0x00000000000001f0      0x100 CMakeFiles/motor_control.dir/Drivers/STM32C0xx_HAL_Driver/Src/stm32c0xx_hal.c.obj
 .debug_aranges
                0x00000000000002f0       0xe8 CMakeFiles/motor_control.dir/Drivers/STM32C0xx_HAL_Driver/Src/stm32c0xx_hal_cortex.c.obj
 .debug_aranges
                0x00000000000003d8       0xa0 CMakeFiles/motor_control.dir/Drivers/STM32C0xx_HAL_Driver/Src/stm32c0xx_hal_rcc.c.obj
 .debug_aranges
                0x0000000000000478       0x40 CMakeFiles/motor_control.dir/Drivers/STM32C0xx_HAL_Driver/Src/stm32c0xx_hal_rcc_ex.c.obj
 .debug_aranges
                0x00000000000004b8       0x68 CMakeFiles/motor_control.dir/Drivers/STM32C0xx_HAL_Driver/Src/stm32c0xx_hal_gpio.c.obj
 .debug_aranges
                0x0000000000000520       0x60 CMakeFiles/motor_control.dir/Drivers/STM32C0xx_HAL_Driver/Src/stm32c0xx_hal_exti.c.obj
 .debug_aranges
                0x0000000000000580      0x3e0 CMakeFiles/motor_control.dir/Drivers/STM32C0xx_HAL_Driver/Src/stm32c0xx_hal_tim.c.obj
 .debug_aranges
                0x0000000000000960      0x198 CMakeFiles/motor_control.dir/Drivers/STM32C0xx_HAL_Driver/Src/stm32c0xx_hal_tim_ex.c.obj
 .debug_aranges
                0x0000000000000af8      0x248 CMakeFiles/motor_control.dir/Drivers/STM32C0xx_HAL_Driver/Src/stm32c0xx_hal_uart.c.obj
 .debug_aranges
                0x0000000000000d40       0xa8 CMakeFiles/motor_control.dir/Drivers/STM32C0xx_HAL_Driver/Src/stm32c0xx_hal_uart_ex.c.obj
 .debug_aranges
                0x0000000000000de8       0x28 CMakeFiles/motor_control.dir/Core/Src/system_stm32c0xx.c.obj
 .debug_aranges
                0x0000000000000e10       0x40 CMakeFiles/motor_control.dir/Middlewares/Third_Party/FreeRTOS/Source/list.c.obj
 .debug_aranges
                0x0000000000000e50      0x158 CMakeFiles/motor_control.dir/Middlewares/Third_Party/FreeRTOS/Source/queue.c.obj
 .debug_aranges
                0x0000000000000fa8      0x208 CMakeFiles/motor_control.dir/Middlewares/Third_Party/FreeRTOS/Source/tasks.c.obj
 .debug_aranges
                0x00000000000011b0      0x100 CMakeFiles/motor_control.dir/Middlewares/Third_Party/FreeRTOS/Source/timers.c.obj
 .debug_aranges
                0x00000000000012b0      0x2b8 CMakeFiles/motor_control.dir/Middlewares/Third_Party/FreeRTOS/Source/CMSIS_RTOS_V2/cmsis_os2.c.obj
 .debug_aranges
                0x0000000000001568       0x88 CMakeFiles/motor_control.dir/Middlewares/Third_Party/FreeRTOS/Source/portable/GCC/ARM_CM0/port.c.obj
 .debug_aranges
                0x00000000000015f0       0x60 CMakeFiles/motor_control.dir/Middlewares/Third_Party/FreeRTOS/Source/portable/MemMang/heap_4.c.obj
 .debug_aranges
                0x0000000000001650       0x28 CMakeFiles/motor_control.dir/startup_stm32c031xx.s.obj

.debug_ranges   0x0000000000000000     0x1520
 .debug_ranges  0x0000000000000000       0x40 CMakeFiles/motor_control.dir/Core/Src/main.c.obj
 .debug_ranges  0x0000000000000040       0x18 CMakeFiles/motor_control.dir/Core/Src/app_freertos.c.obj
 .debug_ranges  0x0000000000000058       0x28 CMakeFiles/motor_control.dir/Core/Src/stm32c0xx_it.c.obj
 .debug_ranges  0x0000000000000080       0x38 CMakeFiles/motor_control.dir/Core/Src/stm32c0xx_hal_msp.c.obj
 .debug_ranges  0x00000000000000b8       0x20 CMakeFiles/motor_control.dir/Core/Src/stm32c0xx_hal_timebase_tim.c.obj
 .debug_ranges  0x00000000000000d8       0xb8 CMakeFiles/motor_control.dir/Drivers/BSP/STM32C0xx_Nucleo/stm32c0xx_nucleo.c.obj
 .debug_ranges  0x0000000000000190       0xf0 CMakeFiles/motor_control.dir/Drivers/STM32C0xx_HAL_Driver/Src/stm32c0xx_hal.c.obj
 .debug_ranges  0x0000000000000280       0xd8 CMakeFiles/motor_control.dir/Drivers/STM32C0xx_HAL_Driver/Src/stm32c0xx_hal_cortex.c.obj
 .debug_ranges  0x0000000000000358       0x90 CMakeFiles/motor_control.dir/Drivers/STM32C0xx_HAL_Driver/Src/stm32c0xx_hal_rcc.c.obj
 .debug_ranges  0x00000000000003e8       0x30 CMakeFiles/motor_control.dir/Drivers/STM32C0xx_HAL_Driver/Src/stm32c0xx_hal_rcc_ex.c.obj
 .debug_ranges  0x0000000000000418       0x58 CMakeFiles/motor_control.dir/Drivers/STM32C0xx_HAL_Driver/Src/stm32c0xx_hal_gpio.c.obj
 .debug_ranges  0x0000000000000470       0x50 CMakeFiles/motor_control.dir/Drivers/STM32C0xx_HAL_Driver/Src/stm32c0xx_hal_exti.c.obj
 .debug_ranges  0x00000000000004c0      0x3d0 CMakeFiles/motor_control.dir/Drivers/STM32C0xx_HAL_Driver/Src/stm32c0xx_hal_tim.c.obj
 .debug_ranges  0x0000000000000890      0x188 CMakeFiles/motor_control.dir/Drivers/STM32C0xx_HAL_Driver/Src/stm32c0xx_hal_tim_ex.c.obj
 .debug_ranges  0x0000000000000a18      0x268 CMakeFiles/motor_control.dir/Drivers/STM32C0xx_HAL_Driver/Src/stm32c0xx_hal_uart.c.obj
 .debug_ranges  0x0000000000000c80       0x98 CMakeFiles/motor_control.dir/Drivers/STM32C0xx_HAL_Driver/Src/stm32c0xx_hal_uart_ex.c.obj
 .debug_ranges  0x0000000000000d18       0x18 CMakeFiles/motor_control.dir/Core/Src/system_stm32c0xx.c.obj
 .debug_ranges  0x0000000000000d30       0x30 CMakeFiles/motor_control.dir/Middlewares/Third_Party/FreeRTOS/Source/list.c.obj
 .debug_ranges  0x0000000000000d60      0x148 CMakeFiles/motor_control.dir/Middlewares/Third_Party/FreeRTOS/Source/queue.c.obj
 .debug_ranges  0x0000000000000ea8      0x1f8 CMakeFiles/motor_control.dir/Middlewares/Third_Party/FreeRTOS/Source/tasks.c.obj
 .debug_ranges  0x00000000000010a0       0xf0 CMakeFiles/motor_control.dir/Middlewares/Third_Party/FreeRTOS/Source/timers.c.obj
 .debug_ranges  0x0000000000001190      0x2a8 CMakeFiles/motor_control.dir/Middlewares/Third_Party/FreeRTOS/Source/CMSIS_RTOS_V2/cmsis_os2.c.obj
 .debug_ranges  0x0000000000001438       0x78 CMakeFiles/motor_control.dir/Middlewares/Third_Party/FreeRTOS/Source/portable/GCC/ARM_CM0/port.c.obj
 .debug_ranges  0x00000000000014b0       0x50 CMakeFiles/motor_control.dir/Middlewares/Third_Party/FreeRTOS/Source/portable/MemMang/heap_4.c.obj
 .debug_ranges  0x0000000000001500       0x20 CMakeFiles/motor_control.dir/startup_stm32c031xx.s.obj

.debug_macro    0x0000000000000000    0x16c93
 .debug_macro   0x0000000000000000      0x363 CMakeFiles/motor_control.dir/Core/Src/main.c.obj
 .debug_macro   0x0000000000000363      0xa54 CMakeFiles/motor_control.dir/Core/Src/main.c.obj
 .debug_macro   0x0000000000000db7       0x2e CMakeFiles/motor_control.dir/Core/Src/main.c.obj
 .debug_macro   0x0000000000000de5       0x28 CMakeFiles/motor_control.dir/Core/Src/main.c.obj
 .debug_macro   0x0000000000000e0d       0x22 CMakeFiles/motor_control.dir/Core/Src/main.c.obj
 .debug_macro   0x0000000000000e2f       0x8e CMakeFiles/motor_control.dir/Core/Src/main.c.obj
 .debug_macro   0x0000000000000ebd       0x51 CMakeFiles/motor_control.dir/Core/Src/main.c.obj
 .debug_macro   0x0000000000000f0e      0x103 CMakeFiles/motor_control.dir/Core/Src/main.c.obj
 .debug_macro   0x0000000000001011       0x6a CMakeFiles/motor_control.dir/Core/Src/main.c.obj
 .debug_macro   0x000000000000107b      0x1df CMakeFiles/motor_control.dir/Core/Src/main.c.obj
 .debug_macro   0x000000000000125a       0x1c CMakeFiles/motor_control.dir/Core/Src/main.c.obj
 .debug_macro   0x0000000000001276       0x22 CMakeFiles/motor_control.dir/Core/Src/main.c.obj
 .debug_macro   0x0000000000001298       0xd1 CMakeFiles/motor_control.dir/Core/Src/main.c.obj
 .debug_macro   0x0000000000001369      0x4da CMakeFiles/motor_control.dir/Core/Src/main.c.obj
 .debug_macro   0x0000000000001843      0x11f CMakeFiles/motor_control.dir/Core/Src/main.c.obj
 .debug_macro   0x0000000000001962     0x93f2 CMakeFiles/motor_control.dir/Core/Src/main.c.obj
 .debug_macro   0x000000000000ad54       0x6c CMakeFiles/motor_control.dir/Core/Src/main.c.obj
 .debug_macro   0x000000000000adc0      0x175 CMakeFiles/motor_control.dir/Core/Src/main.c.obj
 .debug_macro   0x000000000000af35       0xe9 CMakeFiles/motor_control.dir/Core/Src/main.c.obj
 .debug_macro   0x000000000000b01e     0x3440 CMakeFiles/motor_control.dir/Core/Src/main.c.obj
 .debug_macro   0x000000000000e45e      0x174 CMakeFiles/motor_control.dir/Core/Src/main.c.obj
 .debug_macro   0x000000000000e5d2       0x5b CMakeFiles/motor_control.dir/Core/Src/main.c.obj
 .debug_macro   0x000000000000e62d      0x397 CMakeFiles/motor_control.dir/Core/Src/main.c.obj
 .debug_macro   0x000000000000e9c4      0xb78 CMakeFiles/motor_control.dir/Core/Src/main.c.obj
 .debug_macro   0x000000000000f53c      0x145 CMakeFiles/motor_control.dir/Core/Src/main.c.obj
 .debug_macro   0x000000000000f681      0x15f CMakeFiles/motor_control.dir/Core/Src/main.c.obj
 .debug_macro   0x000000000000f7e0      0x198 CMakeFiles/motor_control.dir/Core/Src/main.c.obj
 .debug_macro   0x000000000000f978      0x264 CMakeFiles/motor_control.dir/Core/Src/main.c.obj
 .debug_macro   0x000000000000fbdc      0x17e CMakeFiles/motor_control.dir/Core/Src/main.c.obj
 .debug_macro   0x000000000000fd5a       0x43 CMakeFiles/motor_control.dir/Core/Src/main.c.obj
 .debug_macro   0x000000000000fd9d      0x1f1 CMakeFiles/motor_control.dir/Core/Src/main.c.obj
 .debug_macro   0x000000000000ff8e      0x1b1 CMakeFiles/motor_control.dir/Core/Src/main.c.obj
 .debug_macro   0x000000000001013f      0x37c CMakeFiles/motor_control.dir/Core/Src/main.c.obj
 .debug_macro   0x00000000000104bb       0x28 CMakeFiles/motor_control.dir/Core/Src/main.c.obj
 .debug_macro   0x00000000000104e3       0xb3 CMakeFiles/motor_control.dir/Core/Src/main.c.obj
 .debug_macro   0x0000000000010596      0x104 CMakeFiles/motor_control.dir/Core/Src/main.c.obj
 .debug_macro   0x000000000001069a       0xf6 CMakeFiles/motor_control.dir/Core/Src/main.c.obj
 .debug_macro   0x0000000000010790      0xaa6 CMakeFiles/motor_control.dir/Core/Src/main.c.obj
 .debug_macro   0x0000000000011236       0xd9 CMakeFiles/motor_control.dir/Core/Src/main.c.obj
 .debug_macro   0x000000000001130f      0x67e CMakeFiles/motor_control.dir/Core/Src/main.c.obj
 .debug_macro   0x000000000001198d       0xa6 CMakeFiles/motor_control.dir/Core/Src/main.c.obj
 .debug_macro   0x0000000000011a33      0x3a9 CMakeFiles/motor_control.dir/Core/Src/main.c.obj
 .debug_macro   0x0000000000011ddc       0x22 CMakeFiles/motor_control.dir/Core/Src/main.c.obj
 .debug_macro   0x0000000000011dfe       0x52 CMakeFiles/motor_control.dir/Core/Src/main.c.obj
 .debug_macro   0x0000000000011e50       0x64 CMakeFiles/motor_control.dir/Core/Src/main.c.obj
 .debug_macro   0x0000000000011eb4       0x18 CMakeFiles/motor_control.dir/Core/Src/main.c.obj
 .debug_macro   0x0000000000011ecc       0x35 CMakeFiles/motor_control.dir/Core/Src/main.c.obj
 .debug_macro   0x0000000000011f01       0x34 CMakeFiles/motor_control.dir/Core/Src/main.c.obj
 .debug_macro   0x0000000000011f35       0x16 CMakeFiles/motor_control.dir/Core/Src/main.c.obj
 .debug_macro   0x0000000000011f4b       0x35 CMakeFiles/motor_control.dir/Core/Src/main.c.obj
 .debug_macro   0x0000000000011f80      0x341 CMakeFiles/motor_control.dir/Core/Src/main.c.obj
 .debug_macro   0x00000000000122c1       0x10 CMakeFiles/motor_control.dir/Core/Src/main.c.obj
 .debug_macro   0x00000000000122d1       0x16 CMakeFiles/motor_control.dir/Core/Src/main.c.obj
 .debug_macro   0x00000000000122e7       0x43 CMakeFiles/motor_control.dir/Core/Src/main.c.obj
 .debug_macro   0x000000000001232a       0x34 CMakeFiles/motor_control.dir/Core/Src/main.c.obj
 .debug_macro   0x000000000001235e       0x10 CMakeFiles/motor_control.dir/Core/Src/main.c.obj
 .debug_macro   0x000000000001236e       0x58 CMakeFiles/motor_control.dir/Core/Src/main.c.obj
 .debug_macro   0x00000000000123c6      0x182 CMakeFiles/motor_control.dir/Core/Src/main.c.obj
 .debug_macro   0x0000000000012548       0x10 CMakeFiles/motor_control.dir/Core/Src/main.c.obj
 .debug_macro   0x0000000000012558       0x1c CMakeFiles/motor_control.dir/Core/Src/main.c.obj
 .debug_macro   0x0000000000012574       0x52 CMakeFiles/motor_control.dir/Core/Src/main.c.obj
 .debug_macro   0x00000000000125c6       0x22 CMakeFiles/motor_control.dir/Core/Src/main.c.obj
 .debug_macro   0x00000000000125e8       0x10 CMakeFiles/motor_control.dir/Core/Src/main.c.obj
 .debug_macro   0x00000000000125f8       0x52 CMakeFiles/motor_control.dir/Core/Src/main.c.obj
 .debug_macro   0x000000000001264a       0xd5 CMakeFiles/motor_control.dir/Core/Src/main.c.obj
 .debug_macro   0x000000000001271f       0x1c CMakeFiles/motor_control.dir/Core/Src/main.c.obj
 .debug_macro   0x000000000001273b       0x3d CMakeFiles/motor_control.dir/Core/Src/main.c.obj
 .debug_macro   0x0000000000012778       0x16 CMakeFiles/motor_control.dir/Core/Src/main.c.obj
 .debug_macro   0x000000000001278e      0x16f CMakeFiles/motor_control.dir/Core/Src/main.c.obj
 .debug_macro   0x00000000000128fd      0x10e CMakeFiles/motor_control.dir/Core/Src/main.c.obj
 .debug_macro   0x0000000000012a0b       0x4c CMakeFiles/motor_control.dir/Core/Src/main.c.obj
 .debug_macro   0x0000000000012a57       0x74 CMakeFiles/motor_control.dir/Core/Src/main.c.obj
 .debug_macro   0x0000000000012acb      0x3da CMakeFiles/motor_control.dir/Core/Src/app_freertos.c.obj
 .debug_macro   0x0000000000012ea5      0x16a CMakeFiles/motor_control.dir/Core/Src/app_freertos.c.obj
 .debug_macro   0x000000000001300f      0x15a CMakeFiles/motor_control.dir/Core/Src/app_freertos.c.obj
 .debug_macro   0x0000000000013169       0xb8 CMakeFiles/motor_control.dir/Core/Src/app_freertos.c.obj
 .debug_macro   0x0000000000013221       0x22 CMakeFiles/motor_control.dir/Core/Src/app_freertos.c.obj
 .debug_macro   0x0000000000013243       0x1f CMakeFiles/motor_control.dir/Core/Src/app_freertos.c.obj
 .debug_macro   0x0000000000013262       0x12 CMakeFiles/motor_control.dir/Core/Src/app_freertos.c.obj
 .debug_macro   0x0000000000013274      0x4d9 CMakeFiles/motor_control.dir/Core/Src/app_freertos.c.obj
 .debug_macro   0x000000000001374d       0xc3 CMakeFiles/motor_control.dir/Core/Src/app_freertos.c.obj
 .debug_macro   0x0000000000013810      0x120 CMakeFiles/motor_control.dir/Core/Src/app_freertos.c.obj
 .debug_macro   0x0000000000013930      0x35a CMakeFiles/motor_control.dir/Core/Src/stm32c0xx_it.c.obj
 .debug_macro   0x0000000000013c8a      0x350 CMakeFiles/motor_control.dir/Core/Src/stm32c0xx_hal_msp.c.obj
 .debug_macro   0x0000000000013fda      0x1d0 CMakeFiles/motor_control.dir/Core/Src/stm32c0xx_hal_timebase_tim.c.obj
 .debug_macro   0x00000000000141aa      0x34d CMakeFiles/motor_control.dir/Drivers/BSP/STM32C0xx_Nucleo/stm32c0xx_nucleo.c.obj
 .debug_macro   0x00000000000144f7       0x1c CMakeFiles/motor_control.dir/Drivers/BSP/STM32C0xx_Nucleo/stm32c0xx_nucleo.c.obj
 .debug_macro   0x0000000000014513      0x1ee CMakeFiles/motor_control.dir/Drivers/STM32C0xx_HAL_Driver/Src/stm32c0xx_hal.c.obj
 .debug_macro   0x0000000000014701      0x1d0 CMakeFiles/motor_control.dir/Drivers/STM32C0xx_HAL_Driver/Src/stm32c0xx_hal_cortex.c.obj
 .debug_macro   0x00000000000148d1      0x200 CMakeFiles/motor_control.dir/Drivers/STM32C0xx_HAL_Driver/Src/stm32c0xx_hal_rcc.c.obj
 .debug_macro   0x0000000000014ad1      0x1e2 CMakeFiles/motor_control.dir/Drivers/STM32C0xx_HAL_Driver/Src/stm32c0xx_hal_rcc_ex.c.obj
 .debug_macro   0x0000000000014cb3      0x205 CMakeFiles/motor_control.dir/Drivers/STM32C0xx_HAL_Driver/Src/stm32c0xx_hal_gpio.c.obj
 .debug_macro   0x0000000000014eb8      0x1dc CMakeFiles/motor_control.dir/Drivers/STM32C0xx_HAL_Driver/Src/stm32c0xx_hal_exti.c.obj
 .debug_macro   0x0000000000015094      0x1d8 CMakeFiles/motor_control.dir/Drivers/STM32C0xx_HAL_Driver/Src/stm32c0xx_hal_tim.c.obj
 .debug_macro   0x000000000001526c      0x1d6 CMakeFiles/motor_control.dir/Drivers/STM32C0xx_HAL_Driver/Src/stm32c0xx_hal_tim_ex.c.obj
 .debug_macro   0x0000000000015442      0x1ed CMakeFiles/motor_control.dir/Drivers/STM32C0xx_HAL_Driver/Src/stm32c0xx_hal_uart.c.obj
 .debug_macro   0x000000000001562f      0x1dc CMakeFiles/motor_control.dir/Drivers/STM32C0xx_HAL_Driver/Src/stm32c0xx_hal_uart_ex.c.obj
 .debug_macro   0x000000000001580b      0x1d6 CMakeFiles/motor_control.dir/Core/Src/system_stm32c0xx.c.obj
 .debug_macro   0x00000000000159e1      0x189 CMakeFiles/motor_control.dir/Middlewares/Third_Party/FreeRTOS/Source/list.c.obj
 .debug_macro   0x0000000000015b6a      0x21b CMakeFiles/motor_control.dir/Middlewares/Third_Party/FreeRTOS/Source/queue.c.obj
 .debug_macro   0x0000000000015d85       0x16 CMakeFiles/motor_control.dir/Middlewares/Third_Party/FreeRTOS/Source/queue.c.obj
 .debug_macro   0x0000000000015d9b       0x87 CMakeFiles/motor_control.dir/Middlewares/Third_Party/FreeRTOS/Source/queue.c.obj
 .debug_macro   0x0000000000015e22      0x270 CMakeFiles/motor_control.dir/Middlewares/Third_Party/FreeRTOS/Source/tasks.c.obj
 .debug_macro   0x0000000000016092       0x17 CMakeFiles/motor_control.dir/Middlewares/Third_Party/FreeRTOS/Source/tasks.c.obj
 .debug_macro   0x00000000000160a9      0x1d8 CMakeFiles/motor_control.dir/Middlewares/Third_Party/FreeRTOS/Source/timers.c.obj
 .debug_macro   0x0000000000016281       0x97 CMakeFiles/motor_control.dir/Middlewares/Third_Party/FreeRTOS/Source/timers.c.obj
 .debug_macro   0x0000000000016318      0x3a9 CMakeFiles/motor_control.dir/Middlewares/Third_Party/FreeRTOS/Source/CMSIS_RTOS_V2/cmsis_os2.c.obj
 .debug_macro   0x00000000000166c1       0x10 CMakeFiles/motor_control.dir/Middlewares/Third_Party/FreeRTOS/Source/CMSIS_RTOS_V2/cmsis_os2.c.obj
 .debug_macro   0x00000000000166d1       0xcb CMakeFiles/motor_control.dir/Middlewares/Third_Party/FreeRTOS/Source/CMSIS_RTOS_V2/cmsis_os2.c.obj
 .debug_macro   0x000000000001679c       0x8d CMakeFiles/motor_control.dir/Middlewares/Third_Party/FreeRTOS/Source/CMSIS_RTOS_V2/cmsis_os2.c.obj
 .debug_macro   0x0000000000016829       0xa1 CMakeFiles/motor_control.dir/Middlewares/Third_Party/FreeRTOS/Source/CMSIS_RTOS_V2/cmsis_os2.c.obj
 .debug_macro   0x00000000000168ca       0x22 CMakeFiles/motor_control.dir/Middlewares/Third_Party/FreeRTOS/Source/CMSIS_RTOS_V2/cmsis_os2.c.obj
 .debug_macro   0x00000000000168ec       0x55 CMakeFiles/motor_control.dir/Middlewares/Third_Party/FreeRTOS/Source/CMSIS_RTOS_V2/cmsis_os2.c.obj
 .debug_macro   0x0000000000016941      0x153 CMakeFiles/motor_control.dir/Middlewares/Third_Party/FreeRTOS/Source/portable/GCC/ARM_CM0/port.c.obj
 .debug_macro   0x0000000000016a94      0x1ff CMakeFiles/motor_control.dir/Middlewares/Third_Party/FreeRTOS/Source/portable/MemMang/heap_4.c.obj

.debug_line     0x0000000000000000    0x18f9a
 .debug_line    0x0000000000000000      0xb39 CMakeFiles/motor_control.dir/Core/Src/main.c.obj
 .debug_line    0x0000000000000b39      0xb9e CMakeFiles/motor_control.dir/Core/Src/app_freertos.c.obj
 .debug_line    0x00000000000016d7      0x953 CMakeFiles/motor_control.dir/Core/Src/stm32c0xx_it.c.obj