Archive member included to satisfy reference by file (symbol)

/usr/local/bin/../lib/gcc/arm-none-eabi/10.3.1/../../../../arm-none-eabi/lib/thumb/v6-m/nofp/libc_nano.a(lib_a-exit.o)
                              /usr/local/bin/../lib/gcc/arm-none-eabi/10.3.1/../../../../arm-none-eabi/lib/thumb/v6-m/nofp/crt0.o (exit)
/usr/local/bin/../lib/gcc/arm-none-eabi/10.3.1/../../../../arm-none-eabi/lib/thumb/v6-m/nofp/libc_nano.a(lib_a-impure.o)
                              /usr/local/bin/../lib/gcc/arm-none-eabi/10.3.1/../../../../arm-none-eabi/lib/thumb/v6-m/nofp/libc_nano.a(lib_a-exit.o) (_global_impure_ptr)
/usr/local/bin/../lib/gcc/arm-none-eabi/10.3.1/../../../../arm-none-eabi/lib/thumb/v6-m/nofp/libc_nano.a(lib_a-init.o)
                              /usr/local/bin/../lib/gcc/arm-none-eabi/10.3.1/../../../../arm-none-eabi/lib/thumb/v6-m/nofp/crt0.o (__libc_init_array)
/usr/local/bin/../lib/gcc/arm-none-eabi/10.3.1/../../../../arm-none-eabi/lib/thumb/v6-m/nofp/libc_nano.a(lib_a-memset.o)
                              /usr/local/bin/../lib/gcc/arm-none-eabi/10.3.1/../../../../arm-none-eabi/lib/thumb/v6-m/nofp/crt0.o (memset)
/usr/local/bin/../lib/gcc/arm-none-eabi/10.3.1/thumb/v6-m/nofp/libgcc.a(_udivsi3.o)
                              CMakeFiles/motor_control.dir/Core/Src/stm32c0xx_hal_timebase_tim.c.obj (__aeabi_uidiv)
/usr/local/bin/../lib/gcc/arm-none-eabi/10.3.1/thumb/v6-m/nofp/libgcc.a(_divsi3.o)
                              CMakeFiles/motor_control.dir/Drivers/STM32C0xx_HAL_Driver/Src/stm32c0xx_hal_uart_ex.c.obj (__aeabi_idiv)
/usr/local/bin/../lib/gcc/arm-none-eabi/10.3.1/thumb/v6-m/nofp/libgcc.a(_dvmd_tls.o)
                              /usr/local/bin/../lib/gcc/arm-none-eabi/10.3.1/thumb/v6-m/nofp/libgcc.a(_udivsi3.o) (__aeabi_idiv0)
/usr/local/bin/../lib/gcc/arm-none-eabi/10.3.1/../../../../arm-none-eabi/lib/thumb/v6-m/nofp/libg_nano.a(lib_a-errno.o)
                              CMakeFiles/motor_control.dir/Core/Src/sysmem.c.obj (__errno)
/usr/local/bin/../lib/gcc/arm-none-eabi/10.3.1/../../../../arm-none-eabi/lib/thumb/v6-m/nofp/libg_nano.a(lib_a-memcpy-stub.o)
                              CMakeFiles/motor_control.dir/Middlewares/Third_Party/FreeRTOS/Source/queue.c.obj (memcpy)

Discarded input sections

 .text          0x0000000000000000        0x0 /usr/local/bin/../lib/gcc/arm-none-eabi/10.3.1/thumb/v6-m/nofp/crti.o
 .data          0x0000000000000000        0x0 /usr/local/bin/../lib/gcc/arm-none-eabi/10.3.1/thumb/v6-m/nofp/crti.o
 .bss           0x0000000000000000        0x0 /usr/local/bin/../lib/gcc/arm-none-eabi/10.3.1/thumb/v6-m/nofp/crti.o
 .data          0x0000000000000000        0x4 /usr/local/bin/../lib/gcc/arm-none-eabi/10.3.1/thumb/v6-m/nofp/crtbegin.o
 .rodata        0x0000000000000000       0x24 /usr/local/bin/../lib/gcc/arm-none-eabi/10.3.1/thumb/v6-m/nofp/crtbegin.o
 .text          0x0000000000000000       0x80 /usr/local/bin/../lib/gcc/arm-none-eabi/10.3.1/../../../../arm-none-eabi/lib/thumb/v6-m/nofp/crt0.o
 .data          0x0000000000000000        0x0 /usr/local/bin/../lib/gcc/arm-none-eabi/10.3.1/../../../../arm-none-eabi/lib/thumb/v6-m/nofp/crt0.o
 .bss           0x0000000000000000        0x0 /usr/local/bin/../lib/gcc/arm-none-eabi/10.3.1/../../../../arm-none-eabi/lib/thumb/v6-m/nofp/crt0.o
 .ARM.extab     0x0000000000000000        0x0 /usr/local/bin/../lib/gcc/arm-none-eabi/10.3.1/../../../../arm-none-eabi/lib/thumb/v6-m/nofp/crt0.o
 .ARM.exidx     0x0000000000000000       0x10 /usr/local/bin/../lib/gcc/arm-none-eabi/10.3.1/../../../../arm-none-eabi/lib/thumb/v6-m/nofp/crt0.o
 .ARM.attributes
                0x0000000000000000       0x1b /usr/local/bin/../lib/gcc/arm-none-eabi/10.3.1/../../../../arm-none-eabi/lib/thumb/v6-m/nofp/crt0.o
 .text          0x0000000000000000        0x0 /usr/local/bin/../lib/gcc/arm-none-eabi/10.3.1/../../../../arm-none-eabi/lib/thumb/v6-m/nofp/libc_nano.a(lib_a-exit.o)
 .data          0x0000000000000000        0x0 /usr/local/bin/../lib/gcc/arm-none-eabi/10.3.1/../../../../arm-none-eabi/lib/thumb/v6-m/nofp/libc_nano.a(lib_a-exit.o)
 .bss           0x0000000000000000        0x0 /usr/local/bin/../lib/gcc/arm-none-eabi/10.3.1/../../../../arm-none-eabi/lib/thumb/v6-m/nofp/libc_nano.a(lib_a-exit.o)
 .text.exit     0x0000000000000000       0x2c /usr/local/bin/../lib/gcc/arm-none-eabi/10.3.1/../../../../arm-none-eabi/lib/thumb/v6-m/nofp/libc_nano.a(lib_a-exit.o)
 .debug_frame   0x0000000000000000       0x28 /usr/local/bin/../lib/gcc/arm-none-eabi/10.3.1/../../../../arm-none-eabi/lib/thumb/v6-m/nofp/libc_nano.a(lib_a-exit.o)
 .ARM.attributes
                0x0000000000000000       0x2c /usr/local/bin/../lib/gcc/arm-none-eabi/10.3.1/../../../../arm-none-eabi/lib/thumb/v6-m/nofp/libc_nano.a(lib_a-exit.o)
 .text          0x0000000000000000        0x0 /usr/local/bin/../lib/gcc/arm-none-eabi/10.3.1/../../../../arm-none-eabi/lib/thumb/v6-m/nofp/libc_nano.a(lib_a-impure.o)
[...]
Memory Configuration

Name             Origin             Length             Attributes
RAM              0x0000000020000000 0x0000000000003000 xrw
FLASH            0x0000000008000000 0x0000000000008000 xr
*default*        0x0000000000000000 0xffffffffffffffff

Linker script and memory map

LOAD /usr/local/bin/../lib/gcc/arm-none-eabi/10.3.1/thumb/v6-m/nofp/crti.o
LOAD /usr/local/bin/../lib/gcc/arm-none-eabi/10.3.1/thumb/v6-m/nofp/crtbegin.o
LOAD /usr/local/bin/../lib/gcc/arm-none-eabi/10.3.1/../../../../arm-none-eabi/lib/thumb/v6-m/nofp/crt0.o
START GROUP
LOAD /usr/local/bin/../lib/gcc/arm-none-eabi/10.3.1/../../../../arm-none-eabi/lib/thumb/v6-m/nofp/libc_nano.a
LOAD /usr/local/bin/../lib/gcc/arm-none-eabi/10.3.1/../../../../arm-none-eabi/lib/thumb/v6-m/nofp/libm.a
END GROUP
LOAD CMakeFiles/motor_control.dir/Core/Src/main.c.obj
LOAD CMakeFiles/motor_control.dir/Core/Src/app_freertos.c.obj
LOAD CMakeFiles/motor_control.dir/Core/Src/stm32c0xx_it.c.obj
LOAD CMakeFiles/motor_control.dir/Core/Src/stm32c0xx_hal_msp.c.obj
LOAD CMakeFiles/motor_control.dir/Core/Src/stm32c0xx_hal_timebase_tim.c.obj
LOAD CMakeFiles/motor_control.dir/Drivers/BSP/STM32C0xx_Nucleo/stm32c0xx_nucleo.c.obj
LOAD CMakeFiles/motor_control.dir/Drivers/STM32C0xx_HAL_Driver/Src/stm32c0xx_hal_usart_ex.c.obj
LOAD CMakeFiles/motor_control.dir/Drivers/STM32C0xx_HAL_Driver/Src/stm32c0xx_hal.c.obj
LOAD CMakeFiles/motor_control.dir/Drivers/STM32C0xx_HAL_Driver/Src/stm32c0xx_hal_cortex.c.obj
LOAD CMakeFiles/motor_control.dir/Drivers/STM32C0xx_HAL_Driver/Src/stm32c0xx_hal_rcc.c.obj
LOAD CMakeFiles/motor_control.dir/Drivers/STM32C0xx_HAL_Driver/Src/stm32c0xx_hal_rcc_ex.c.obj
LOAD CMakeFiles/motor_control.dir/Drivers/STM32C0xx_HAL_Driver/Src/stm32c0xx_hal_flash.c.obj
LOAD CMakeFiles/motor_control.dir/Drivers/STM32C0xx_HAL_Driver/Src/stm32c0xx_hal_flash_ex.c.obj
LOAD CMakeFiles/motor_control.dir/Drivers/STM32C0xx_HAL_Driver/Src/stm32c0xx_hal_gpio.c.obj
LOAD CMakeFiles/motor_control.dir/Drivers/STM32C0xx_HAL_Driver/Src/stm32c0xx_hal_dma.c.obj
LOAD CMakeFiles/motor_control.dir/Drivers/STM32C0xx_HAL_Driver/Src/stm32c0xx_hal_dma_ex.c.obj
LOAD CMakeFiles/motor_control.dir/Drivers/STM32C0xx_HAL_Driver/Src/stm32c0xx_hal_pwr.c.obj
LOAD CMakeFiles/motor_control.dir/Drivers/STM32C0xx_HAL_Driver/Src/stm32c0xx_hal_pwr_ex.c.obj
LOAD CMakeFiles/motor_control.dir/Drivers/STM32C0xx_HAL_Driver/Src/stm32c0xx_hal_exti.c.obj
LOAD CMakeFiles/motor_control.dir/Drivers/STM32C0xx_HAL_Driver/Src/stm32c0xx_hal_tim.c.obj
LOAD CMakeFiles/motor_control.dir/Drivers/STM32C0xx_HAL_Driver/Src/stm32c0xx_hal_tim_ex.c.obj
LOAD CMakeFiles/motor_control.dir/Drivers/STM32C0xx_HAL_Driver/Src/stm32c0xx_hal_uart.c.obj
LOAD CMakeFiles/motor_control.dir/Drivers/STM32C0xx_HAL_Driver/Src/stm32c0xx_hal_uart_ex.c.obj
LOAD CMakeFiles/motor_control.dir/Drivers/STM32C0xx_HAL_Driver/Src/stm32c0xx_hal_usart.c.obj
LOAD CMakeFiles/motor_control.dir/Core/Src/system_stm32c0xx.c.obj
LOAD CMakeFiles/motor_control.dir/Middlewares/Third_Party/FreeRTOS/Source/croutine.c.obj
LOAD CMakeFiles/motor_control.dir/Middlewares/Third_Party/FreeRTOS/Source/event_groups.c.obj
LOAD CMakeFiles/motor_control.dir/Middlewares/Third_Party/FreeRTOS/Source/list.c.obj
LOAD CMakeFiles/motor_control.dir/Middlewares/Third_Party/FreeRTOS/Source/queue.c.obj
LOAD CMakeFiles/motor_control.dir/Middlewares/Third_Party/FreeRTOS/Source/stream_buffer.c.obj
LOAD CMakeFiles/motor_control.dir/Middlewares/Third_Party/FreeRTOS/Source/tasks.c.obj
LOAD CMakeFiles/motor_control.dir/Middlewares/Third_Party/FreeRTOS/Source/timers.c.obj
LOAD CMakeFiles/motor_control.dir/Middlewares/Third_Party/FreeRTOS/Source/CMSIS_RTOS_V2/cmsis_os2.c.obj
LOAD CMakeFiles/motor_control.dir/Middlewares/Third_Party/FreeRTOS/Source/portable/GCC/ARM_CM0/port.c.obj
LOAD CMakeFiles/motor_control.dir/Middlewares/Third_Party/FreeRTOS/Source/portable/MemMang/heap_4.c.obj
LOAD CMakeFiles/motor_control.dir/Core/Src/sysmem.c.obj
LOAD CMakeFiles/motor_control.dir/Core/Src/syscalls.c.obj
LOAD CMakeFiles/motor_control.dir/startup_stm32c031xx.s.obj
START GROUP
LOAD /usr/local/bin/../lib/gcc/arm-none-eabi/10.3.1/thumb/v6-m/nofp/libgcc.a
LOAD /usr/local/bin/../lib/gcc/arm-none-eabi/10.3.1/../../../../arm-none-eabi/lib/thumb/v6-m/nofp/libg_nano.a
LOAD /usr/local/bin/../lib/gcc/arm-none-eabi/10.3.1/../../../../arm-none-eabi/lib/thumb/v6-m/nofp/libc_nano.a
END GROUP
START GROUP
LOAD /usr/local/bin/../lib/gcc/arm-none-eabi/10.3.1/thumb/v6-m/nofp/libgcc.a
LOAD /usr/local/bin/../lib/gcc/arm-none-eabi/10.3.1/../../../../arm-none-eabi/lib/thumb/v6-m/nofp/libc_nano.a
END GROUP
LOAD /usr/local/bin/../lib/gcc/arm-none-eabi/10.3.1/thumb/v6-m/nofp/crtend.o
LOAD /usr/local/bin/../lib/gcc/arm-none-eabi/10.3.1/thumb/v6-m/nofp/crtn.o
                0x0000000020003000                _estack = (ORIGIN (RAM) + LENGTH (RAM))
                0x0000000000000200                _Min_Heap_Size = 0x200
                0x0000000000000400                _Min_Stack_Size = 0x400

.isr_vector     0x0000000008000000       0xc0
                0x0000000008000000                . = ALIGN (0x4)
 *(.isr_vector)
 .isr_vector    0x0000000008000000       0xc0 CMakeFiles/motor_control.dir/startup_stm32c031xx.s.obj
                0x0000000008000000                g_pfnVectors
                0x00000000080000c0                . = ALIGN (0x4)

.text           0x00000000080000c0     0x52d8
                0x00000000080000c0                . = ALIGN (0x4)
 *(.text)
 .text          0x00000000080000c0       0x48 /usr/local/bin/../lib/gcc/arm-none-eabi/10.3.1/thumb/v6-m/nofp/crtbegin.o
 .text          0x0000000008000108      0x114 /usr/local/bin/../lib/gcc/arm-none-eabi/10.3.1/thumb/v6-m/nofp/libgcc.a(_udivsi3.o)
                0x0000000008000108                __udivsi3
                0x0000000008000108                __aeabi_uidiv
                0x0000000008000214                __aeabi_uidivmod
 .text          0x000000000800021c        0x4 /usr/local/bin/../lib/gcc/arm-none-eabi/10.3.1/thumb/v6-m/nofp/libgcc.a(_dvmd_tls.o)
                0x000000000800021c                __aeabi_ldiv0
                0x000000000800021c                __aeabi_idiv0
 *(.text*)
 .text.__libc_init_array
                0x0000000008000220       0x48 /usr/local/bin/../lib/gcc/arm-none-eabi/10.3.1/../../../../arm-none-eabi/lib/thumb/v6-m/nofp/libc_nano.a(lib_a-init.o)
                0x0000000008000220                __libc_init_array
 .text.memset   0x0000000008000268       0x10 /usr/local/bin/../lib/gcc/arm-none-eabi/10.3.1/../../../../arm-none-eabi/lib/thumb/v6-m/nofp/libc_nano.a(lib_a-memset.o)
                0x0000000008000268                memset
 .text.main     0x0000000008000278       0x6c CMakeFiles/motor_control.dir/Core/Src/main.c.obj
                0x0000000008000278                main
 .text.SystemClock_Config
                0x00000000080002e4       0x7a CMakeFiles/motor_control.dir/Core/Src/main.c.obj
                0x00000000080002e4                SystemClock_Config
 *fill*         0x000000000800035e        0x2 
 .text.MX_TIM3_Init
                0x0000000008000360       0xc4 CMakeFiles/motor_control.dir/Core/Src/main.c.obj
 .text.MX_USART2_UART_Init
                0x0000000008000424       0x68 CMakeFiles/motor_control.dir/Core/Src/main.c.obj
 .text.MX_GPIO_Init
                0x000000000800048c       0xb8 CMakeFiles/motor_control.dir/Core/Src/main.c.obj
 .text.HAL_TIM_PeriodElapsedCallback
                0x0000000008000544       0x24 CMakeFiles/motor_control.dir/Core/Src/main.c.obj
                0x0000000008000544                HAL_TIM_PeriodElapsedCallback
 .text.Error_Handler
                0x0000000008000568        0xa CMakeFiles/motor_control.dir/Core/Src/main.c.obj
                0x0000000008000568                Error_Handler
 *fill*         0x0000000008000572        0x2 
 .text.MX_FREERTOS_Init
                0x0000000008000574       0x48 CMakeFiles/motor_control.dir/Core/Src/app_freertos.c.obj
                0x0000000008000574                MX_FREERTOS_Init
 .text.StartDefaultTask
                0x00000000080005bc       0x10 CMakeFiles/motor_control.dir/Core/Src/app_freertos.c.obj
                0x00000000080005bc                StartDefaultTask
 .text.StartTask02
                0x00000000080005cc       0x10 CMakeFiles/motor_control.dir/Core/Src/app_freertos.c.obj
                0x00000000080005cc                StartTask02
 .text.NMI_Handler
                0x00000000080005dc        0x6 CMakeFiles/motor_control.dir/Core/Src/stm32c0xx_it.c.obj
                0x00000000080005dc                NMI_Handler
 .text.HardFault_Handler
                0x00000000080005e2        0x6 CMakeFiles/motor_control.dir/Core/Src/stm32c0xx_it.c.obj
                0x00000000080005e2                HardFault_Handler
 .text.EXTI4_15_IRQHandler
                0x00000000080005e8       0x10 CMakeFiles/motor_control.dir/Core/Src/stm32c0xx_it.c.obj
                0x00000000080005e8                EXTI4_15_IRQHandler
 .text.TIM14_IRQHandler
                0x00000000080005f8       0x18 CMakeFiles/motor_control.dir/Core/Src/stm32c0xx_it.c.obj
                0x00000000080005f8                TIM14_IRQHandler
 .text.HAL_MspInit
                0x0000000008000610       0x54 CMakeFiles/motor_control.dir/Core/Src/stm32c0xx_hal_msp.c.obj
                0x0000000008000610                HAL_MspInit
 .text.HAL_TIM_PWM_MspInit
                0x0000000008000664       0x3c CMakeFiles/motor_control.dir/Core/Src/stm32c0xx_hal_msp.c.obj
                0x0000000008000664                HAL_TIM_PWM_MspInit
 .text.HAL_TIM_MspPostInit
                0x00000000080006a0       0x7c CMakeFiles/motor_control.dir/Core/Src/stm32c0xx_hal_msp.c.obj
                0x00000000080006a0                HAL_TIM_MspPostInit
 .text.HAL_UART_MspInit
                0x000000000800071c       0x94 CMakeFiles/motor_control.dir/Core/Src/stm32c0xx_hal_msp.c.obj
                0x000000000800071c                HAL_UART_MspInit
 .text.HAL_InitTick
                0x00000000080007b0       0xd0 CMakeFiles/motor_control.dir/Core/Src/stm32c0xx_hal_timebase_tim.c.obj
                0x00000000080007b0                HAL_InitTick
 .text.BSP_LED_Init
                0x0000000008000880       0xd4 CMakeFiles/motor_control.dir/Drivers/BSP/STM32C0xx_Nucleo/stm32c0xx_nucleo.c.obj
                0x0000000008000880                BSP_LED_Init
 .text.BSP_PB_Init
                0x0000000008000954      0x108 CMakeFiles/motor_control.dir/Drivers/BSP/STM32C0xx_Nucleo/stm32c0xx_nucleo.c.obj
                0x0000000008000954                BSP_PB_Init
 .text.BSP_PB_IRQHandler
                0x0000000008000a5c       0x30 CMakeFiles/motor_control.dir/Drivers/BSP/STM32C0xx_Nucleo/stm32c0xx_nucleo.c.obj
                0x0000000008000a5c                BSP_PB_IRQHandler
 .text.BSP_PB_Callback
                0x0000000008000a8c       0x14 CMakeFiles/motor_control.dir/Drivers/BSP/STM32C0xx_Nucleo/stm32c0xx_nucleo.c.obj
                0x0000000008000a8c                BSP_PB_Callback
 .text.BSP_COM_Init
                0x0000000008000aa0       0x64 CMakeFiles/motor_control.dir/Drivers/BSP/STM32C0xx_Nucleo/stm32c0xx_nucleo.c.obj
                0x0000000008000aa0                BSP_COM_Init
 .text.MX_USART2_Init
                0x0000000008000b04       0x6c CMakeFiles/motor_control.dir/Drivers/BSP/STM32C0xx_Nucleo/stm32c0xx_nucleo.c.obj
                0x0000000008000b04                MX_USART2_Init
 .text.BUTTON_USER_EXTI_Callback
                0x0000000008000b70       0x10 CMakeFiles/motor_control.dir/Drivers/BSP/STM32C0xx_Nucleo/stm32c0xx_nucleo.c.obj
 .text.COM1_MspInit
                0x0000000008000b80       0xb0 CMakeFiles/motor_control.dir/Drivers/BSP/STM32C0xx_Nucleo/stm32c0xx_nucleo.c.obj
 .text.HAL_Init
                0x0000000008000c30       0x2e CMakeFiles/motor_control.dir/Drivers/STM32C0xx_HAL_Driver/Src/stm32c0xx_hal.c.obj
                0x0000000008000c30                HAL_Init
 *fill*         0x0000000008000c5e        0x2 
 .text.HAL_IncTick
                0x0000000008000c60       0x24 CMakeFiles/motor_control.dir/Drivers/STM32C0xx_HAL_Driver/Src/stm32c0xx_hal.c.obj
                0x0000000008000c60                HAL_IncTick
 .text.HAL_GetTick
                0x0000000008000c84       0x14 CMakeFiles/motor_control.dir/Drivers/STM32C0xx_HAL_Driver/Src/stm32c0xx_hal.c.obj
                0x0000000008000c84                HAL_GetTick
 .text.__NVIC_EnableIRQ
                0x0000000008000c98       0x34 CMakeFiles/motor_control.dir/Drivers/STM32C0xx_HAL_Driver/Src/stm32c0xx_hal_cortex.c.obj
 .text.__NVIC_SetPriority
                0x0000000008000ccc       0xdc CMakeFiles/motor_control.dir/Drivers/STM32C0xx_HAL_Driver/Src/stm32c0xx_hal_cortex.c.obj
 .text.HAL_NVIC_SetPriority
                0x0000000008000da8       0x2a CMakeFiles/motor_control.dir/Drivers/STM32C0xx_HAL_Driver/Src/stm32c0xx_hal_cortex.c.obj
                0x0000000008000da8                HAL_NVIC_SetPriority
 .text.HAL_NVIC_EnableIRQ
                0x0000000008000dd2       0x20 CMakeFiles/motor_control.dir/Drivers/STM32C0xx_HAL_Driver/Src/stm32c0xx_hal_cortex.c.obj
                0x0000000008000dd2                HAL_NVIC_EnableIRQ
 *fill*         0x0000000008000df2        0x2 
 .text.HAL_RCC_OscConfig
                0x0000000008000df4      0x3c8 CMakeFiles/motor_control.dir/Drivers/STM32C0xx_HAL_Driver/Src/stm32c0xx_hal_rcc.c.obj
                0x0000000008000df4                HAL_RCC_OscConfig
 .text.HAL_RCC_ClockConfig
                0x00000000080011bc      0x214 CMakeFiles/motor_control.dir/Drivers/STM32C0xx_HAL_Driver/Src/stm32c0xx_hal_rcc.c.obj
                0x00000000080011bc                HAL_RCC_ClockConfig
 .text.HAL_RCC_GetSysClockFreq
                0x00000000080013d0       0x9c CMakeFiles/motor_control.dir/Drivers/STM32C0xx_HAL_Driver/Src/stm32c0xx_hal_rcc.c.obj
                0x00000000080013d0                HAL_RCC_GetSysClockFreq
 .text.HAL_RCC_GetHCLKFreq
                0x000000000800146c       0x3c CMakeFiles/motor_control.dir/Drivers/STM32C0xx_HAL_Driver/Src/stm32c0xx_hal_rcc.c.obj
                0x000000000800146c                HAL_RCC_GetHCLKFreq
 .text.HAL_RCC_GetPCLK1Freq
                0x00000000080014a8       0x30 CMakeFiles/motor_control.dir/Drivers/STM32C0xx_HAL_Driver/Src/stm32c0xx_hal_rcc.c.obj
                0x00000000080014a8                HAL_RCC_GetPCLK1Freq
 .text.HAL_RCC_GetClockConfig
                0x00000000080014d8       0x60 CMakeFiles/motor_control.dir/Drivers/STM32C0xx_HAL_Driver/Src/stm32c0xx_hal_rcc.c.obj
                0x00000000080014d8                HAL_RCC_GetClockConfig
 .text.HAL_GPIO_Init
                0x0000000008001538      0x2e4 CMakeFiles/motor_control.dir/Drivers/STM32C0xx_HAL_Driver/Src/stm32c0xx_hal_gpio.c.obj
                0x0000000008001538                HAL_GPIO_Init
 .text.HAL_GPIO_WritePin
                0x000000000800181c       0x3a CMakeFiles/motor_control.dir/Drivers/STM32C0xx_HAL_Driver/Src/stm32c0xx_hal_gpio.c.obj
                0x000000000800181c                HAL_GPIO_WritePin
 .text.HAL_EXTI_RegisterCallback
                0x0000000008001856       0x64 CMakeFiles/motor_control.dir/Drivers/STM32C0xx_HAL_Driver/Src/stm32c0xx_hal_exti.c.obj
                0x0000000008001856                HAL_EXTI_RegisterCallback
 .text.HAL_EXTI_GetHandle
                0x00000000080018ba       0x24 CMakeFiles/motor_control.dir/Drivers/STM32C0xx_HAL_Driver/Src/stm32c0xx_hal_exti.c.obj
                0x00000000080018ba                HAL_EXTI_GetHandle
 *fill*         0x00000000080018de        0x2 
 .text.HAL_EXTI_IRQHandler
                0x00000000080018e0       0x94 CMakeFiles/motor_control.dir/Drivers/STM32C0xx_HAL_Driver/Src/stm32c0xx_hal_exti.c.obj
                0x00000000080018e0                HAL_EXTI_IRQHandler
 .text.HAL_TIM_Base_Init
                0x0000000008001974       0xb0 CMakeFiles/motor_control.dir/Drivers/STM32C0xx_HAL_Driver/Src/stm32c0xx_hal_tim.c.obj
                0x0000000008001974                HAL_TIM_Base_Init
 .text.HAL_TIM_Base_MspInit
                0x0000000008001a24       0x10 CMakeFiles/motor_control.dir/Drivers/STM32C0xx_HAL_Driver/Src/stm32c0xx_hal_tim.c.obj
                0x0000000008001a24                HAL_TIM_Base_MspInit
 .text.HAL_TIM_Base_Start_IT
                0x0000000008001a34       0x9c CMakeFiles/motor_control.dir/Drivers/STM32C0xx_HAL_Driver/Src/stm32c0xx_hal_tim.c.obj
                0x0000000008001a34                HAL_TIM_Base_Start_IT
 .text.HAL_TIM_PWM_Init
                0x0000000008001ad0       0xb0 CMakeFiles/motor_control.dir/Drivers/STM32C0xx_HAL_Driver/Src/stm32c0xx_hal_tim.c.obj
                0x0000000008001ad0                HAL_TIM_PWM_Init
 .text.HAL_TIM_IRQHandler
                0x0000000008001b80      0x210 CMakeFiles/motor_control.dir/Drivers/STM32C0xx_HAL_Driver/Src/stm32c0xx_hal_tim.c.obj
                0x0000000008001b80                HAL_TIM_IRQHandler
 .text.HAL_TIM_PWM_ConfigChannel
                0x0000000008001d90      0x200 CMakeFiles/motor_control.dir/Drivers/STM32C0xx_HAL_Driver/Src/stm32c0xx_hal_tim.c.obj
                0x0000000008001d90                HAL_TIM_PWM_ConfigChannel
 .text.HAL_TIM_OC_DelayElapsedCallback
                0x0000000008001f90       0x10 CMakeFiles/motor_control.dir/Drivers/STM32C0xx_HAL_Driver/Src/stm32c0xx_hal_tim.c.obj
                0x0000000008001f90                HAL_TIM_OC_DelayElapsedCallback
 .text.HAL_TIM_IC_CaptureCallback
                0x0000000008001fa0       0x10 CMakeFiles/motor_control.dir/Drivers/STM32C0xx_HAL_Driver/Src/stm32c0xx_hal_tim.c.obj
                0x0000000008001fa0                HAL_TIM_IC_CaptureCallback
 .text.HAL_TIM_PWM_PulseFinishedCallback
                0x0000000008001fb0       0x10 CMakeFiles/motor_control.dir/Drivers/STM32C0xx_HAL_Driver/Src/stm32c0xx_hal_tim.c.obj
                0x0000000008001fb0                HAL_TIM_PWM_PulseFinishedCallback
 .text.HAL_TIM_TriggerCallback
                0x0000000008001fc0       0x10 CMakeFiles/motor_control.dir/Drivers/STM32C0xx_HAL_Driver/Src/stm32c0xx_hal_tim.c.obj
                0x0000000008001fc0                HAL_TIM_TriggerCallback
 .text.TIM_Base_SetConfig
                0x0000000008001fd0       0xf4 CMakeFiles/motor_control.dir/Drivers/STM32C0xx_HAL_Driver/Src/stm32c0xx_hal_tim.c.obj
                0x0000000008001fd0                TIM_Base_SetConfig
 .text.TIM_OC1_SetConfig
                0x00000000080020c4      0x100 CMakeFiles/motor_control.dir/Drivers/STM32C0xx_HAL_Driver/Src/stm32c0xx_hal_tim.c.obj
 .text.TIM_OC2_SetConfig
                0x00000000080021c4       0xfc CMakeFiles/motor_control.dir/Drivers/STM32C0xx_HAL_Driver/Src/stm32c0xx_hal_tim.c.obj
                0x00000000080021c4                TIM_OC2_SetConfig
 .text.TIM_OC3_SetConfig
                0x00000000080022c0      0x104 CMakeFiles/motor_control.dir/Drivers/STM32C0xx_HAL_Driver/Src/stm32c0xx_hal_tim.c.obj
 .text.TIM_OC4_SetConfig
                0x00000000080023c4       0xc8 CMakeFiles/motor_control.dir/Drivers/STM32C0xx_HAL_Driver/Src/stm32c0xx_hal_tim.c.obj
 .text.TIM_OC5_SetConfig
                0x000000000800248c       0xb4 CMakeFiles/motor_control.dir/Drivers/STM32C0xx_HAL_Driver/Src/stm32c0xx_hal_tim.c.obj
 .text.TIM_OC6_SetConfig
                0x0000000008002540       0xbc CMakeFiles/motor_control.dir/Drivers/STM32C0xx_HAL_Driver/Src/stm32c0xx_hal_tim.c.obj
 .text.HAL_TIMEx_MasterConfigSynchronization
                0x00000000080025fc       0xc4 CMakeFiles/motor_control.dir/Drivers/STM32C0xx_HAL_Driver/Src/stm32c0xx_hal_tim_ex.c.obj
                0x00000000080025fc                HAL_TIMEx_MasterConfigSynchronization
 .text.HAL_TIMEx_CommutCallback
                0x00000000080026c0       0x10 CMakeFiles/motor_control.dir/Drivers/STM32C0xx_HAL_Driver/Src/stm32c0xx_hal_tim_ex.c.obj
                0x00000000080026c0                HAL_TIMEx_CommutCallback
 .text.HAL_TIMEx_BreakCallback
                0x00000000080026d0       0x10 CMakeFiles/motor_control.dir/Drivers/STM32C0xx_HAL_Driver/Src/stm32c0xx_hal_tim_ex.c.obj
                0x00000000080026d0                HAL_TIMEx_BreakCallback
 .text.HAL_TIMEx_Break2Callback
                0x00000000080026e0       0x10 CMakeFiles/motor_control.dir/Drivers/STM32C0xx_HAL_Driver/Src/stm32c0xx_hal_tim_ex.c.obj
                0x00000000080026e0                HAL_TIMEx_Break2Callback
 .text.HAL_UART_Init
                0x00000000080026f0       0xac CMakeFiles/motor_control.dir/Drivers/STM32C0xx_HAL_Driver/Src/stm32c0xx_hal_uart.c.obj
                0x00000000080026f0                HAL_UART_Init
 .text.UART_SetConfig
                0x000000000800279c      0x2fc CMakeFiles/motor_control.dir/Drivers/STM32C0xx_HAL_Driver/Src/stm32c0xx_hal_uart.c.obj
                0x000000000800279c                UART_SetConfig
 .text.UART_AdvFeatureConfig
                0x0000000008002a98      0x168 CMakeFiles/motor_control.dir/Drivers/STM32C0xx_HAL_Driver/Src/stm32c0xx_hal_uart.c.obj
                0x0000000008002a98                UART_AdvFeatureConfig
 .text.UART_CheckIdleState
                0x0000000008002c00      0x154 CMakeFiles/motor_control.dir/Drivers/STM32C0xx_HAL_Driver/Src/stm32c0xx_hal_uart.c.obj
                0x0000000008002c00                UART_CheckIdleState
 .text.UART_WaitOnFlagUntilTimeout
                0x0000000008002d54       0xde CMakeFiles/motor_control.dir/Drivers/STM32C0xx_HAL_Driver/Src/stm32c0xx_hal_uart.c.obj
                0x0000000008002d54                UART_WaitOnFlagUntilTimeout
 *fill*         0x0000000008002e32        0x2 
 .text.UART_EndRxTransfer
                0x0000000008002e34       0xcc CMakeFiles/motor_control.dir/Drivers/STM32C0xx_HAL_Driver/Src/stm32c0xx_hal_uart.c.obj
 .text.SystemInit
                0x0000000008002f00       0x18 CMakeFiles/motor_control.dir/Core/Src/system_stm32c0xx.c.obj
                0x0000000008002f00                SystemInit
 .text.vListInitialise
                0x0000000008002f18       0x3c CMakeFiles/motor_control.dir/Middlewares/Third_Party/FreeRTOS/Source/list.c.obj
                0x0000000008002f18                vListInitialise
 .text.vListInitialiseItem
                0x0000000008002f54       0x16 CMakeFiles/motor_control.dir/Middlewares/Third_Party/FreeRTOS/Source/list.c.obj
                0x0000000008002f54                vListInitialiseItem
 .text.vListInsert
                0x0000000008002f6a       0x6c CMakeFiles/motor_control.dir/Middlewares/Third_Party/FreeRTOS/Source/list.c.obj
                0x0000000008002f6a                vListInsert
 .text.uxListRemove
                0x0000000008002fd6       0x50 CMakeFiles/motor_control.dir/Middlewares/Third_Party/FreeRTOS/Source/list.c.obj
                0x0000000008002fd6                uxListRemove
 .text.xQueueGenericReset
                0x0000000008003026      0x112 CMakeFiles/motor_control.dir/Middlewares/Third_Party/FreeRTOS/Source/queue.c.obj
                0x0000000008003026                xQueueGenericReset
 .text.xQueueGenericCreateStatic
                0x0000000008003138       0x88 CMakeFiles/motor_control.dir/Middlewares/Third_Party/FreeRTOS/Source/queue.c.obj
                0x0000000008003138                xQueueGenericCreateStatic
 .text.prvInitialiseNewQueue
                0x00000000080031c0       0x4e CMakeFiles/motor_control.dir/Middlewares/Third_Party/FreeRTOS/Source/queue.c.obj
 .text.xQueueReceive
                0x000000000800320e      0x16a CMakeFiles/motor_control.dir/Middlewares/Third_Party/FreeRTOS/Source/queue.c.obj
                0x000000000800320e                xQueueReceive
 .text.prvCopyDataFromQueue
                0x0000000008003378       0x4c CMakeFiles/motor_control.dir/Middlewares/Third_Party/FreeRTOS/Source/queue.c.obj
 .text.prvUnlockQueue
                0x00000000080033c4       0xbc CMakeFiles/motor_control.dir/Middlewares/Third_Party/FreeRTOS/Source/queue.c.obj
 .text.prvIsQueueEmpty
                0x0000000008003480       0x2c CMakeFiles/motor_control.dir/Middlewares/Third_Party/FreeRTOS/Source/queue.c.obj
 .text.vQueueAddToRegistry
                0x00000000080034ac       0x88 CMakeFiles/motor_control.dir/Middlewares/Third_Party/FreeRTOS/Source/queue.c.obj
                0x00000000080034ac                vQueueAddToRegistry
 .text.vQueueWaitForMessageRestricted
                0x0000000008003534       0x66 CMakeFiles/motor_control.dir/Middlewares/Third_Party/FreeRTOS/Source/queue.c.obj
                0x0000000008003534                vQueueWaitForMessageRestricted
 .text.xTaskCreateStatic
                0x000000000800359a       0x94 CMakeFiles/motor_control.dir/Middlewares/Third_Party/FreeRTOS/Source/tasks.c.obj
                0x000000000800359a                xTaskCreateStatic
 .text.xTaskCreate
                0x000000000800362e       0xa4 CMakeFiles/motor_control.dir/Middlewares/Third_Party/FreeRTOS/Source/tasks.c.obj
                0x000000000800362e                xTaskCreate
 *fill*         0x00000000080036d2        0x2 
 .text.prvInitialiseNewTask
                0x00000000080036d4      0x100 CMakeFiles/motor_control.dir/Middlewares/Third_Party/FreeRTOS/Source/tasks.c.obj
 .text.prvAddNewTaskToReadyList
                0x00000000080037d4      0x11c CMakeFiles/motor_control.dir/Middlewares/Third_Party/FreeRTOS/Source/tasks.c.obj
 .text.vTaskDelay
                0x00000000080038f0       0x4c CMakeFiles/motor_control.dir/Middlewares/Third_Party/FreeRTOS/Source/tasks.c.obj
                0x00000000080038f0                vTaskDelay
 .text.vTaskStartScheduler
                0x000000000800393c       0xb0 CMakeFiles/motor_control.dir/Middlewares/Third_Party/FreeRTOS/Source/tasks.c.obj
                0x000000000800393c                vTaskStartScheduler
 .text.vTaskSuspendAll
                0x00000000080039ec       0x18 CMakeFiles/motor_control.dir/Middlewares/Third_Party/FreeRTOS/Source/tasks.c.obj
                0x00000000080039ec                vTaskSuspendAll
 .text.xTaskResumeAll
                0x0000000008003a04      0x1d0 CMakeFiles/motor_control.dir/Middlewares/Third_Party/FreeRTOS/Source/tasks.c.obj
                0x0000000008003a04                xTaskResumeAll
 .text.xTaskGetTickCount
                0x0000000008003bd4       0x1c CMakeFiles/motor_control.dir/Middlewares/Third_Party/FreeRTOS/Source/tasks.c.obj
                0x0000000008003bd4                xTaskGetTickCount
 .text.xTaskIncrementTick
                0x0000000008003bf0      0x218 CMakeFiles/motor_control.dir/Middlewares/Third_Party/FreeRTOS/Source/tasks.c.obj
                0x0000000008003bf0                xTaskIncrementTick
 .text.vTaskSwitchContext
                0x0000000008003e08       0xa4 CMakeFiles/motor_control.dir/Middlewares/Third_Party/FreeRTOS/Source/tasks.c.obj
                0x0000000008003e08                vTaskSwitchContext
 .text.vTaskPlaceOnEventList
                0x0000000008003eac       0x3c CMakeFiles/motor_control.dir/Middlewares/Third_Party/FreeRTOS/Source/tasks.c.obj
                0x0000000008003eac                vTaskPlaceOnEventList
 .text.vTaskPlaceOnEventListRestricted
                0x0000000008003ee8       0x7c CMakeFiles/motor_control.dir/Middlewares/Third_Party/FreeRTOS/Source/tasks.c.obj
                0x0000000008003ee8                vTaskPlaceOnEventListRestricted
 .text.xTaskRemoveFromEventList
                0x0000000008003f64      0x194 CMakeFiles/motor_control.dir/Middlewares/Third_Party/FreeRTOS/Source/tasks.c.obj
                0x0000000008003f64                xTaskRemoveFromEventList
 .text.vTaskInternalSetTimeOutState
                0x00000000080040f8       0x28 CMakeFiles/motor_control.dir/Middlewares/Third_Party/FreeRTOS/Source/tasks.c.obj
                0x00000000080040f8                vTaskInternalSetTimeOutState
 .text.xTaskCheckForTimeOut
                0x0000000008004120       0xa8 CMakeFiles/motor_control.dir/Middlewares/Third_Party/FreeRTOS/Source/tasks.c.obj
                0x0000000008004120                xTaskCheckForTimeOut
 .text.vTaskMissedYield
                0x00000000080041c8       0x14 CMakeFiles/motor_control.dir/Middlewares/Third_Party/FreeRTOS/Source/tasks.c.obj
                0x00000000080041c8                vTaskMissedYield
 .text.prvIdleTask
                0x00000000080041dc       0x20 CMakeFiles/motor_control.dir/Middlewares/Third_Party/FreeRTOS/Source/tasks.c.obj
 .text.prvInitialiseTaskLists
                0x00000000080041fc       0x88 CMakeFiles/motor_control.dir/Middlewares/Third_Party/FreeRTOS/Source/tasks.c.obj
 .text.prvCheckTasksWaitingTermination
                0x0000000008004284       0x5c CMakeFiles/motor_control.dir/Middlewares/Third_Party/FreeRTOS/Source/tasks.c.obj
 .text.prvDeleteTCB
                0x00000000080042e0       0x50 CMakeFiles/motor_control.dir/Middlewares/Third_Party/FreeRTOS/Source/tasks.c.obj
 .text.prvResetNextTaskUnblockTime
                0x0000000008004330       0x34 CMakeFiles/motor_control.dir/Middlewares/Third_Party/FreeRTOS/Source/tasks.c.obj
 .text.xTaskGetSchedulerState
                0x0000000008004364       0x38 CMakeFiles/motor_control.dir/Middlewares/Third_Party/FreeRTOS/Source/tasks.c.obj
                0x0000000008004364                xTaskGetSchedulerState
 .text.prvAddCurrentTaskToDelayedList
                0x000000000800439c       0xdc CMakeFiles/motor_control.dir/Middlewares/Third_Party/FreeRTOS/Source/tasks.c.obj
 .text.xTimerCreateTimerTask
                0x0000000008004478       0x7c CMakeFiles/motor_control.dir/Middlewares/Third_Party/FreeRTOS/Source/timers.c.obj
                0x0000000008004478                xTimerCreateTimerTask
 .text.prvReloadTimer
                0x00000000080044f4       0x42 CMakeFiles/motor_control.dir/Middlewares/Third_Party/FreeRTOS/Source/timers.c.obj
 *fill*         0x0000000008004536        0x2 
 .text.prvProcessExpiredTimer
                0x0000000008004538       0x64 CMakeFiles/motor_control.dir/Middlewares/Third_Party/FreeRTOS/Source/timers.c.obj
 .text.prvTimerTask
                0x000000000800459c       0x28 CMakeFiles/motor_control.dir/Middlewares/Third_Party/FreeRTOS/Source/timers.c.obj
 .text.prvProcessTimerOrBlockTask
                0x00000000080045c4       0x90 CMakeFiles/motor_control.dir/Middlewares/Third_Party/FreeRTOS/Source/timers.c.obj
 .text.prvGetNextExpireTime
                0x0000000008004654       0x44 CMakeFiles/motor_control.dir/Middlewares/Third_Party/FreeRTOS/Source/timers.c.obj
 .text.prvSampleTimeNow
                0x0000000008004698       0x40 CMakeFiles/motor_control.dir/Middlewares/Third_Party/FreeRTOS/Source/timers.c.obj
 .text.prvInsertTimerInActiveList
                0x00000000080046d8       0x84 CMakeFiles/motor_control.dir/Middlewares/Third_Party/FreeRTOS/Source/timers.c.obj
 .text.prvProcessReceivedCommands
                0x000000000800475c      0x184 CMakeFiles/motor_control.dir/Middlewares/Third_Party/FreeRTOS/Source/timers.c.obj
 .text.prvSwitchTimerLists
                0x00000000080048e0       0x50 CMakeFiles/motor_control.dir/Middlewares/Third_Party/FreeRTOS/Source/timers.c.obj
 .text.prvCheckForValidListAndQueue
                0x0000000008004930       0x84 CMakeFiles/motor_control.dir/Middlewares/Third_Party/FreeRTOS/Source/timers.c.obj
 .text.__NVIC_SetPriority
                0x00000000080049b4       0xdc CMakeFiles/motor_control.dir/Middlewares/Third_Party/FreeRTOS/Source/CMSIS_RTOS_V2/cmsis_os2.c.obj
 .text.SysTick_Handler
                0x0000000008004a90       0x20 CMakeFiles/motor_control.dir/Middlewares/Third_Party/FreeRTOS/Source/CMSIS_RTOS_V2/cmsis_os2.c.obj
                0x0000000008004a90                SysTick_Handler
 .text.SVC_Setup
                0x0000000008004ab0       0x16 CMakeFiles/motor_control.dir/Middlewares/Third_Party/FreeRTOS/Source/CMSIS_RTOS_V2/cmsis_os2.c.obj
 .text.IRQ_Context
                0x0000000008004ac6       0x44 CMakeFiles/motor_control.dir/Middlewares/Third_Party/FreeRTOS/Source/CMSIS_RTOS_V2/cmsis_os2.c.obj
 *fill*         0x0000000008004b0a        0x2 
 .text.osKernelInitialize
                0x0000000008004b0c       0x4c CMakeFiles/motor_control.dir/Middlewares/Third_Party/FreeRTOS/Source/CMSIS_RTOS_V2/cmsis_os2.c.obj
                0x0000000008004b0c                osKernelInitialize
 .text.osKernelStart
                0x0000000008004b58       0x54 CMakeFiles/motor_control.dir/Middlewares/Third_Party/FreeRTOS/Source/CMSIS_RTOS_V2/cmsis_os2.c.obj
                0x0000000008004b58                osKernelStart
 .text.osThreadNew
                0x0000000008004bac      0x128 CMakeFiles/motor_control.dir/Middlewares/Third_Party/FreeRTOS/Source/CMSIS_RTOS_V2/cmsis_os2.c.obj
                0x0000000008004bac                osThreadNew
 .text.osDelay  0x0000000008004cd4       0x34 CMakeFiles/motor_control.dir/Middlewares/Third_Party/FreeRTOS/Source/CMSIS_RTOS_V2/cmsis_os2.c.obj
                0x0000000008004cd4                osDelay
 .text.vApplicationGetIdleTaskMemory
                0x0000000008004d08       0x30 CMakeFiles/motor_control.dir/Middlewares/Third_Party/FreeRTOS/Source/CMSIS_RTOS_V2/cmsis_os2.c.obj
                0x0000000008004d08                vApplicationGetIdleTaskMemory
 .text.vApplicationGetTimerTaskMemory
                0x0000000008004d38       0x30 CMakeFiles/motor_control.dir/Middlewares/Third_Party/FreeRTOS/Source/CMSIS_RTOS_V2/cmsis_os2.c.obj
                0x0000000008004d38                vApplicationGetTimerTaskMemory
 .text.pxPortInitialiseStack
                0x0000000008004d68       0x54 CMakeFiles/motor_control.dir/Middlewares/Third_Party/FreeRTOS/Source/portable/GCC/ARM_CM0/port.c.obj
                0x0000000008004d68                pxPortInitialiseStack
 .text.prvTaskExitError
                0x0000000008004dbc       0x30 CMakeFiles/motor_control.dir/Middlewares/Third_Party/FreeRTOS/Source/portable/GCC/ARM_CM0/port.c.obj
 .text.SVC_Handler
                0x0000000008004dec        0xa CMakeFiles/motor_control.dir/Middlewares/Third_Party/FreeRTOS/Source/portable/GCC/ARM_CM0/port.c.obj
                0x0000000008004dec                SVC_Handler
 *fill*         0x0000000008004df6        0xa 
 .text.vPortStartFirstTask
                0x0000000008004e00       0x38 CMakeFiles/motor_control.dir/Middlewares/Third_Party/FreeRTOS/Source/portable/GCC/ARM_CM0/port.c.obj
 .text.xPortStartScheduler
                0x0000000008004e38       0x48 CMakeFiles/motor_control.dir/Middlewares/Third_Party/FreeRTOS/Source/portable/GCC/ARM_CM0/port.c.obj
                0x0000000008004e38                xPortStartScheduler
 .text.vPortYield
                0x0000000008004e80       0x20 CMakeFiles/motor_control.dir/Middlewares/Third_Party/FreeRTOS/Source/portable/GCC/ARM_CM0/port.c.obj
                0x0000000008004e80                vPortYield
 .text.vPortEnterCritical
                0x0000000008004ea0       0x24 CMakeFiles/motor_control.dir/Middlewares/Third_Party/FreeRTOS/Source/portable/GCC/ARM_CM0/port.c.obj
                0x0000000008004ea0                vPortEnterCritical
 .text.vPortExitCritical
                0x0000000008004ec4       0x30 CMakeFiles/motor_control.dir/Middlewares/Third_Party/FreeRTOS/Source/portable/GCC/ARM_CM0/port.c.obj
                0x0000000008004ec4                vPortExitCritical
 .text.ulSetInterruptMaskFromISR
                0x0000000008004ef4        0xc CMakeFiles/motor_control.dir/Middlewares/Third_Party/FreeRTOS/Source/portable/GCC/ARM_CM0/port.c.obj
                0x0000000008004ef4                ulSetInterruptMaskFromISR
 .text.vClearInterruptMaskFromISR
                0x0000000008004f00        0x8 CMakeFiles/motor_control.dir/Middlewares/Third_Party/FreeRTOS/Source/portable/GCC/ARM_CM0/port.c.obj
                0x0000000008004f00                vClearInterruptMaskFromISR
 *fill*         0x0000000008004f08        0x8 
 .text.PendSV_Handler
                0x0000000008004f10       0x48 CMakeFiles/motor_control.dir/Middlewares/Third_Party/FreeRTOS/Source/portable/GCC/ARM_CM0/port.c.obj
                0x0000000008004f10                PendSV_Handler
 .text.xPortSysTickHandler
                0x0000000008004f58       0x34 CMakeFiles/motor_control.dir/Middlewares/Third_Party/FreeRTOS/Source/portable/GCC/ARM_CM0/port.c.obj
                0x0000000008004f58                xPortSysTickHandler
 .text.vPortSetupTimerInterrupt
                0x0000000008004f8c       0x44 CMakeFiles/motor_control.dir/Middlewares/Third_Party/FreeRTOS/Source/portable/GCC/ARM_CM0/port.c.obj
                0x0000000008004f8c                vPortSetupTimerInterrupt
 .text.pvPortMalloc
                0x0000000008004fd0      0x150 CMakeFiles/motor_control.dir/Middlewares/Third_Party/FreeRTOS/Source/portable/MemMang/heap_4.c.obj
                0x0000000008004fd0                pvPortMalloc
 .text.vPortFree
                0x0000000008005120       0x98 CMakeFiles/motor_control.dir/Middlewares/Third_Party/FreeRTOS/Source/portable/MemMang/heap_4.c.obj
                0x0000000008005120                vPortFree
 .text.prvHeapInit
                0x00000000080051b8       0xb4 CMakeFiles/motor_control.dir/Middlewares/Third_Party/FreeRTOS/Source/portable/MemMang/heap_4.c.obj
 .text.prvInsertBlockIntoFreeList
                0x000000000800526c       0xb0 CMakeFiles/motor_control.dir/Middlewares/Third_Party/FreeRTOS/Source/portable/MemMang/heap_4.c.obj
 .text.Reset_Handler
                0x000000000800531c       0x50 CMakeFiles/motor_control.dir/startup_stm32c031xx.s.obj
                0x000000000800531c                Reset_Handler
 .text.Default_Handler
                0x000000000800536c        0x2 CMakeFiles/motor_control.dir/startup_stm32c031xx.s.obj
                0x000000000800536c                TIM1_BRK_UP_TRG_COM_IRQHandler
                0x000000000800536c                I2C1_IRQHandler
                0x000000000800536c                DMAMUX1_IRQHandler
                0x000000000800536c                SPI1_IRQHandler
                0x000000000800536c                EXTI2_3_IRQHandler
                0x000000000800536c                ADC1_IRQHandler
                0x000000000800536c                TIM17_IRQHandler
                0x000000000800536c                RTC_IRQHandler
                0x000000000800536c                TIM16_IRQHandler
                0x000000000800536c                TIM3_IRQHandler
                0x000000000800536c                RCC_IRQHandler
                0x000000000800536c                DMA1_Channel1_IRQHandler
                0x000000000800536c                Default_Handler
                0x000000000800536c                EXTI0_1_IRQHandler
                0x000000000800536c                WWDG_IRQHandler
                0x000000000800536c                DMA1_Channel2_3_IRQHandler
                0x000000000800536c                USART2_IRQHandler
                0x000000000800536c                FLASH_IRQHandler
                0x000000000800536c                USART1_IRQHandler
                0x000000000800536c                TIM1_CC_IRQHandler
 .text.memcpy   0x000000000800536e       0x12 /usr/local/bin/../lib/gcc/arm-none-eabi/10.3.1/../../../../arm-none-eabi/lib/thumb/v6-m/nofp/libg_nano.a(lib_a-memcpy-stub.o)
                0x000000000800536e                memcpy
 *(.glue_7)
 .glue_7        0x0000000008005380        0x0 linker stubs
 *(.glue_7t)
 .glue_7t       0x0000000008005380        0x0 linker stubs
 *(.eh_frame)
 .eh_frame      0x0000000008005380        0x0 /usr/local/bin/../lib/gcc/arm-none-eabi/10.3.1/thumb/v6-m/nofp/crtbegin.o
 *(.init)
 .init          0x0000000008005380        0x4 /usr/local/bin/../lib/gcc/arm-none-eabi/10.3.1/thumb/v6-m/nofp/crti.o
                0x0000000008005380                _init
 .init          0x0000000008005384        0x8 /usr/local/bin/../lib/gcc/arm-none-eabi/10.3.1/thumb/v6-m/nofp/crtn.o
 *(.fini)
 .fini          0x000000000800538c        0x4 /usr/local/bin/../lib/gcc/arm-none-eabi/10.3.1/thumb/v6-m/nofp/crti.o
                0x000000000800538c                _fini
 .fini          0x0000000008005390        0x8 /usr/local/bin/../lib/gcc/arm-none-eabi/10.3.1/thumb/v6-m/nofp/crtn.o
                0x0000000008005398                . = ALIGN (0x4)
                0x0000000008005398                _etext = .

.vfp11_veneer   0x0000000008005398        0x0
 .vfp11_veneer  0x0000000008005398        0x0 linker stubs

.v4_bx          0x0000000008005398        0x0
 .v4_bx         0x0000000008005398        0x0 linker stubs

.iplt           0x0000000008005398        0x0
 .iplt          0x0000000008005398        0x0 /usr/local/bin/../lib/gcc/arm-none-eabi/10.3.1/thumb/v6-m/nofp/crtbegin.o

.rodata         0x0000000008005398      0x178
                0x0000000008005398                . = ALIGN (0x4)
 *(.rodata)
 .rodata        0x0000000008005398       0x19 CMakeFiles/motor_control.dir/Core/Src/app_freertos.c.obj
 *fill*         0x00000000080053b1        0x3 
 .rodata        0x00000000080053b4        0x5 CMakeFiles/motor_control.dir/Middlewares/Third_Party/FreeRTOS/Source/tasks.c.obj
 *fill*         0x00000000080053b9        0x3 
 .rodata        0x00000000080053bc        0xd CMakeFiles/motor_control.dir/Middlewares/Third_Party/FreeRTOS/Source/timers.c.obj
 *(.rodata*)
 *fill*         0x00000000080053c9        0x3 
 .rodata.motor_coms_attributes
                0x00000000080053cc       0x24 CMakeFiles/motor_control.dir/Core/Src/app_freertos.c.obj
                0x00000000080053cc                motor_coms_attributes
 .rodata.control_task_attributes
                0x00000000080053f0       0x24 CMakeFiles/motor_control.dir/Core/Src/app_freertos.c.obj
                0x00000000080053f0                control_task_attributes
 .rodata.LED_PIN
                0x0000000008005414        0x4 CMakeFiles/motor_control.dir/Drivers/BSP/STM32C0xx_Nucleo/stm32c0xx_nucleo.c.obj
 .rodata.BUTTON_EXTI_LINE.2
                0x0000000008005418        0x4 CMakeFiles/motor_control.dir/Drivers/BSP/STM32C0xx_Nucleo/stm32c0xx_nucleo.c.obj
 .rodata.HAL_TIM_PWM_ConfigChannel
                0x000000000800541c       0x54 CMakeFiles/motor_control.dir/Drivers/STM32C0xx_HAL_Driver/Src/stm32c0xx_hal_tim.c.obj
 .rodata.UARTPrescTable
                0x0000000008005470       0x18 CMakeFiles/motor_control.dir/Drivers/STM32C0xx_HAL_Driver/Src/stm32c0xx_hal_uart.c.obj
                0x0000000008005470                UARTPrescTable
 .rodata.AHBPrescTable
                0x0000000008005488       0x40 CMakeFiles/motor_control.dir/Core/Src/system_stm32c0xx.c.obj
                0x0000000008005488                AHBPrescTable
 .rodata.APBPrescTable
                0x00000000080054c8       0x20 CMakeFiles/motor_control.dir/Core/Src/system_stm32c0xx.c.obj
                0x00000000080054c8                APBPrescTable
 .rodata.prvProcessReceivedCommands
                0x00000000080054e8       0x28 CMakeFiles/motor_control.dir/Middlewares/Third_Party/FreeRTOS/Source/timers.c.obj
                0x0000000008005510                . = ALIGN (0x4)

.rel.dyn        0x0000000008005510        0x0
 .rel.iplt      0x0000000008005510        0x0 /usr/local/bin/../lib/gcc/arm-none-eabi/10.3.1/thumb/v6-m/nofp/crtbegin.o

.ARM.extab
 *(.ARM.extab* .gnu.linkonce.armextab.*)

.ARM            0x0000000008005510        0x0
                0x0000000008005510                __exidx_start = .
 *(.ARM.exidx*)
                0x0000000008005510                __exidx_end = .

.preinit_array  0x0000000008005510        0x0
                0x0000000008005510                PROVIDE (__preinit_array_start = .)
 *(.preinit_array*)
                0x0000000008005510                PROVIDE (__preinit_array_end = .)

.init_array     0x0000000008005510        0x4
                0x0000000008005510                PROVIDE (__init_array_start = .)
 *(SORT_BY_NAME(.init_array.*))
 *(.init_array*)
 .init_array    0x0000000008005510        0x4 /usr/local/bin/../lib/gcc/arm-none-eabi/10.3.1/thumb/v6-m/nofp/crtbegin.o
                0x0000000008005514                PROVIDE (__init_array_end = .)

.fini_array     0x0000000008005514        0x4
                [!provide]                        PROVIDE (__fini_array_start = .)
 *(SORT_BY_NAME(.fini_array.*))
 *(.fini_array*)
 .fini_array    0x0000000008005514        0x4 /usr/local/bin/../lib/gcc/arm-none-eabi/10.3.1/thumb/v6-m/nofp/crtbegin.o
                [!provide]                        PROVIDE (__fini_array_end = .)
                0x0000000008005518                _sidata = LOADADDR (.data)

.data           0x0000000020000000       0x2c load address 0x0000000008005518
                0x0000000020000000                . = ALIGN (0x4)
                0x0000000020000000                _sdata = .
 *(.data)
 *(.data*)
 .data.COM_USART
                0x0000000020000000        0x4 CMakeFiles/motor_control.dir/Drivers/BSP/STM32C0xx_Nucleo/stm32c0xx_nucleo.c.obj
                0x0000000020000000                COM_USART
 .data.LED_PORT
                0x0000000020000004        0x8 CMakeFiles/motor_control.dir/Drivers/BSP/STM32C0xx_Nucleo/stm32c0xx_nucleo.c.obj
 .data.BUTTON_PORT
                0x000000002000000c        0x4 CMakeFiles/motor_control.dir/Drivers/BSP/STM32C0xx_Nucleo/stm32c0xx_nucleo.c.obj
 .data.ButtonCallback.1
                0x0000000020000010        0x4 CMakeFiles/motor_control.dir/Drivers/BSP/STM32C0xx_Nucleo/stm32c0xx_nucleo.c.obj
 .data.BSP_BUTTON_PRIO.0
                0x0000000020000014        0x4 CMakeFiles/motor_control.dir/Drivers/BSP/STM32C0xx_Nucleo/stm32c0xx_nucleo.c.obj
 .data.uwTickPrio
                0x0000000020000018        0x4 CMakeFiles/motor_control.dir/Drivers/STM32C0xx_HAL_Driver/Src/stm32c0xx_hal.c.obj
                0x0000000020000018                uwTickPrio
 .data.uwTickFreq
                0x000000002000001c        0x1 CMakeFiles/motor_control.dir/Drivers/STM32C0xx_HAL_Driver/Src/stm32c0xx_hal.c.obj
                0x000000002000001c                uwTickFreq
 *fill*         0x000000002000001d        0x3 
 .data.SystemCoreClock
                0x0000000020000020        0x4 CMakeFiles/motor_control.dir/Core/Src/system_stm32c0xx.c.obj
                0x0000000020000020                SystemCoreClock
 .data.uxTopUsedPriority
                0x0000000020000024        0x4 CMakeFiles/motor_control.dir/Middlewares/Third_Party/FreeRTOS/Source/tasks.c.obj
                0x0000000020000024                uxTopUsedPriority
 .data.uxCriticalNesting
                0x0000000020000028        0x4 CMakeFiles/motor_control.dir/Middlewares/Third_Party/FreeRTOS/Source/portable/GCC/ARM_CM0/port.c.obj
                0x000000002000002c                . = ALIGN (0x4)
                0x000000002000002c                _edata = .

.igot.plt       0x000000002000002c        0x0 load address 0x0000000008005544
 .igot.plt      0x000000002000002c        0x0 /usr/local/bin/../lib/gcc/arm-none-eabi/10.3.1/thumb/v6-m/nofp/crtbegin.o
                0x000000002000002c                . = ALIGN (0x4)

.bss            0x000000002000002c     0x2200 load address 0x0000000008005544
                0x000000002000002c                _sbss = .
                0x000000002000002c                __bss_start__ = _sbss
 *(.bss)
 .bss           0x000000002000002c       0x1c /usr/local/bin/../lib/gcc/arm-none-eabi/10.3.1/thumb/v6-m/nofp/crtbegin.o
 *(.bss*)
 .bss.BspCOMInit
                0x0000000020000048       0x10 CMakeFiles/motor_control.dir/Core/Src/main.c.obj
                0x0000000020000048                BspCOMInit
 .bss.htim3     0x0000000020000058       0x4c CMakeFiles/motor_control.dir/Core/Src/main.c.obj
                0x0000000020000058                htim3
 .bss.huart2    0x00000000200000a4       0x94 CMakeFiles/motor_control.dir/Core/Src/main.c.obj
                0x00000000200000a4                huart2
 .bss.motor_comsHandle
                0x0000000020000138        0x4 CMakeFiles/motor_control.dir/Core/Src/app_freertos.c.obj
                0x0000000020000138                motor_comsHandle
 .bss.MyBufferTask01
                0x000000002000013c      0x200 CMakeFiles/motor_control.dir/Core/Src/app_freertos.c.obj
                0x000000002000013c                MyBufferTask01
 .bss.MycontrolBlocTask01
                0x000000002000033c       0x5c CMakeFiles/motor_control.dir/Core/Src/app_freertos.c.obj
                0x000000002000033c                MycontrolBlocTask01
 .bss.control_taskHandle
                0x0000000020000398        0x4 CMakeFiles/motor_control.dir/Core/Src/app_freertos.c.obj
                0x0000000020000398                control_taskHandle
 .bss.MyBufferTask02
                0x000000002000039c      0x200 CMakeFiles/motor_control.dir/Core/Src/app_freertos.c.obj
                0x000000002000039c                MyBufferTask02
 .bss.MycontrolBlocTask02
                0x000000002000059c       0x5c CMakeFiles/motor_control.dir/Core/Src/app_freertos.c.obj
                0x000000002000059c                MycontrolBlocTask02
 .bss.htim14    0x00000000200005f8       0x4c CMakeFiles/motor_control.dir/Core/Src/stm32c0xx_hal_timebase_tim.c.obj
                0x00000000200005f8                htim14
 .bss.hpb_exti  0x0000000020000644        0xc CMakeFiles/motor_control.dir/Drivers/BSP/STM32C0xx_Nucleo/stm32c0xx_nucleo.c.obj
                0x0000000020000644                hpb_exti
 .bss.hcom_uart
                0x0000000020000650       0x94 CMakeFiles/motor_control.dir/Drivers/BSP/STM32C0xx_Nucleo/stm32c0xx_nucleo.c.obj
                0x0000000020000650                hcom_uart
 .bss.uwTick    0x00000000200006e4        0x4 CMakeFiles/motor_control.dir/Drivers/STM32C0xx_HAL_Driver/Src/stm32c0xx_hal.c.obj
                0x00000000200006e4                uwTick
 .bss.xQueueRegistry
                0x00000000200006e8       0x40 CMakeFiles/motor_control.dir/Middlewares/Third_Party/FreeRTOS/Source/queue.c.obj
                0x00000000200006e8                xQueueRegistry
 .bss.pxCurrentTCB
                0x0000000020000728        0x4 CMakeFiles/motor_control.dir/Middlewares/Third_Party/FreeRTOS/Source/tasks.c.obj
                0x0000000020000728                pxCurrentTCB
 .bss.pxReadyTasksLists
                0x000000002000072c      0x460 CMakeFiles/motor_control.dir/Middlewares/Third_Party/FreeRTOS/Source/tasks.c.obj
 .bss.xDelayedTaskList1
                0x0000000020000b8c       0x14 CMakeFiles/motor_control.dir/Middlewares/Third_Party/FreeRTOS/Source/tasks.c.obj
 .bss.xDelayedTaskList2
                0x0000000020000ba0       0x14 CMakeFiles/motor_control.dir/Middlewares/Third_Party/FreeRTOS/Source/tasks.c.obj
 .bss.pxDelayedTaskList
                0x0000000020000bb4        0x4 CMakeFiles/motor_control.dir/Middlewares/Third_Party/FreeRTOS/Source/tasks.c.obj
 .bss.pxOverflowDelayedTaskList
                0x0000000020000bb8        0x4 CMakeFiles/motor_control.dir/Middlewares/Third_Party/FreeRTOS/Source/tasks.c.obj
 .bss.xPendingReadyList
                0x0000000020000bbc       0x14 CMakeFiles/motor_control.dir/Middlewares/Third_Party/FreeRTOS/Source/tasks.c.obj
 .bss.xTasksWaitingTermination
                0x0000000020000bd0       0x14 CMakeFiles/motor_control.dir/Middlewares/Third_Party/FreeRTOS/Source/tasks.c.obj
 .bss.uxDeletedTasksWaitingCleanUp
                0x0000000020000be4        0x4 CMakeFiles/motor_control.dir/Middlewares/Third_Party/FreeRTOS/Source/tasks.c.obj
 .bss.xSuspendedTaskList
                0x0000000020000be8       0x14 CMakeFiles/motor_control.dir/Middlewares/Third_Party/FreeRTOS/Source/tasks.c.obj
 .bss.uxCurrentNumberOfTasks
                0x0000000020000bfc        0x4 CMakeFiles/motor_control.dir/Middlewares/Third_Party/FreeRTOS/Source/tasks.c.obj
 .bss.xTickCount
                0x0000000020000c00        0x4 CMakeFiles/motor_control.dir/Middlewares/Third_Party/FreeRTOS/Source/tasks.c.obj
 .bss.uxTopReadyPriority
                0x0000000020000c04        0x4 CMakeFiles/motor_control.dir/Middlewares/Third_Party/FreeRTOS/Source/tasks.c.obj
 .bss.xSchedulerRunning
                0x0000000020000c08        0x4 CMakeFiles/motor_control.dir/Middlewares/Third_Party/FreeRTOS/Source/tasks.c.obj
 .bss.xPendedTicks
                0x0000000020000c0c        0x4 CMakeFiles/motor_control.dir/Middlewares/Third_Party/FreeRTOS/Source/tasks.c.obj
 .bss.xYieldPending
                0x0000000020000c10        0x4 CMakeFiles/motor_control.dir/Middlewares/Third_Party/FreeRTOS/Source/tasks.c.obj
 .bss.xNumOfOverflows
                0x0000000020000c14        0x4 CMakeFiles/motor_control.dir/Middlewares/Third_Party/FreeRTOS/Source/tasks.c.obj
 .bss.uxTaskNumber
                0x0000000020000c18        0x4 CMakeFiles/motor_control.dir/Middlewares/Third_Party/FreeRTOS/Source/tasks.c.obj
 .bss.xNextTaskUnblockTime
                0x0000000020000c1c        0x4 CMakeFiles/motor_control.dir/Middlewares/Third_Party/FreeRTOS/Source/tasks.c.obj
 .bss.xIdleTaskHandle
                0x0000000020000c20        0x4 CMakeFiles/motor_control.dir/Middlewares/Third_Party/FreeRTOS/Source/tasks.c.obj
 .bss.uxSchedulerSuspended
                0x0000000020000c24        0x4 CMakeFiles/motor_control.dir/Middlewares/Third_Party/FreeRTOS/Source/tasks.c.obj
 .bss.xActiveTimerList1
                0x0000000020000c28       0x14 CMakeFiles/motor_control.dir/Middlewares/Third_Party/FreeRTOS/Source/timers.c.obj
 .bss.xActiveTimerList2
                0x0000000020000c3c       0x14 CMakeFiles/motor_control.dir/Middlewares/Third_Party/FreeRTOS/Source/timers.c.obj
 .bss.pxCurrentTimerList
                0x0000000020000c50        0x4 CMakeFiles/motor_control.dir/Middlewares/Third_Party/FreeRTOS/Source/timers.c.obj
 .bss.pxOverflowTimerList
                0x0000000020000c54        0x4 CMakeFiles/motor_control.dir/Middlewares/Third_Party/FreeRTOS/Source/timers.c.obj
 .bss.xTimerQueue
                0x0000000020000c58        0x4 CMakeFiles/motor_control.dir/Middlewares/Third_Party/FreeRTOS/Source/timers.c.obj
 .bss.xTimerTaskHandle
                0x0000000020000c5c        0x4 CMakeFiles/motor_control.dir/Middlewares/Third_Party/FreeRTOS/Source/timers.c.obj
 .bss.xLastTime.2
                0x0000000020000c60        0x4 CMakeFiles/motor_control.dir/Middlewares/Third_Party/FreeRTOS/Source/timers.c.obj
 .bss.ucStaticTimerQueueStorage.1
                0x0000000020000c64       0xa0 CMakeFiles/motor_control.dir/Middlewares/Third_Party/FreeRTOS/Source/timers.c.obj
 .bss.xStaticTimerQueue.0
                0x0000000020000d04       0x50 CMakeFiles/motor_control.dir/Middlewares/Third_Party/FreeRTOS/Source/timers.c.obj
 .bss.KernelState
                0x0000000020000d54        0x4 CMakeFiles/motor_control.dir/Middlewares/Third_Party/FreeRTOS/Source/CMSIS_RTOS_V2/cmsis_os2.c.obj
 .bss.Idle_TCB.3
                0x0000000020000d58       0x5c CMakeFiles/motor_control.dir/Middlewares/Third_Party/FreeRTOS/Source/CMSIS_RTOS_V2/cmsis_os2.c.obj
 .bss.Idle_Stack.2
                0x0000000020000db4      0x200 CMakeFiles/motor_control.dir/Middlewares/Third_Party/FreeRTOS/Source/CMSIS_RTOS_V2/cmsis_os2.c.obj
 .bss.Timer_TCB.1
                0x0000000020000fb4       0x5c CMakeFiles/motor_control.dir/Middlewares/Third_Party/FreeRTOS/Source/CMSIS_RTOS_V2/cmsis_os2.c.obj
 .bss.Timer_Stack.0
                0x0000000020001010      0x200 CMakeFiles/motor_control.dir/Middlewares/Third_Party/FreeRTOS/Source/CMSIS_RTOS_V2/cmsis_os2.c.obj
 .bss.ucHeap    0x0000000020001210     0x1000 CMakeFiles/motor_control.dir/Middlewares/Third_Party/FreeRTOS/Source/portable/MemMang/heap_4.c.obj
 .bss.xStart    0x0000000020002210        0x8 CMakeFiles/motor_control.dir/Middlewares/Third_Party/FreeRTOS/Source/portable/MemMang/heap_4.c.obj
 .bss.pxEnd     0x0000000020002218        0x4 CMakeFiles/motor_control.dir/Middlewares/Third_Party/FreeRTOS/Source/portable/MemMang/heap_4.c.obj
 .bss.xFreeBytesRemaining
                0x000000002000221c        0x4 CMakeFiles/motor_control.dir/Middlewares/Third_Party/FreeRTOS/Source/portable/MemMang/heap_4.c.obj
 .bss.xMinimumEverFreeBytesRemaining
                0x0000000020002220        0x4 CMakeFiles/motor_control.dir/Middlewares/Third_Party/FreeRTOS/Source/portable/MemMang/heap_4.c.obj
 .bss.xNumberOfSuccessfulAllocations
                0x0000000020002224        0x4 CMakeFiles/motor_control.dir/Middlewares/Third_Party/FreeRTOS/Source/portable/MemMang/heap_4.c.obj
 .bss.xNumberOfSuccessfulFrees
                0x0000000020002228        0x4 CMakeFiles/motor_control.dir/Middlewares/Third_Party/FreeRTOS/Source/portable/MemMang/heap_4.c.obj
 *(COMMON)
                0x000000002000222c                . = ALIGN (0x4)
                0x000000002000222c                _ebss = .
                0x000000002000222c                __bss_end__ = _ebss

._user_heap_stack
                0x000000002000222c      0x604 load address 0x0000000008005544
                0x0000000020002230                . = ALIGN (0x8)
 *fill*         0x000000002000222c        0x4 
                [!provide]                        PROVIDE (end = .)
                0x0000000020002230                PROVIDE (_end = .)
                0x0000000020002430                . = (. + _Min_Heap_Size)
 *fill*         0x0000000020002230      0x200 
                0x0000000020002830                . = (. + _Min_Stack_Size)
 *fill*         0x0000000020002430      0x400 
                0x0000000020002830                . = ALIGN (0x8)

/DISCARD/
 libc.a(*)
 libm.a(*)
 libgcc.a(*)

.ARM.attributes
                0x0000000000000000       0x28
 *(.ARM.attributes)
 .ARM.attributes
                0x0000000000000000       0x1e /usr/local/bin/../lib/gcc/arm-none-eabi/10.3.1/thumb/v6-m/nofp/crti.o
 .ARM.attributes
                0x000000000000001e       0x2c /usr/local/bin/../lib/gcc/arm-none-eabi/10.3.1/thumb/v6-m/nofp/crtbegin.o
 .ARM.attributes
                0x000000000000004a       0x2c /usr/local/bin/../lib/gcc/arm-none-eabi/10.3.1/../../../../arm-none-eabi/lib/thumb/v6-m/nofp/libc_nano.a(lib_a-init.o)
 .ARM.attributes
                0x0000000000000076       0x2c /usr/local/bin/../lib/gcc/arm-none-eabi/10.3.1/../../../../arm-none-eabi/lib/thumb/v6-m/nofp/libc_nano.a(lib_a-memset.o)
 .ARM.attributes
                0x00000000000000a2       0x2c CMakeFiles/motor_control.dir/Core/Src/main.c.obj
 .ARM.attributes
                0x00000000000000ce       0x2c CMakeFiles/motor_control.dir/Core/Src/app_freertos.c.obj
 .ARM.attributes
                0x00000000000000fa       0x2c CMakeFiles/motor_control.dir/Core/Src/stm32c0xx_it.c.obj
 .ARM.attributes
                0x0000000000000126       0x2c CMakeFiles/motor_control.dir/Core/Src/stm32c0xx_hal_msp.c.obj
 .ARM.attributes
                0x0000000000000152       0x2c CMakeFiles/motor_control.dir/Core/Src/stm32c0xx_hal_timebase_tim.c.obj
 .ARM.attributes
                0x000000000000017e       0x2c CMakeFiles/motor_control.dir/Drivers/BSP/STM32C0xx_Nucleo/stm32c0xx_nucleo.c.obj
 .ARM.attributes
                0x00000000000001aa       0x2c CMakeFiles/motor_control.dir/Drivers/STM32C0xx_HAL_Driver/Src/stm32c0xx_hal.c.obj
 .ARM.attributes
                0x00000000000001d6       0x2c CMakeFiles/motor_control.dir/Drivers/STM32C0xx_HAL_Driver/Src/stm32c0xx_hal_cortex.c.obj
 .ARM.attributes
                0x0000000000000202       0x2c CMakeFiles/motor_control.dir/Drivers/STM32C0xx_HAL_Driver/Src/stm32c0xx_hal_rcc.c.obj
 .ARM.attributes
                0x000000000000022e       0x2c CMakeFiles/motor_control.dir/Drivers/STM32C0xx_HAL_Driver/Src/stm32c0xx_hal_gpio.c.obj
 .ARM.attributes
                0x000000000000025a       0x2c CMakeFiles/motor_control.dir/Drivers/STM32C0xx_HAL_Driver/Src/stm32c0xx_hal_exti.c.obj
 .ARM.attributes
                0x0000000000000286       0x2c CMakeFiles/motor_control.dir/Drivers/STM32C0xx_HAL_Driver/Src/stm32c0xx_hal_tim.c.obj
 .ARM.attributes
                0x00000000000002b2       0x2c CMakeFiles/motor_control.dir/Drivers/STM32C0xx_HAL_Driver/Src/stm32c0xx_hal_tim_ex.c.obj
 .ARM.attributes
                0x00000000000002de       0x2c CMakeFiles/motor_control.dir/Drivers/STM32C0xx_HAL_Driver/Src/stm32c0xx_hal_uart.c.obj
 .ARM.attributes
                0x000000000000030a       0x2c CMakeFiles/motor_control.dir/Core/Src/system_stm32c0xx.c.obj
 .ARM.attributes
                0x0000000000000336       0x2c CMakeFiles/motor_control.dir/Middlewares/Third_Party/FreeRTOS/Source/list.c.obj
 .ARM.attributes
                0x0000000000000362       0x2c CMakeFiles/motor_control.dir/Middlewares/Third_Party/FreeRTOS/Source/queue.c.obj
 .ARM.attributes
                0x000000000000038e       0x2c CMakeFiles/motor_control.dir/Middlewares/Third_Party/FreeRTOS/Source/tasks.c.obj
 .ARM.attributes
                0x00000000000003ba       0x2c CMakeFiles/motor_control.dir/Middlewares/Third_Party/FreeRTOS/Source/timers.c.obj
 .ARM.attributes
                0x00000000000003e6       0x2c CMakeFiles/motor_control.dir/Middlewares/Third_Party/FreeRTOS/Source/CMSIS_RTOS_V2/cmsis_os2.c.obj
 .ARM.attributes
                0x0000000000000412       0x2c CMakeFiles/motor_control.dir/Middlewares/Third_Party/FreeRTOS/Source/portable/GCC/ARM_CM0/port.c.obj
 .ARM.attributes
                0x000000000000043e       0x2c CMakeFiles/motor_control.dir/Middlewares/Third_Party/FreeRTOS/Source/portable/MemMang/heap_4.c.obj
 .ARM.attributes
                0x000000000000046a       0x22 CMakeFiles/motor_control.dir/startup_stm32c031xx.s.obj
 .ARM.attributes
                0x000000000000048c       0x1e /usr/local/bin/../lib/gcc/arm-none-eabi/10.3.1/thumb/v6-m/nofp/libgcc.a(_udivsi3.o)
 .ARM.attributes
                0x00000000000004aa       0x1e /usr/local/bin/../lib/gcc/arm-none-eabi/10.3.1/thumb/v6-m/nofp/libgcc.a(_dvmd_tls.o)
 .ARM.attributes
                0x00000000000004c8       0x2c /usr/local/bin/../lib/gcc/arm-none-eabi/10.3.1/../../../../arm-none-eabi/lib/thumb/v6-m/nofp/libg_nano.a(lib_a-memcpy-stub.o)
 .ARM.attributes
                0x00000000000004f4       0x1e /usr/local/bin/../lib/gcc/arm-none-eabi/10.3.1/thumb/v6-m/nofp/crtn.o
OUTPUT(motor_control.elf elf32-littlearm)
LOAD linker stubs
LOAD /usr/local/bin/../lib/gcc/arm-none-eabi/10.3.1/../../../../arm-none-eabi/lib/thumb/v6-m/nofp/libc.a
LOAD /usr/local/bin/../lib/gcc/arm-none-eabi/10.3.1/../../../../arm-none-eabi/lib/thumb/v6-m/nofp/libm.a
LOAD /usr/local/bin/../lib/gcc/arm-none-eabi/10.3.1/thumb/v6-m/nofp/libgcc.a

.debug_frame    0x0000000000000000     0x4e54
 .debug_frame   0x0000000000000000       0x2c /usr/local/bin/../lib/gcc/arm-none-eabi/10.3.1/../../../../arm-none-eabi/lib/thumb/v6-m/nofp/libc_nano.a(lib_a-init.o)
 .debug_frame   0x000000000000002c       0x20 /usr/local/bin/../lib/gcc/arm-none-eabi/10.3.1/../../../../arm-none-eabi/lib/thumb/v6-m/nofp/libc_nano.a(lib_a-memset.o)
 .debug_frame   0x000000000000004c       0xe4 CMakeFiles/motor_control.dir/Core/Src/main.c.obj
 .debug_frame   0x0000000000000130       0x6c CMakeFiles/motor_control.dir/Core/Src/app_freertos.c.obj
 .debug_frame   0x000000000000019c       0x80 CMakeFiles/motor_control.dir/Core/Src/stm32c0xx_it.c.obj
 .debug_frame   0x000000000000021c       0xd0 CMakeFiles/motor_control.dir/Core/Src/stm32c0xx_hal_msp.c.obj
 .debug_frame   0x00000000000002ec       0x68 CMakeFiles/motor_control.dir/Core/Src/stm32c0xx_hal_timebase_tim.c.obj
 .debug_frame   0x0000000000000354      0x2c0 CMakeFiles/motor_control.dir/Drivers/BSP/STM32C0xx_Nucleo/stm32c0xx_nucleo.c.obj
 .debug_frame   0x0000000000000614      0x368 CMakeFiles/motor_control.dir/Drivers/STM32C0xx_HAL_Driver/Src/stm32c0xx_hal.c.obj
 .debug_frame   0x000000000000097c      0x33c CMakeFiles/motor_control.dir/Drivers/STM32C0xx_HAL_Driver/Src/stm32c0xx_hal_cortex.c.obj
 .debug_frame   0x0000000000000cb8      0x214 CMakeFiles/motor_control.dir/Drivers/STM32C0xx_HAL_Driver/Src/stm32c0xx_hal_rcc.c.obj
 .debug_frame   0x0000000000000ecc      0x150 CMakeFiles/motor_control.dir/Drivers/STM32C0xx_HAL_Driver/Src/stm32c0xx_hal_gpio.c.obj
 .debug_frame   0x000000000000101c      0x130 CMakeFiles/motor_control.dir/Drivers/STM32C0xx_HAL_Driver/Src/stm32c0xx_hal_exti.c.obj
 .debug_frame   0x000000000000114c      0xf40 CMakeFiles/motor_control.dir/Drivers/STM32C0xx_HAL_Driver/Src/stm32c0xx_hal_tim.c.obj
 .debug_frame   0x000000000000208c      0x620 CMakeFiles/motor_control.dir/Drivers/STM32C0xx_HAL_Driver/Src/stm32c0xx_hal_tim_ex.c.obj
 .debug_frame   0x00000000000026ac      0x8d4 CMakeFiles/motor_control.dir/Drivers/STM32C0xx_HAL_Driver/Src/stm32c0xx_hal_uart.c.obj
 .debug_frame   0x0000000000002f80       0x4c CMakeFiles/motor_control.dir/Core/Src/system_stm32c0xx.c.obj
 .debug_frame   0x0000000000002fcc       0xb0 CMakeFiles/motor_control.dir/Middlewares/Third_Party/FreeRTOS/Source/list.c.obj
 .debug_frame   0x000000000000307c      0x518 CMakeFiles/motor_control.dir/Middlewares/Third_Party/FreeRTOS/Source/queue.c.obj
 .debug_frame   0x0000000000003594      0x7b8 CMakeFiles/motor_control.dir/Middlewares/Third_Party/FreeRTOS/Source/tasks.c.obj
 .debug_frame   0x0000000000003d4c      0x3ac CMakeFiles/motor_control.dir/Middlewares/Third_Party/FreeRTOS/Source/timers.c.obj
 .debug_frame   0x00000000000040f8      0xa7c CMakeFiles/motor_control.dir/Middlewares/Third_Party/FreeRTOS/Source/CMSIS_RTOS_V2/cmsis_os2.c.obj
 .debug_frame   0x0000000000004b74      0x174 CMakeFiles/motor_control.dir/Middlewares/Third_Party/FreeRTOS/Source/portable/GCC/ARM_CM0/port.c.obj
 .debug_frame   0x0000000000004ce8      0x124 CMakeFiles/motor_control.dir/Middlewares/Third_Party/FreeRTOS/Source/portable/MemMang/heap_4.c.obj
 .debug_frame   0x0000000000004e0c       0x20 /usr/local/bin/../lib/gcc/arm-none-eabi/10.3.1/thumb/v6-m/nofp/libgcc.a(_udivsi3.o)
 .debug_frame   0x0000000000004e2c       0x28 /usr/local/bin/../lib/gcc/arm-none-eabi/10.3.1/../../../../arm-none-eabi/lib/thumb/v6-m/nofp/libg_nano.a(lib_a-memcpy-stub.o)

.debug_info     0x0000000000000000    0x18419
 .debug_info    0x0000000000000000     0x12af CMakeFiles/motor_control.dir/Core/Src/main.c.obj
 .debug_info    0x00000000000012af      0x531 CMakeFiles/motor_control.dir/Core/Src/app_freertos.c.obj
 .debug_info    0x00000000000017e0      0x7c5 CMakeFiles/motor_control.dir/Core/Src/stm32c0xx_it.c.obj
 .debug_info    0x0000000000001fa5      0xfd6 CMakeFiles/motor_control.dir/Core/Src/stm32c0xx_hal_msp.c.obj
 .debug_info    0x0000000000002f7b      0xab2 CMakeFiles/motor_control.dir/Core/Src/stm32c0xx_hal_timebase_tim.c.obj
 .debug_info    0x0000000000003a2d     0x143b CMakeFiles/motor_control.dir/Drivers/BSP/STM32C0xx_Nucleo/stm32c0xx_nucleo.c.obj
 .debug_info    0x0000000000004e68      0x832 CMakeFiles/motor_control.dir/Drivers/STM32C0xx_HAL_Driver/Src/stm32c0xx_hal.c.obj
 .debug_info    0x000000000000569a      0x8f7 CMakeFiles/motor_control.dir/Drivers/STM32C0xx_HAL_Driver/Src/stm32c0xx_hal_cortex.c.obj
 .debug_info    0x0000000000005f91      0x910 CMakeFiles/motor_control.dir/Drivers/STM32C0xx_HAL_Driver/Src/stm32c0xx_hal_rcc.c.obj
 .debug_info    0x00000000000068a1      0x5fb CMakeFiles/motor_control.dir/Drivers/STM32C0xx_HAL_Driver/Src/stm32c0xx_hal_gpio.c.obj
 .debug_info    0x0000000000006e9c      0x685 CMakeFiles/motor_control.dir/Drivers/STM32C0xx_HAL_Driver/Src/stm32c0xx_hal_exti.c.obj
 .debug_info    0x0000000000007521     0x2d5a CMakeFiles/motor_control.dir/Drivers/STM32C0xx_HAL_Driver/Src/stm32c0xx_hal_tim.c.obj
 .debug_info    0x000000000000a27b     0x1894 CMakeFiles/motor_control.dir/Drivers/STM32C0xx_HAL_Driver/Src/stm32c0xx_hal_tim_ex.c.obj
 .debug_info    0x000000000000bb0f     0x4a23 CMakeFiles/motor_control.dir/Drivers/STM32C0xx_HAL_Driver/Src/stm32c0xx_hal_uart.c.obj
 .debug_info    0x0000000000010532      0x380 CMakeFiles/motor_control.dir/Core/Src/system_stm32c0xx.c.obj
 .debug_info    0x00000000000108b2      0x2d1 CMakeFiles/motor_control.dir/Middlewares/Third_Party/FreeRTOS/Source/list.c.obj
 .debug_info    0x0000000000010b83     0x150f CMakeFiles/motor_control.dir/Middlewares/Third_Party/FreeRTOS/Source/queue.c.obj
 .debug_info    0x0000000000012092     0x201e CMakeFiles/motor_control.dir/Middlewares/Third_Party/FreeRTOS/Source/tasks.c.obj
 .debug_info    0x00000000000140b0     0x115b CMakeFiles/motor_control.dir/Middlewares/Third_Party/FreeRTOS/Source/timers.c.obj
 .debug_info    0x000000000001520b     0x2ae7 CMakeFiles/motor_control.dir/Middlewares/Third_Party/FreeRTOS/Source/CMSIS_RTOS_V2/cmsis_os2.c.obj
 .debug_info    0x0000000000017cf2      0x28a CMakeFiles/motor_control.dir/Middlewares/Third_Party/FreeRTOS/Source/portable/GCC/ARM_CM0/port.c.obj
 .debug_info    0x0000000000017f7c      0x47b CMakeFiles/motor_control.dir/Middlewares/Third_Party/FreeRTOS/Source/portable/MemMang/heap_4.c.obj
 .debug_info    0x00000000000183f7       0x22 CMakeFiles/motor_control.dir/startup_stm32c031xx.s.obj

.debug_abbrev   0x0000000000000000     0x2e72
 .debug_abbrev  0x0000000000000000      0x277 CMakeFiles/motor_control.dir/Core/Src/main.c.obj
 .debug_abbrev  0x0000000000000277      0x160 CMakeFiles/motor_control.dir/Core/Src/app_freertos.c.obj
 .debug_abbrev  0x00000000000003d7      0x16d CMakeFiles/motor_control.dir/Core/Src/stm32c0xx_it.c.obj
 .debug_abbrev  0x0000000000000544      0x1be CMakeFiles/motor_control.dir/Core/Src/stm32c0xx_hal_msp.c.obj
 .debug_abbrev  0x0000000000000702      0x1b6 CMakeFiles/motor_control.dir/Core/Src/stm32c0xx_hal_timebase_tim.c.obj
 .debug_abbrev  0x00000000000008b8      0x2d0 CMakeFiles/motor_control.dir/Drivers/BSP/STM32C0xx_Nucleo/stm32c0xx_nucleo.c.obj
 .debug_abbrev  0x0000000000000b88      0x28e CMakeFiles/motor_control.dir/Drivers/STM32C0xx_HAL_Driver/Src/stm32c0xx_hal.c.obj
 .debug_abbrev  0x0000000000000e16      0x2ac CMakeFiles/motor_control.dir/Drivers/STM32C0xx_HAL_Driver/Src/stm32c0xx_hal_cortex.c.obj
 .debug_abbrev  0x00000000000010c2      0x239 CMakeFiles/motor_control.dir/Drivers/STM32C0xx_HAL_Driver/Src/stm32c0xx_hal_rcc.c.obj
 .debug_abbrev  0x00000000000012fb      0x1ca CMakeFiles/motor_control.dir/Drivers/STM32C0xx_HAL_Driver/Src/stm32c0xx_hal_gpio.c.obj
 .debug_abbrev  0x00000000000014c5      0x15e CMakeFiles/motor_control.dir/Drivers/STM32C0xx_HAL_Driver/Src/stm32c0xx_hal_exti.c.obj
 .debug_abbrev  0x0000000000001623      0x249 CMakeFiles/motor_control.dir/Drivers/STM32C0xx_HAL_Driver/Src/stm32c0xx_hal_tim.c.obj
 .debug_abbrev  0x000000000000186c      0x251 CMakeFiles/motor_control.dir/Drivers/STM32C0xx_HAL_Driver/Src/stm32c0xx_hal_tim_ex.c.obj
 .debug_abbrev  0x0000000000001abd      0x2be CMakeFiles/motor_control.dir/Drivers/STM32C0xx_HAL_Driver/Src/stm32c0xx_hal_uart.c.obj
 .debug_abbrev  0x0000000000001d7b      0x116 CMakeFiles/motor_control.dir/Core/Src/system_stm32c0xx.c.obj
 .debug_abbrev  0x0000000000001e91       0xf2 CMakeFiles/motor_control.dir/Middlewares/Third_Party/FreeRTOS/Source/list.c.obj
 .debug_abbrev  0x0000000000001f83      0x267 CMakeFiles/motor_control.dir/Middlewares/Third_Party/FreeRTOS/Source/queue.c.obj
 .debug_abbrev  0x00000000000021ea      0x28f CMakeFiles/motor_control.dir/Middlewares/Third_Party/FreeRTOS/Source/tasks.c.obj
 .debug_abbrev  0x0000000000002479      0x272 CMakeFiles/motor_control.dir/Middlewares/Third_Party/FreeRTOS/Source/timers.c.obj
 .debug_abbrev  0x00000000000026eb      0x41c CMakeFiles/motor_control.dir/Middlewares/Third_Party/FreeRTOS/Source/CMSIS_RTOS_V2/cmsis_os2.c.obj
 .debug_abbrev  0x0000000000002b07      0x1c6 CMakeFiles/motor_control.dir/Middlewares/Third_Party/FreeRTOS/Source/portable/GCC/ARM_CM0/port.c.obj
 .debug_abbrev  0x0000000000002ccd      0x193 CMakeFiles/motor_control.dir/Middlewares/Third_Party/FreeRTOS/Source/portable/MemMang/heap_4.c.obj
 .debug_abbrev  0x0000000000002e60       0x12 CMakeFiles/motor_control.dir/startup_stm32c031xx.s.obj

.debug_aranges  0x0000000000000000     0x1598
 .debug_aranges
                0x0000000000000000       0x50 CMakeFiles/motor_control.dir/Core/Src/main.c.obj
 .debug_aranges
                0x0000000000000050       0x30 CMakeFiles/motor_control.dir/Core/Src/app_freertos.c.obj
 .debug_aranges
                0x0000000000000080       0x38 CMakeFiles/motor_control.dir/Core/Src/stm32c0xx_it.c.obj
 .debug_aranges
                0x00000000000000b8       0x48 CMakeFiles/motor_control.dir/Core/Src/stm32c0xx_hal_msp.c.obj
 .debug_aranges
                0x0000000000000100       0x30 CMakeFiles/motor_control.dir/Core/Src/stm32c0xx_hal_timebase_tim.c.obj
 .debug_aranges
                0x0000000000000130       0xc8 CMakeFiles/motor_control.dir/Drivers/BSP/STM32C0xx_Nucleo/stm32c0xx_nucleo.c.obj
 .debug_aranges
                0x00000000000001f8      0x100 CMakeFiles/motor_control.dir/Drivers/STM32C0xx_HAL_Driver/Src/stm32c0xx_hal.c.obj
 .debug_aranges
                0x00000000000002f8       0xe8 CMakeFiles/motor_control.dir/Drivers/STM32C0xx_HAL_Driver/Src/stm32c0xx_hal_cortex.c.obj
 .debug_aranges
                0x00000000000003e0       0xa0 CMakeFiles/motor_control.dir/Drivers/STM32C0xx_HAL_Driver/Src/stm32c0xx_hal_rcc.c.obj
 .debug_aranges
                0x0000000000000480       0x68 CMakeFiles/motor_control.dir/Drivers/STM32C0xx_HAL_Driver/Src/stm32c0xx_hal_gpio.c.obj
 .debug_aranges
                0x00000000000004e8       0x60 CMakeFiles/motor_control.dir/Drivers/STM32C0xx_HAL_Driver/Src/stm32c0xx_hal_exti.c.obj
 .debug_aranges
                0x0000000000000548      0x3e0 CMakeFiles/motor_control.dir/Drivers/STM32C0xx_HAL_Driver/Src/stm32c0xx_hal_tim.c.obj
 .debug_aranges
                0x0000000000000928      0x198 CMakeFiles/motor_control.dir/Drivers/STM32C0xx_HAL_Driver/Src/stm32c0xx_hal_tim_ex.c.obj
 .debug_aranges
                0x0000000000000ac0      0x248 CMakeFiles/motor_control.dir/Drivers/STM32C0xx_HAL_Driver/Src/stm32c0xx_hal_uart.c.obj
 .debug_aranges
                0x0000000000000d08       0x28 CMakeFiles/motor_control.dir/Core/Src/system_stm32c0xx.c.obj
 .debug_aranges
                0x0000000000000d30       0x40 CMakeFiles/motor_control.dir/Middlewares/Third_Party/FreeRTOS/Source/list.c.obj
 .debug_aranges
                0x0000000000000d70      0x158 CMakeFiles/motor_control.dir/Middlewares/Third_Party/FreeRTOS/Source/queue.c.obj
 .debug_aranges
                0x0000000000000ec8      0x208 CMakeFiles/motor_control.dir/Middlewares/Third_Party/FreeRTOS/Source/tasks.c.obj
 .debug_aranges
                0x00000000000010d0      0x100 CMakeFiles/motor_control.dir/Middlewares/Third_Party/FreeRTOS/Source/timers.c.obj
 .debug_aranges
                0x00000000000011d0      0x2b8 CMakeFiles/motor_control.dir/Middlewares/Third_Party/FreeRTOS/Source/CMSIS_RTOS_V2/cmsis_os2.c.obj
 .debug_aranges
                0x0000000000001488       0x88 CMakeFiles/motor_control.dir/Middlewares/Third_Party/FreeRTOS/Source/portable/GCC/ARM_CM0/port.c.obj
 .debug_aranges
                0x0000000000001510       0x60 CMakeFiles/motor_control.dir/Middlewares/Third_Party/FreeRTOS/Source/portable/MemMang/heap_4.c.obj
 .debug_aranges
                0x0000000000001570       0x28 CMakeFiles/motor_control.dir/startup_stm32c031xx.s.obj

.debug_ranges   0x0000000000000000     0x1460
 .debug_ranges  0x0000000000000000       0x40 CMakeFiles/motor_control.dir/Core/Src/main.c.obj
 .debug_ranges  0x0000000000000040       0x20 CMakeFiles/motor_control.dir/Core/Src/app_freertos.c.obj
 .debug_ranges  0x0000000000000060       0x28 CMakeFiles/motor_control.dir/Core/Src/stm32c0xx_it.c.obj
 .debug_ranges  0x0000000000000088       0x38 CMakeFiles/motor_control.dir/Core/Src/stm32c0xx_hal_msp.c.obj
 .debug_ranges  0x00000000000000c0       0x20 CMakeFiles/motor_control.dir/Core/Src/stm32c0xx_hal_timebase_tim.c.obj
 .debug_ranges  0x00000000000000e0       0xb8 CMakeFiles/motor_control.dir/Drivers/BSP/STM32C0xx_Nucleo/stm32c0xx_nucleo.c.obj
 .debug_ranges  0x0000000000000198       0xf0 CMakeFiles/motor_control.dir/Drivers/STM32C0xx_HAL_Driver/Src/stm32c0xx_hal.c.obj
 .debug_ranges  0x0000000000000288       0xd8 CMakeFiles/motor_control.dir/Drivers/STM32C0xx_HAL_Driver/Src/stm32c0xx_hal_cortex.c.obj
 .debug_ranges  0x0000000000000360       0x90 CMakeFiles/motor_control.dir/Drivers/STM32C0xx_HAL_Driver/Src/stm32c0xx_hal_rcc.c.obj
 .debug_ranges  0x00000000000003f0       0x58 CMakeFiles/motor_control.dir/Drivers/STM32C0xx_HAL_Driver/Src/stm32c0xx_hal_gpio.c.obj
 .debug_ranges  0x0000000000000448       0x50 CMakeFiles/motor_control.dir/Drivers/STM32C0xx_HAL_Driver/Src/stm32c0xx_hal_exti.c.obj
 .debug_ranges  0x0000000000000498      0x3d0 CMakeFiles/motor_control.dir/Drivers/STM32C0xx_HAL_Driver/Src/stm32c0xx_hal_tim.c.obj
 .debug_ranges  0x0000000000000868      0x188 CMakeFiles/motor_control.dir/Drivers/STM32C0xx_HAL_Driver/Src/stm32c0xx_hal_tim_ex.c.obj
 .debug_ranges  0x00000000000009f0      0x268 CMakeFiles/motor_control.dir/Drivers/STM32C0xx_HAL_Driver/Src/stm32c0xx_hal_uart.c.obj
 .debug_ranges  0x0000000000000c58       0x18 CMakeFiles/motor_control.dir/Core/Src/system_stm32c0xx.c.obj
 .debug_ranges  0x0000000000000c70       0x30 CMakeFiles/motor_control.dir/Middlewares/Third_Party/FreeRTOS/Source/list.c.obj
 .debug_ranges  0x0000000000000ca0      0x148 CMakeFiles/motor_control.dir/Middlewares/Third_Party/FreeRTOS/Source/queue.c.obj
 .debug_ranges  0x0000000000000de8      0x1f8 CMakeFiles/motor_control.dir/Middlewares/Third_Party/FreeRTOS/Source/tasks.c.obj
 .debug_ranges  0x0000000000000fe0       0xf0 CMakeFiles/motor_control.dir/Middlewares/Third_Party/FreeRTOS/Source/timers.c.obj
 .debug_ranges  0x00000000000010d0      0x2a8 CMakeFiles/motor_control.dir/Middlewares/Third_Party/FreeRTOS/Source/CMSIS_RTOS_V2/cmsis_os2.c.obj
 .debug_ranges  0x0000000000001378       0x78 CMakeFiles/motor_control.dir/Middlewares/Third_Party/FreeRTOS/Source/portable/GCC/ARM_CM0/port.c.obj
 .debug_ranges  0x00000000000013f0       0x50 CMakeFiles/motor_control.dir/Middlewares/Third_Party/FreeRTOS/Source/portable/MemMang/heap_4.c.obj
 .debug_ranges  0x0000000000001440       0x20 CMakeFiles/motor_control.dir/startup_stm32c031xx.s.obj

.debug_macro    0x0000000000000000    0x168d5
 .debug_macro   0x0000000000000000      0x363 CMakeFiles/motor_control.dir/Core/Src/main.c.obj
 .debug_macro   0x0000000000000363      0xa54 CMakeFiles/motor_control.dir/Core/Src/main.c.obj
 .debug_macro   0x0000000000000db7       0x2e CMakeFiles/motor_control.dir/Core/Src/main.c.obj
 .debug_macro   0x0000000000000de5       0x28 CMakeFiles/motor_control.dir/Core/Src/main.c.obj
 .debug_macro   0x0000000000000e0d       0x22 CMakeFiles/motor_control.dir/Core/Src/main.c.obj
 .debug_macro   0x0000000000000e2f       0x8e CMakeFiles/motor_control.dir/Core/Src/main.c.obj
 .debug_macro   0x0000000000000ebd       0x51 CMakeFiles/motor_control.dir/Core/Src/main.c.obj
 .debug_macro   0x0000000000000f0e      0x103 CMakeFiles/motor_control.dir/Core/Src/main.c.obj
 .debug_macro   0x0000000000001011       0x6a CMakeFiles/motor_control.dir/Core/Src/main.c.obj
 .debug_macro   0x000000000000107b      0x1df CMakeFiles/motor_control.dir/Core/Src/main.c.obj
 .debug_macro   0x000000000000125a       0x1c CMakeFiles/motor_control.dir/Core/Src/main.c.obj
 .debug_macro   0x0000000000001276       0x22 CMakeFiles/motor_control.dir/Core/Src/main.c.obj
 .debug_macro   0x0000000000001298       0xd1 CMakeFiles/motor_control.dir/Core/Src/main.c.obj
 .debug_macro   0x0000000000001369      0x4da CMakeFiles/motor_control.dir/Core/Src/main.c.obj
 .debug_macro   0x0000000000001843      0x11f CMakeFiles/motor_control.dir/Core/Src/main.c.obj
 .debug_macro   0x0000000000001962     0x93f2 CMakeFiles/motor_control.dir/Core/Src/main.c.obj
 .debug_macro   0x000000000000ad54       0x6c CMakeFiles/motor_control.dir/Core/Src/main.c.obj
 .debug_macro   0x000000000000adc0      0x175 CMakeFiles/motor_control.dir/Core/Src/main.c.obj
 .debug_macro   0x000000000000af35       0xe9 CMakeFiles/motor_control.dir/Core/Src/main.c.obj
 .debug_macro   0x000000000000b01e     0x3440 CMakeFiles/motor_control.dir/Core/Src/main.c.obj
 .debug_macro   0x000000000000e45e      0x174 CMakeFiles/motor_control.dir/Core/Src/main.c.obj
 .debug_macro   0x000000000000e5d2       0x5b CMakeFiles/motor_control.dir/Core/Src/main.c.obj
 .debug_macro   0x000000000000e62d      0x397 CMakeFiles/motor_control.dir/Core/Src/main.c.obj
 .debug_macro   0x000000000000e9c4      0xb78 CMakeFiles/motor_control.dir/Core/Src/main.c.obj
 .debug_macro   0x000000000000f53c      0x145 CMakeFiles/motor_control.dir/Core/Src/main.c.obj
 .debug_macro   0x000000000000f681      0x15f CMakeFiles/motor_control.dir/Core/Src/main.c.obj
 .debug_macro   0x000000000000f7e0      0x198 CMakeFiles/motor_control.dir/Core/Src/main.c.obj
 .debug_macro   0x000000000000f978      0x264 CMakeFiles/motor_control.dir/Core/Src/main.c.obj
 .debug_macro   0x000000000000fbdc      0x17e CMakeFiles/motor_control.dir/Core/Src/main.c.obj
 .debug_macro   0x000000000000fd5a       0x43 CMakeFiles/motor_control.dir/Core/Src/main.c.obj
 .debug_macro   0x000000000000fd9d      0x1f1 CMakeFiles/motor_control.dir/Core/Src/main.c.obj
 .debug_macro   0x000000000000ff8e      0x1b1 CMakeFiles/motor_control.dir/Core/Src/main.c.obj
 .debug_macro   0x000000000001013f      0x37c CMakeFiles/motor_control.dir/Core/Src/main.c.obj
 .debug_macro   0x00000000000104bb       0x28 CMakeFiles/motor_control.dir/Core/Src/main.c.obj
 .debug_macro   0x00000000000104e3       0xb3 CMakeFiles/motor_control.dir/Core/Src/main.c.obj
 .debug_macro   0x0000000000010596      0x104 CMakeFiles/motor_control.dir/Core/Src/main.c.obj
 .debug_macro   0x000000000001069a       0xf6 CMakeFiles/motor_control.dir/Core/Src/main.c.obj
 .debug_macro   0x0000000000010790      0xaa6 CMakeFiles/motor_control.dir/Core/Src/main.c.obj
 .debug_macro   0x0000000000011236       0xd9 CMakeFiles/motor_control.dir/Core/Src/main.c.obj
 .debug_macro   0x000000000001130f      0x67e CMakeFiles/motor_control.dir/Core/Src/main.c.obj
 .debug_macro   0x000000000001198d       0xa6 CMakeFiles/motor_control.dir/Core/Src/main.c.obj
 .debug_macro   0x0000000000011a33      0x3a9 CMakeFiles/motor_control.dir/Core/Src/main.c.obj
 .debug_macro   0x0000000000011ddc       0x22 CMakeFiles/motor_control.dir/Core/Src/main.c.obj
 .debug_macro   0x0000000000011dfe       0x52 CMakeFiles/motor_control.dir/Core/Src/main.c.obj
 .debug_macro   0x0000000000011e50       0x64 CMakeFiles/motor_control.dir/Core/Src/main.c.obj
 .debug_macro   0x0000000000011eb4       0x18 CMakeFiles/motor_control.dir/Core/Src/main.c.obj
 .debug_macro   0x0000000000011ecc       0x35 CMakeFiles/motor_control.dir/Core/Src/main.c.obj
 .debug_macro   0x0000000000011f01       0x34 CMakeFiles/motor_control.dir/Core/Src/main.c.obj
 .debug_macro   0x0000000000011f35       0x16 CMakeFiles/motor_control.dir/Core/Src/main.c.obj
 .debug_macro   0x0000000000011f4b       0x35 CMakeFiles/motor_control.dir/Core/Src/main.c.obj
 .debug_macro   0x0000000000011f80      0x341 CMakeFiles/motor_control.dir/Core/Src/main.c.obj
 .debug_macro   0x00000000000122c1       0x10 CMakeFiles/motor_control.dir/Core/Src/main.c.obj
 .debug_macro   0x00000000000122d1       0x16 CMakeFiles/motor_control.dir/Core/Src/main.c.obj
 .debug_macro   0x00000000000122e7       0x43 CMakeFiles/motor_control.dir/Core/Src/main.c.obj
 .debug_macro   0x000000000001232a       0x34 CMakeFiles/motor_control.dir/Core/Src/main.c.obj
 .debug_macro   0x000000000001235e       0x10 CMakeFiles/motor_control.dir/Core/Src/main.c.obj
 .debug_macro   0x000000000001236e       0x58 CMakeFiles/motor_control.dir/Core/Src/main.c.obj
 .debug_macro   0x00000000000123c6      0x182 CMakeFiles/motor_control.dir/Core/Src/main.c.obj
 .debug_macro   0x0000000000012548       0x10 CMakeFiles/motor_control.dir/Core/Src/main.c.obj
 .debug_macro   0x0000000000012558       0x1c CMakeFiles/motor_control.dir/Core/Src/main.c.obj
 .debug_macro   0x0000000000012574       0x52 CMakeFiles/motor_control.dir/Core/Src/main.c.obj
 .debug_macro   0x00000000000125c6       0x22 CMakeFiles/motor_control.dir/Core/Src/main.c.obj
 .debug_macro   0x00000000000125e8       0x10 CMakeFiles/motor_control.dir/Core/Src/main.c.obj
 .debug_macro   0x00000000000125f8       0x52 CMakeFiles/motor_control.dir/Core/Src/main.c.obj
 .debug_macro   0x000000000001264a       0xd5 CMakeFiles/motor_control.dir/Core/Src/main.c.obj
 .debug_macro   0x000000000001271f       0x1c CMakeFiles/motor_control.dir/Core/Src/main.c.obj
 .debug_macro   0x000000000001273b       0x3d CMakeFiles/motor_control.dir/Core/Src/main.c.obj
 .debug_macro   0x0000000000012778       0x16 CMakeFiles/motor_control.dir/Core/Src/main.c.obj
 .debug_macro   0x000000000001278e      0x16f CMakeFiles/motor_control.dir/Core/Src/main.c.obj
 .debug_macro   0x00000000000128fd      0x10e CMakeFiles/motor_control.dir/Core/Src/main.c.obj
 .debug_macro   0x0000000000012a0b       0x4c CMakeFiles/motor_control.dir/Core/Src/main.c.obj
 .debug_macro   0x0000000000012a57       0x74 CMakeFiles/motor_control.dir/Core/Src/main.c.obj
 .debug_macro   0x0000000000012acb      0x3da CMakeFiles/motor_control.dir/Core/Src/app_freertos.c.obj
 .debug_macro   0x0000000000012ea5      0x16a CMakeFiles/motor_control.dir/Core/Src/app_freertos.c.obj
 .debug_macro   0x000000000001300f      0x15a CMakeFiles/motor_control.dir/Core/Src/app_freertos.c.obj
 .debug_macro   0x0000000000013169       0xb8 CMakeFiles/motor_control.dir/Core/Src/app_freertos.c.obj
 .debug_macro   0x0000000000013221       0x22 CMakeFiles/motor_control.dir/Core/Src/app_freertos.c.obj
 .debug_macro   0x0000000000013243       0x1f CMakeFiles/motor_control.dir/Core/Src/app_freertos.c.obj
 .debug_macro   0x0000000000013262       0x12 CMakeFiles/motor_control.dir/Core/Src/app_freertos.c.obj
 .debug_macro   0x0000000000013274      0x4d9 CMakeFiles/motor_control.dir/Core/Src/app_freertos.c.obj
 .debug_macro   0x000000000001374d       0xc3 CMakeFiles/motor_control.dir/Core/Src/app_freertos.c.obj
 .debug_macro   0x0000000000013810      0x120 CMakeFiles/motor_control.dir/Core/Src/app_freertos.c.obj
 .debug_macro   0x0000000000013930      0x35a CMakeFiles/motor_control.dir/Core/Src/stm32c0xx_it.c.obj
 .debug_macro   0x0000000000013c8a      0x350 CMakeFiles/motor_control.dir/Core/Src/stm32c0xx_hal_msp.c.obj
 .debug_macro   0x0000000000013fda      0x1d0 CMakeFiles/motor_control.dir/Core/Src/stm32c0xx_hal_timebase_tim.c.obj
 .debug_macro   0x00000000000141aa      0x34d CMakeFiles/motor_control.dir/Drivers/BSP/STM32C0xx_Nucleo/stm32c0xx_nucleo.c.obj
 .debug_macro   0x00000000000144f7       0x1c CMakeFiles/motor_control.dir/Drivers/BSP/STM32C0xx_Nucleo/stm32c0xx_nucleo.c.obj
 .debug_macro   0x0000000000014513      0x1ee CMakeFiles/motor_control.dir/Drivers/STM32C0xx_HAL_Driver/Src/stm32c0xx_hal.c.obj
 .debug_macro   0x0000000000014701      0x1d0 CMakeFiles/motor_control.dir/Drivers/STM32C0xx_HAL_Driver/Src/stm32c0xx_hal_cortex.c.obj
 .debug_macro   0x00000000000148d1      0x200 CMakeFiles/motor_control.dir/Drivers/STM32C0xx_HAL_Driver/Src/stm32c0xx_hal_rcc.c.obj
 .debug_macro   0x0000000000014ad1      0x205 CMakeFiles/motor_control.dir/Drivers/STM32C0xx_HAL_Driver/Src/stm32c0xx_hal_gpio.c.obj
 .debug_macro   0x0000000000014cd6      0x1dc CMakeFiles/motor_control.dir/Drivers/STM32C0xx_HAL_Driver/Src/stm32c0xx_hal_exti.c.obj
 .debug_macro   0x0000000000014eb2      0x1d8 CMakeFiles/motor_control.dir/Drivers/STM32C0xx_HAL_Driver/Src/stm32c0xx_hal_tim.c.obj
 .debug_macro   0x000000000001508a      0x1d6 CMakeFiles/motor_control.dir/Drivers/STM32C0xx_HAL_Driver/Src/stm32c0xx_hal_tim_ex.c.obj
 .debug_macro   0x0000000000015260      0x1ed CMakeFiles/motor_control.dir/Drivers/STM32C0xx_HAL_Driver/Src/stm32c0xx_hal_uart.c.obj
 .debug_macro   0x000000000001544d      0x1d6 CMakeFiles/motor_control.dir/Core/Src/system_stm32c0xx.c.obj
 .debug_macro   0x0000000000015623      0x189 CMakeFiles/motor_control.dir/Middlewares/Third_Party/FreeRTOS/Source/list.c.obj
 .debug_macro   0x00000000000157ac      0x21b CMakeFiles/motor_control.dir/Middlewares/Third_Party/FreeRTOS/Source/queue.c.obj
 .debug_macro   0x00000000000159c7       0x16 CMakeFiles/motor_control.dir/Middlewares/Third_Party/FreeRTOS/Source/queue.c.obj
 .debug_macro   0x00000000000159dd       0x87 CMakeFiles/motor_control.dir/Middlewares/Third_Party/FreeRTOS/Source/queue.c.obj
 .debug_macro   0x0000000000015a64      0x270 CMakeFiles/motor_control.dir/Middlewares/Third_Party/FreeRTOS/Source/tasks.c.obj
 .debug_macro   0x0000000000015cd4       0x17 CMakeFiles/motor_control.dir/Middlewares/Third_Party/FreeRTOS/Source/tasks.c.obj
 .debug_macro   0x0000000000015ceb      0x1d8 CMakeFiles/motor_control.dir/Middlewares/Third_Party/FreeRTOS/Source/timers.c.obj
 .debug_macro   0x0000000000015ec3       0x97 CMakeFiles/motor_control.dir/Middlewares/Third_Party/FreeRTOS/Source/timers.c.obj
 .debug_macro   0x0000000000015f5a      0x3a9 CMakeFiles/motor_control.dir/Middlewares/Third_Party/FreeRTOS/Source/CMSIS_RTOS_V2/cmsis_os2.c.obj
 .debug_macro   0x0000000000016303       0x10 CMakeFiles/motor_control.dir/Middlewares/Third_Party/FreeRTOS/Source/CMSIS_RTOS_V2/cmsis_os2.c.obj
 .debug_macro   0x0000000000016313       0xcb CMakeFiles/motor_control.dir/Middlewares/Third_Party/FreeRTOS/Source/CMSIS_RTOS_V2/cmsis_os2.c.obj
 .debug_macro   0x00000000000163de       0x8d CMakeFiles/motor_control.dir/Middlewares/Third_Party/FreeRTOS/Source/CMSIS_RTOS_V2/cmsis_os2.c.obj
 .debug_macro   0x000000000001646b       0xa1 CMakeFiles/motor_control.dir/Middlewares/Third_Party/FreeRTOS/Source/CMSIS_RTOS_V2/cmsis_os2.c.obj
 .debug_macro   0x000000000001650c       0x22 CMakeFiles/motor_control.dir/Middlewares/Third_Party/FreeRTOS/Source/CMSIS_RTOS_V2/cmsis_os2.c.obj
 .debug_macro   0x000000000001652e       0x55 CMakeFiles/motor_control.dir/Middlewares/Third_Party/FreeRTOS/Source/CMSIS_RTOS_V2/cmsis_os2.c.obj
 .debug_macro   0x0000000000016583      0x153 CMakeFiles/motor_control.dir/Middlewares/Third_Party/FreeRTOS/Source/portable/GCC/ARM_CM0/port.c.obj
 .debug_macro   0x00000000000166d6      0x1ff CMakeFiles/motor_control.dir/Middlewares/Third_Party/FreeRTOS/Source/portable/MemMang/heap_4.c.obj

.debug_line     0x0000000000000000    0x177d5
 .debug_line    0x0000000000000000      0xb00 CMakeFiles/motor_control.dir/Core/Src/main.c.obj
 .debug_line    0x0000000000000b00      0xbbd CMakeFiles/motor_control.dir/Core/Src/app_freertos.c.obj
 .debug_line    0x00000000000016bd      0x953 CMakeFiles/motor_control.dir/Core/Src/stm32c0xx_it.c.obj
 .debug_line    0x0000000000002010      0x9b2 CMakeFiles/motor_control.dir/Core/Src/stm32c0xx_hal_msp.c.obj
 .debug_line    0x00000000000029c2      0x778 CMakeFiles/motor_control.dir/Core/Src/stm32c0xx_hal_timebase_tim.c.obj
 .debug_line    0x000000000000313a      0xbf4 CMakeFiles/motor_control.dir/Drivers/BSP/STM32C0xx_Nucleo/stm32c0xx_nucleo.c.obj
 .debug_line    0x0000000000003d2e      0xa6f CMakeFiles/motor_control.dir/Drivers/STM32C0xx_HAL_Driver/Src/stm32c0xx_hal.c.obj
 .debug_line    0x000000000000479d      0xb6a CMakeFiles/motor_control.dir/Drivers/STM32C0xx_HAL_Driver/Src/stm32c0xx_hal_cortex.c.obj
 .debug_line    0x0000000000005307      0xcfb CMakeFiles/motor_control.dir/Drivers/STM32C0xx_HAL_Driver/Src/stm32c0xx_hal_rcc.c.obj
 .debug_line    0x0000000000006002      0xb6d CMakeFiles/motor_control.dir/Drivers/STM32C0xx_HAL_Driver/Src/stm32c0xx_hal_gpio.c.obj
 .debug_line    0x0000000000006b6f      0xaca CMakeFiles/motor_control.dir/Drivers/STM32C0xx_HAL_Driver/Src/stm32c0xx_hal_exti.c.obj
 .debug_line    0x0000000000007639     0x3b02 CMakeFiles/motor_control.dir/Drivers/STM32C0xx_HAL_Driver/Src/stm32c0xx_hal_tim.c.obj
 .debug_line    0x000000000000b13b     0x1ba5 CMakeFiles/motor_control.dir/Drivers/STM32C0xx_HAL_Driver/Src/stm32c0xx_hal_tim_ex.c.obj
 .debug_line    0x000000000000cce0     0x3492 CMakeFiles/motor_control.dir/Drivers/STM32C0xx_HAL_Driver/Src/stm32c0xx_hal_uart.c.obj
 .debug_line    0x0000000000010172      0x76b CMakeFiles/motor_control.dir/Core/Src/system_stm32c0xx.c.obj
 .debug_line    0x00000000000108dd      0x596 CMakeFiles/motor_control.dir/Middlewares/Third_Party/FreeRTOS/Source/list.c.obj
 .debug_line    0x0000000000010e73     0x1340 CMakeFiles/motor_control.dir/Middlewares/Third_Party/FreeRTOS/Source/queue.c.obj
 .debug_line    0x00000000000121b3     0x1a5e CMakeFiles/motor_control.dir/Middlewares/Third_Party/FreeRTOS/Source/tasks.c.obj
 .debug_line    0x0000000000013c11      0xac7 CMakeFiles/motor_control.dir/Middlewares/Third_Party/FreeRTOS/Source/timers.c.obj
 .debug_line    0x00000000000146d8     0x2242 CMakeFiles/motor_control.dir/Middlewares/Third_Party/FreeRTOS/Source/CMSIS_RTOS_V2/cmsis_os2.c.obj
 .debug_line    0x000000000001691a      0x604 CMakeFiles/motor_control.dir/Middlewares/Third_Party/FreeRTOS/Source/portable/GCC/ARM_CM0/port.c.obj
 .debug_line    0x0000000000016f1e      0x7ec CMakeFiles/motor_control.dir/Middlewares/Third_Party/FreeRTOS/Source/portable/MemMang/heap_4.c.obj
 .debug_line    0x000000000001770a       0xcb CMakeFiles/motor_control.dir/startup_stm32c031xx.s.obj

.debug_str      0x0000000000000000    0x8bc2d
 .debug_str     0x0000000000000000    0x7d009 CMakeFiles/motor_control.dir/Core/Src/main.c.obj
                                      0x7d6a3 (size before relaxing)
 .debug_str     0x000000000007d009     0x5398 CMakeFiles/motor_control.dir/Core/Src/app_freertos.c.obj
                                      0x81c5b (size before relaxing)
 .debug_str     0x00000000000823a1       0xc6 CMakeFiles/motor_control.dir/Core/Src/stm32c0xx_it.c.obj
                                      0x7cd8b (size before relaxing)
 .debug_str     0x0000000000082467      0x231 CMakeFiles/motor_control.dir/Core/Src/stm32c0xx_hal_msp.c.obj
                                      0x7d2a5 (size before relaxing)
 .debug_str     0x0000000000082698       0xfe CMakeFiles/motor_control.dir/Core/Src/stm32c0xx_hal_timebase_tim.c.obj
                                      0x78ec6 (size before relaxing)
 .debug_str     0x0000000000082796      0x391 CMakeFiles/motor_control.dir/Drivers/BSP/STM32C0xx_Nucleo/stm32c0xx_nucleo.c.obj
                                      0x7d2b2 (size before relaxing)
 .debug_str     0x0000000000082b27      0x463 CMakeFiles/motor_control.dir/Drivers/STM32C0xx_HAL_Driver/Src/stm32c0xx_hal.c.obj
                                      0x78cd5 (size before relaxing)
 .debug_str     0x0000000000082f8a      0x32a CMakeFiles/motor_control.dir/Drivers/STM32C0xx_HAL_Driver/Src/stm32c0xx_hal_cortex.c.obj
                                      0x78b2a (size before relaxing)
 .debug_str     0x00000000000832b4      0x503 CMakeFiles/motor_control.dir/Drivers/STM32C0xx_HAL_Driver/Src/stm32c0xx_hal_rcc.c.obj
                                      0x78ce1 (size before relaxing)
 .debug_str     0x00000000000837b7      0x2bf CMakeFiles/motor_control.dir/Drivers/STM32C0xx_HAL_Driver/Src/stm32c0xx_hal_gpio.c.obj
                                      0x78909 (size before relaxing)
 .debug_str     0x0000000000083a76      0x209 CMakeFiles/motor_control.dir/Drivers/STM32C0xx_HAL_Driver/Src/stm32c0xx_hal_exti.c.obj
                                      0x7888d (size before relaxing)