../Core/Src/main.c:164:6:HAL_TIM_OC_DelayElapsedCallback	2
../Core/Src/main.c:180:5:main	8
../Core/Src/main.c:300:6:SystemClock_Config	3
../Core/Src/main.c:344:13:MX_TIM3_Init	6
../Core/Src/main.c:403:13:MX_USART2_UART_Init	2
../Core/Src/main.c:436:13:MX_USART3_UART_Init	2
../Core/Src/main.c:469:13:MX_GPIO_Init	1
../Core/Src/main.c:504:6:speedMenu	24
../Core/Src/main.c:652:6:positionMenu	26
../Core/Src/main.c:792:6:updateMotorData	15
../Core/Src/main.c:877:6:clockwiseMotion	3
../Core/Src/main.c:895:6:counterClockwiseMotion	3
../Core/Src/main.c:912:6:speedControl	5
../Core/Src/main.c:940:6:absoluteMove	6
../Core/Src/main.c:980:6:absMoveSetup	2
../Core/Src/main.c:993:5:goHome	11
../Core/Src/main.c:1059:6:sendString	1
../Core/Src/main.c:1078:6:classifyReadString	1
../Core/Src/main.c:1103:7:ltoa	8
../Core/Src/main.c:1151:6:timeDelay	2
../Core/Src/main.c:1193:6:move_rel32	1
../Core/Src/main.c:1205:6:ReadMotorTorqueCurrent	2
../Core/Src/main.c:1221:6:ReadMotorPosition32	3
../Core/Src/main.c:1256:6:move_abs32	1
../Core/Src/main.c:1268:6:Turn_const_speed	1
../Core/Src/main.c:1281:6:ReadPackage	8
../Core/Src/main.c:1322:6:Get_Function	15
../Core/Src/main.c:1399:9:Cal_SignValue	3
../Core/Src/main.c:1430:6:Cal_Value	2
../Core/Src/main.c:1457:6:Send_Package	7
../Core/Src/main.c:1502:6:Make_CRC_Send	3
../Core/Src/main.c:1531:6:Error_Handler	1
