Archive member included to satisfy reference by file (symbol)

/usr/local/bin/../lib/gcc/arm-none-eabi/10.3.1/../../../../arm-none-eabi/lib/thumb/v6-m/nofp/libc_nano.a(lib_a-exit.o)
                              /usr/local/bin/../lib/gcc/arm-none-eabi/10.3.1/../../../../arm-none-eabi/lib/thumb/v6-m/nofp/crt0.o (exit)
/usr/local/bin/../lib/gcc/arm-none-eabi/10.3.1/../../../../arm-none-eabi/lib/thumb/v6-m/nofp/libc_nano.a(lib_a-impure.o)
                              /usr/local/bin/../lib/gcc/arm-none-eabi/10.3.1/../../../../arm-none-eabi/lib/thumb/v6-m/nofp/libc_nano.a(lib_a-exit.o) (_global_impure_ptr)
/usr/local/bin/../lib/gcc/arm-none-eabi/10.3.1/../../../../arm-none-eabi/lib/thumb/v6-m/nofp/libc_nano.a(lib_a-init.o)
                              /usr/local/bin/../lib/gcc/arm-none-eabi/10.3.1/../../../../arm-none-eabi/lib/thumb/v6-m/nofp/crt0.o (__libc_init_array)
/usr/local/bin/../lib/gcc/arm-none-eabi/10.3.1/../../../../arm-none-eabi/lib/thumb/v6-m/nofp/libc_nano.a(lib_a-memset.o)
                              /usr/local/bin/../lib/gcc/arm-none-eabi/10.3.1/../../../../arm-none-eabi/lib/thumb/v6-m/nofp/crt0.o (memset)
datatypes/libdatatypes_lib.a(mailbox.c.obj)
                              CMakeFiles/motor_control.dir/cubemx/Core/Src/main.c.obj (mailbox_init)
io/libio_lib.a(io_motor_com.c.obj)
                              CMakeFiles/motor_control.dir/cubemx/Core/Src/main.c.obj (io_motor_com_init)
app/libapp_lib.a(app_motor_comm.c.obj)
                              CMakeFiles/motor_control.dir/cubemx/Core/Src/main.c.obj (Turn_const_speed)
app/libapp_lib.a(robot_fsm.c.obj)
                              CMakeFiles/motor_control.dir/cubemx/Core/Src/main.c.obj (delta_fsm_bind_io)
app/libapp_lib.a(robot_runtime.c.obj)
                              app/libapp_lib.a(robot_fsm.c.obj) (robot_runtime_bind)
app/libapp_lib.a(motion_execute.c.obj)
                              app/libapp_lib.a(robot_fsm.c.obj) (motion_execute_reset_scheduler)
app/libapp_lib.a(robot.c.obj)
                              app/libapp_lib.a(motion_execute.c.obj) (robot_get_joint_angles)
datatypes/libdatatypes_lib.a(ringBuffer.c.obj)
                              io/libio_lib.a(io_motor_com.c.obj) (initRingBuffer)
hw/libhw_lib.a(hw_uart.c.obj)
                              io/libio_lib.a(io_motor_com.c.obj) (hw_motor_tx)
/usr/local/bin/../lib/gcc/arm-none-eabi/10.3.1/thumb/v6-m/nofp/libgcc.a(_thumb1_case_sqi.o)
                              CMakeFiles/motor_control.dir/cubemx/Drivers/STM32C0xx_HAL_Driver/Src/stm32c0xx_hal_uart.c.obj (__gnu_thumb1_case_sqi)
/usr/local/bin/../lib/gcc/arm-none-eabi/10.3.1/thumb/v6-m/nofp/libgcc.a(_thumb1_case_uqi.o)
                              CMakeFiles/motor_control.dir/cubemx/Drivers/STM32C0xx_HAL_Driver/Src/stm32c0xx_hal_dma.c.obj (__gnu_thumb1_case_uqi)
/usr/local/bin/../lib/gcc/arm-none-eabi/10.3.1/thumb/v6-m/nofp/libgcc.a(_udivsi3.o)
                              CMakeFiles/motor_control.dir/cubemx/Core/Src/stm32c0xx_hal_timebase_tim.c.obj (__aeabi_uidiv)
/usr/local/bin/../lib/gcc/arm-none-eabi/10.3.1/thumb/v6-m/nofp/libgcc.a(_divsi3.o)
                              CMakeFiles/motor_control.dir/cubemx/Drivers/STM32C0xx_HAL_Driver/Src/stm32c0xx_hal.c.obj (__aeabi_idiv)
/usr/local/bin/../lib/gcc/arm-none-eabi/10.3.1/thumb/v6-m/nofp/libgcc.a(_dvmd_tls.o)
                              /usr/local/bin/../lib/gcc/arm-none-eabi/10.3.1/thumb/v6-m/nofp/libgcc.a(_udivsi3.o) (__aeabi_idiv0)
/usr/local/bin/../lib/gcc/arm-none-eabi/10.3.1/thumb/v6-m/nofp/libgcc.a(_arm_cmpsf2.o)
                              app/libapp_lib.a(motion_execute.c.obj) (__aeabi_fcmplt)
/usr/local/bin/../lib/gcc/arm-none-eabi/10.3.1/thumb/v6-m/nofp/libgcc.a(addsf3.o)
                              app/libapp_lib.a(motion_execute.c.obj) (__aeabi_fadd)
/usr/local/bin/../lib/gcc/arm-none-eabi/10.3.1/thumb/v6-m/nofp/libgcc.a(divsf3.o)
                              app/libapp_lib.a(motion_execute.c.obj) (__aeabi_fdiv)
/usr/local/bin/../lib/gcc/arm-none-eabi/10.3.1/thumb/v6-m/nofp/libgcc.a(eqsf2.o)
                              /usr/local/bin/../lib/gcc/arm-none-eabi/10.3.1/thumb/v6-m/nofp/libgcc.a(_arm_cmpsf2.o) (__eqsf2)
/usr/local/bin/../lib/gcc/arm-none-eabi/10.3.1/thumb/v6-m/nofp/libgcc.a(gesf2.o)
                              /usr/local/bin/../lib/gcc/arm-none-eabi/10.3.1/thumb/v6-m/nofp/libgcc.a(_arm_cmpsf2.o) (__gesf2)
/usr/local/bin/../lib/gcc/arm-none-eabi/10.3.1/thumb/v6-m/nofp/libgcc.a(lesf2.o)
                              /usr/local/bin/../lib/gcc/arm-none-eabi/10.3.1/thumb/v6-m/nofp/libgcc.a(_arm_cmpsf2.o) (__lesf2)
/usr/local/bin/../lib/gcc/arm-none-eabi/10.3.1/thumb/v6-m/nofp/libgcc.a(mulsf3.o)
                              app/libapp_lib.a(motion_execute.c.obj) (__aeabi_fmul)
/usr/local/bin/../lib/gcc/arm-none-eabi/10.3.1/thumb/v6-m/nofp/libgcc.a(subsf3.o)
                              app/libapp_lib.a(motion_execute.c.obj) (__aeabi_fsub)
/usr/local/bin/../lib/gcc/arm-none-eabi/10.3.1/thumb/v6-m/nofp/libgcc.a(fixsfsi.o)
[...]
Memory Configuration

Name             Origin             Length             Attributes
RAM              0x0000000020000000 0x0000000000003000 xrw
FLASH            0x0000000008000000 0x0000000000008000 xr
*default*        0x0000000000000000 0xffffffffffffffff

Linker script and memory map

LOAD /usr/local/bin/../lib/gcc/arm-none-eabi/10.3.1/thumb/v6-m/nofp/crti.o
LOAD /usr/local/bin/../lib/gcc/arm-none-eabi/10.3.1/thumb/v6-m/nofp/crtbegin.o
LOAD /usr/local/bin/../lib/gcc/arm-none-eabi/10.3.1/../../../../arm-none-eabi/lib/thumb/v6-m/nofp/crt0.o
START GROUP
LOAD /usr/local/bin/../lib/gcc/arm-none-eabi/10.3.1/../../../../arm-none-eabi/lib/thumb/v6-m/nofp/libc_nano.a
LOAD /usr/local/bin/../lib/gcc/arm-none-eabi/10.3.1/../../../../arm-none-eabi/lib/thumb/v6-m/nofp/libm.a
END GROUP
LOAD CMakeFiles/motor_control.dir/cubemx/Core/Src/main.c.obj
LOAD CMakeFiles/motor_control.dir/cubemx/Core/Src/sysmem.c.obj
LOAD CMakeFiles/motor_control.dir/cubemx/Core/Src/syscalls.c.obj
LOAD CMakeFiles/motor_control.dir/cubemx/Core/Src/stm32c0xx_it.c.obj
LOAD CMakeFiles/motor_control.dir/cubemx/Core/Src/stm32c0xx_hal_msp.c.obj
LOAD CMakeFiles/motor_control.dir/cubemx/Core/Src/stm32c0xx_hal_timebase_tim.c.obj
LOAD CMakeFiles/motor_control.dir/cubemx/Drivers/BSP/STM32C0xx_Nucleo/stm32c0xx_nucleo.c.obj
LOAD CMakeFiles/motor_control.dir/cubemx/Drivers/STM32C0xx_HAL_Driver/Src/stm32c0xx_hal_usart_ex.c.obj
LOAD CMakeFiles/motor_control.dir/cubemx/Drivers/STM32C0xx_HAL_Driver/Src/stm32c0xx_hal.c.obj
LOAD CMakeFiles/motor_control.dir/cubemx/Drivers/STM32C0xx_HAL_Driver/Src/stm32c0xx_hal_cortex.c.obj
LOAD CMakeFiles/motor_control.dir/cubemx/Drivers/STM32C0xx_HAL_Driver/Src/stm32c0xx_hal_rcc.c.obj
LOAD CMakeFiles/motor_control.dir/cubemx/Drivers/STM32C0xx_HAL_Driver/Src/stm32c0xx_hal_rcc_ex.c.obj
LOAD CMakeFiles/motor_control.dir/cubemx/Drivers/STM32C0xx_HAL_Driver/Src/stm32c0xx_hal_flash.c.obj
LOAD CMakeFiles/motor_control.dir/cubemx/Drivers/STM32C0xx_HAL_Driver/Src/stm32c0xx_hal_flash_ex.c.obj
LOAD CMakeFiles/motor_control.dir/cubemx/Drivers/STM32C0xx_HAL_Driver/Src/stm32c0xx_hal_gpio.c.obj
LOAD CMakeFiles/motor_control.dir/cubemx/Drivers/STM32C0xx_HAL_Driver/Src/stm32c0xx_hal_dma.c.obj
LOAD CMakeFiles/motor_control.dir/cubemx/Drivers/STM32C0xx_HAL_Driver/Src/stm32c0xx_hal_dma_ex.c.obj
LOAD CMakeFiles/motor_control.dir/cubemx/Drivers/STM32C0xx_HAL_Driver/Src/stm32c0xx_hal_pwr.c.obj
LOAD CMakeFiles/motor_control.dir/cubemx/Drivers/STM32C0xx_HAL_Driver/Src/stm32c0xx_hal_pwr_ex.c.obj
LOAD CMakeFiles/motor_control.dir/cubemx/Drivers/STM32C0xx_HAL_Driver/Src/stm32c0xx_hal_exti.c.obj
LOAD CMakeFiles/motor_control.dir/cubemx/Drivers/STM32C0xx_HAL_Driver/Src/stm32c0xx_hal_tim.c.obj
LOAD CMakeFiles/motor_control.dir/cubemx/Drivers/STM32C0xx_HAL_Driver/Src/stm32c0xx_hal_tim_ex.c.obj
LOAD CMakeFiles/motor_control.dir/cubemx/Drivers/STM32C0xx_HAL_Driver/Src/stm32c0xx_hal_uart.c.obj
LOAD CMakeFiles/motor_control.dir/cubemx/Drivers/STM32C0xx_HAL_Driver/Src/stm32c0xx_hal_uart_ex.c.obj
LOAD CMakeFiles/motor_control.dir/cubemx/Drivers/STM32C0xx_HAL_Driver/Src/stm32c0xx_hal_usart.c.obj
LOAD CMakeFiles/motor_control.dir/cubemx/Core/Src/system_stm32c0xx.c.obj
LOAD CMakeFiles/motor_control.dir/cubemx/startup_stm32c031xx.s.obj
LOAD datatypes/libdatatypes_lib.a
LOAD hw/libhw_lib.a
LOAD io/libio_lib.a
LOAD app/libapp_lib.a
LOAD io/libio_lib.a
LOAD datatypes/libdatatypes_lib.a
LOAD hw/libhw_lib.a
START GROUP
LOAD /usr/local/bin/../lib/gcc/arm-none-eabi/10.3.1/thumb/v6-m/nofp/libgcc.a
LOAD /usr/local/bin/../lib/gcc/arm-none-eabi/10.3.1/../../../../arm-none-eabi/lib/thumb/v6-m/nofp/libc_nano.a
END GROUP
START GROUP
LOAD /usr/local/bin/../lib/gcc/arm-none-eabi/10.3.1/thumb/v6-m/nofp/libgcc.a
LOAD /usr/local/bin/../lib/gcc/arm-none-eabi/10.3.1/../../../../arm-none-eabi/lib/thumb/v6-m/nofp/libc_nano.a
END GROUP
LOAD /usr/local/bin/../lib/gcc/arm-none-eabi/10.3.1/thumb/v6-m/nofp/crtend.o
LOAD /usr/local/bin/../lib/gcc/arm-none-eabi/10.3.1/thumb/v6-m/nofp/crtn.o
                0x0000000020003000                _estack = (ORIGIN (RAM) + LENGTH (RAM))
                0x0000000000000200                _Min_Heap_Size = 0x200
                0x0000000000000400                _Min_Stack_Size = 0x400

.isr_vector     0x0000000008000000       0xc0
                0x0000000008000000                . = ALIGN (0x4)
 *(.isr_vector)
 .isr_vector    0x0000000008000000       0xc0 CMakeFiles/motor_control.dir/cubemx/startup_stm32c031xx.s.obj
                0x0000000008000000                g_pfnVectors
                0x00000000080000c0                . = ALIGN (0x4)

.text           0x00000000080000c0     0x5c70
                0x00000000080000c0                . = ALIGN (0x4)
 *(.text)
 .text          0x00000000080000c0       0x48 /usr/local/bin/../lib/gcc/arm-none-eabi/10.3.1/thumb/v6-m/nofp/crtbegin.o
 .text          0x0000000008000108       0x14 /usr/local/bin/../lib/gcc/arm-none-eabi/10.3.1/thumb/v6-m/nofp/libgcc.a(_thumb1_case_sqi.o)
                0x0000000008000108                __gnu_thumb1_case_sqi
 .text          0x000000000800011c       0x14 /usr/local/bin/../lib/gcc/arm-none-eabi/10.3.1/thumb/v6-m/nofp/libgcc.a(_thumb1_case_uqi.o)
                0x000000000800011c                __gnu_thumb1_case_uqi
 .text          0x0000000008000130      0x114 /usr/local/bin/../lib/gcc/arm-none-eabi/10.3.1/thumb/v6-m/nofp/libgcc.a(_udivsi3.o)
                0x0000000008000130                __udivsi3
                0x0000000008000130                __aeabi_uidiv
                0x000000000800023c                __aeabi_uidivmod
 .text          0x0000000008000244      0x1d4 /usr/local/bin/../lib/gcc/arm-none-eabi/10.3.1/thumb/v6-m/nofp/libgcc.a(_divsi3.o)
                0x0000000008000244                __aeabi_idiv
                0x0000000008000244                __divsi3
                0x0000000008000410                __aeabi_idivmod
 .text          0x0000000008000418        0x4 /usr/local/bin/../lib/gcc/arm-none-eabi/10.3.1/thumb/v6-m/nofp/libgcc.a(_dvmd_tls.o)
                0x0000000008000418                __aeabi_ldiv0
                0x0000000008000418                __aeabi_idiv0
 .text          0x000000000800041c       0x74 /usr/local/bin/../lib/gcc/arm-none-eabi/10.3.1/thumb/v6-m/nofp/libgcc.a(_arm_cmpsf2.o)
                0x000000000800041c                __aeabi_cfrcmple
                0x0000000008000424                __aeabi_cfcmple
                0x0000000008000424                __aeabi_cfcmpeq
                0x0000000008000434                __aeabi_fcmpeq
                0x0000000008000440                __aeabi_fcmplt
                0x0000000008000454                __aeabi_fcmple
                0x0000000008000468                __aeabi_fcmpgt
                0x000000000800047c                __aeabi_fcmpge
 .text          0x0000000008000490      0x33c /usr/local/bin/../lib/gcc/arm-none-eabi/10.3.1/thumb/v6-m/nofp/libgcc.a(addsf3.o)
                0x0000000008000490                __aeabi_fadd
 .text          0x00000000080007cc      0x230 /usr/local/bin/../lib/gcc/arm-none-eabi/10.3.1/thumb/v6-m/nofp/libgcc.a(divsf3.o)
                0x00000000080007cc                __aeabi_fdiv
 .text          0x00000000080009fc       0x4c /usr/local/bin/../lib/gcc/arm-none-eabi/10.3.1/thumb/v6-m/nofp/libgcc.a(eqsf2.o)
                0x00000000080009fc                __nesf2
                0x00000000080009fc                __eqsf2
 .text          0x0000000008000a48       0x8c /usr/local/bin/../lib/gcc/arm-none-eabi/10.3.1/thumb/v6-m/nofp/libgcc.a(gesf2.o)
                0x0000000008000a48                __gtsf2
                0x0000000008000a48                __gesf2
 .text          0x0000000008000ad4       0x88 /usr/local/bin/../lib/gcc/arm-none-eabi/10.3.1/thumb/v6-m/nofp/libgcc.a(lesf2.o)
                0x0000000008000ad4                __lesf2
                0x0000000008000ad4                __ltsf2
 .text          0x0000000008000b5c      0x24c /usr/local/bin/../lib/gcc/arm-none-eabi/10.3.1/thumb/v6-m/nofp/libgcc.a(mulsf3.o)
                0x0000000008000b5c                __aeabi_fmul
 .text          0x0000000008000da8      0x35c /usr/local/bin/../lib/gcc/arm-none-eabi/10.3.1/thumb/v6-m/nofp/libgcc.a(subsf3.o)
                0x0000000008000da8                __aeabi_fsub
 .text          0x0000000008001104       0x40 /usr/local/bin/../lib/gcc/arm-none-eabi/10.3.1/thumb/v6-m/nofp/libgcc.a(fixsfsi.o)
                0x0000000008001104                __aeabi_f2iz
 .text          0x0000000008001144       0x9c /usr/local/bin/../lib/gcc/arm-none-eabi/10.3.1/thumb/v6-m/nofp/libgcc.a(floatsisf.o)
                0x0000000008001144                __aeabi_i2f
 .text          0x00000000080011e0       0x3c /usr/local/bin/../lib/gcc/arm-none-eabi/10.3.1/thumb/v6-m/nofp/libgcc.a(_clzsi2.o)
                0x00000000080011e0                __clzsi2
 .text          0x000000000800121c        0xe /usr/local/bin/../lib/gcc/arm-none-eabi/10.3.1/../../../../arm-none-eabi/lib/thumb/v6-m/nofp/libc_nano.a(lib_a-strlen.o)
                0x000000000800121c                strlen
 *fill*         0x000000000800122a        0x2 
 .text          0x000000000800122c       0x2c /usr/local/bin/../lib/gcc/arm-none-eabi/10.3.1/thumb/v6-m/nofp/libgcc.a(unordsf2.o)
                0x000000000800122c                __aeabi_fcmpun
 *(.text*)
 .text.__libc_init_array
                0x0000000008001258       0x48 /usr/local/bin/../lib/gcc/arm-none-eabi/10.3.1/../../../../arm-none-eabi/lib/thumb/v6-m/nofp/libc_nano.a(lib_a-init.o)
                0x0000000008001258                __libc_init_array
 .text.memset   0x00000000080012a0       0x10 /usr/local/bin/../lib/gcc/arm-none-eabi/10.3.1/../../../../arm-none-eabi/lib/thumb/v6-m/nofp/libc_nano.a(lib_a-memset.o)
                0x00000000080012a0                memset
 .text.SystemClock_Config
                0x00000000080012b0       0x50 CMakeFiles/motor_control.dir/cubemx/Core/Src/main.c.obj
                0x00000000080012b0                SystemClock_Config
 .text.start_uart2_rx
                0x0000000008001300       0x18 CMakeFiles/motor_control.dir/cubemx/Core/Src/main.c.obj
                0x0000000008001300                start_uart2_rx
 .text.startup.main
                0x0000000008001318      0x324 CMakeFiles/motor_control.dir/cubemx/Core/Src/main.c.obj
                0x0000000008001318                main
 .text.HAL_UART_RxCpltCallback
                0x000000000800163c       0x40 CMakeFiles/motor_control.dir/cubemx/Core/Src/main.c.obj
                0x000000000800163c                HAL_UART_RxCpltCallback
 .text.HAL_TIM_PeriodElapsedCallback
                0x000000000800167c       0x18 CMakeFiles/motor_control.dir/cubemx/Core/Src/main.c.obj
                0x000000000800167c                HAL_TIM_PeriodElapsedCallback
 .text.Error_Handler
                0x0000000008001694        0x4 CMakeFiles/motor_control.dir/cubemx/Core/Src/main.c.obj
                0x0000000008001694                Error_Handler
 .text.NMI_Handler
                0x0000000008001698        0x2 CMakeFiles/motor_control.dir/cubemx/Core/Src/stm32c0xx_it.c.obj
                0x0000000008001698                NMI_Handler
 .text.HardFault_Handler
                0x000000000800169a        0x2 CMakeFiles/motor_control.dir/cubemx/Core/Src/stm32c0xx_it.c.obj
                0x000000000800169a                HardFault_Handler
 .text.SVC_Handler
                0x000000000800169c        0x2 CMakeFiles/motor_control.dir/cubemx/Core/Src/stm32c0xx_it.c.obj
                0x000000000800169c                SVC_Handler
 .text.PendSV_Handler
                0x000000000800169e        0x2 CMakeFiles/motor_control.dir/cubemx/Core/Src/stm32c0xx_it.c.obj
                0x000000000800169e                PendSV_Handler
 .text.SysTick_Handler
                0x00000000080016a0        0x2 CMakeFiles/motor_control.dir/cubemx/Core/Src/stm32c0xx_it.c.obj
                0x00000000080016a0                SysTick_Handler
 .text.EXTI4_15_IRQHandler
                0x00000000080016a2        0xa CMakeFiles/motor_control.dir/cubemx/Core/Src/stm32c0xx_it.c.obj
                0x00000000080016a2                EXTI4_15_IRQHandler
 .text.TIM14_IRQHandler
                0x00000000080016ac       0x10 CMakeFiles/motor_control.dir/cubemx/Core/Src/stm32c0xx_it.c.obj
                0x00000000080016ac                TIM14_IRQHandler
 .text.USART2_IRQHandler
                0x00000000080016bc       0x10 CMakeFiles/motor_control.dir/cubemx/Core/Src/stm32c0xx_it.c.obj
                0x00000000080016bc                USART2_IRQHandler
 .text.HAL_MspInit
                0x00000000080016cc       0x30 CMakeFiles/motor_control.dir/cubemx/Core/Src/stm32c0xx_hal_msp.c.obj
                0x00000000080016cc                HAL_MspInit
 .text.HAL_TIM_PWM_MspInit
                0x00000000080016fc       0x2c CMakeFiles/motor_control.dir/cubemx/Core/Src/stm32c0xx_hal_msp.c.obj
                0x00000000080016fc                HAL_TIM_PWM_MspInit
 .text.HAL_TIM_OC_MspInit
                0x0000000008001728       0x28 CMakeFiles/motor_control.dir/cubemx/Core/Src/stm32c0xx_hal_msp.c.obj
                0x0000000008001728                HAL_TIM_OC_MspInit
 .text.HAL_TIM_MspPostInit
                0x0000000008001750       0x6c CMakeFiles/motor_control.dir/cubemx/Core/Src/stm32c0xx_hal_msp.c.obj
                0x0000000008001750                HAL_TIM_MspPostInit
 .text.HAL_UART_MspInit
                0x00000000080017bc       0xd4 CMakeFiles/motor_control.dir/cubemx/Core/Src/stm32c0xx_hal_msp.c.obj
                0x00000000080017bc                HAL_UART_MspInit
 .text.HAL_InitTick
                0x0000000008001890       0x88 CMakeFiles/motor_control.dir/cubemx/Core/Src/stm32c0xx_hal_timebase_tim.c.obj
                0x0000000008001890                HAL_InitTick
 .text.BSP_LED_Init
                0x0000000008001918       0x7c CMakeFiles/motor_control.dir/cubemx/Drivers/BSP/STM32C0xx_Nucleo/stm32c0xx_nucleo.c.obj
                0x0000000008001918                BSP_LED_Init
 .text.BSP_PB_Init
                0x0000000008001994       0x8c CMakeFiles/motor_control.dir/cubemx/Drivers/BSP/STM32C0xx_Nucleo/stm32c0xx_nucleo.c.obj
                0x0000000008001994                BSP_PB_Init
 .text.BSP_PB_IRQHandler
                0x0000000008001a20       0x14 CMakeFiles/motor_control.dir/cubemx/Drivers/BSP/STM32C0xx_Nucleo/stm32c0xx_nucleo.c.obj
                0x0000000008001a20                BSP_PB_IRQHandler
 .text.BSP_PB_Callback
                0x0000000008001a34        0x2 CMakeFiles/motor_control.dir/cubemx/Drivers/BSP/STM32C0xx_Nucleo/stm32c0xx_nucleo.c.obj
                0x0000000008001a34                BSP_PB_Callback
 .text.BUTTON_USER_EXTI_Callback
                0x0000000008001a36        0xa CMakeFiles/motor_control.dir/cubemx/Drivers/BSP/STM32C0xx_Nucleo/stm32c0xx_nucleo.c.obj
 .text.MX_USART2_Init
                0x0000000008001a40       0x34 CMakeFiles/motor_control.dir/cubemx/Drivers/BSP/STM32C0xx_Nucleo/stm32c0xx_nucleo.c.obj
                0x0000000008001a40                MX_USART2_Init
 .text.BSP_COM_Init
                0x0000000008001a74       0x8c CMakeFiles/motor_control.dir/cubemx/Drivers/BSP/STM32C0xx_Nucleo/stm32c0xx_nucleo.c.obj
                0x0000000008001a74                BSP_COM_Init
 .text.HAL_Init
                0x0000000008001b00       0x18 CMakeFiles/motor_control.dir/cubemx/Drivers/STM32C0xx_HAL_Driver/Src/stm32c0xx_hal.c.obj
                0x0000000008001b00                HAL_Init
 .text.HAL_IncTick
                0x0000000008001b18       0x18 CMakeFiles/motor_control.dir/cubemx/Drivers/STM32C0xx_HAL_Driver/Src/stm32c0xx_hal.c.obj
                0x0000000008001b18                HAL_IncTick
 .text.HAL_GetTick
                0x0000000008001b30        0xc CMakeFiles/motor_control.dir/cubemx/Drivers/STM32C0xx_HAL_Driver/Src/stm32c0xx_hal.c.obj
                0x0000000008001b30                HAL_GetTick
 .text.HAL_Delay
                0x0000000008001b3c       0x24 CMakeFiles/motor_control.dir/cubemx/Drivers/STM32C0xx_HAL_Driver/Src/stm32c0xx_hal.c.obj
                0x0000000008001b3c                HAL_Delay
 .text.HAL_NVIC_SetPriority
                0x0000000008001b60       0x54 CMakeFiles/motor_control.dir/cubemx/Drivers/STM32C0xx_HAL_Driver/Src/stm32c0xx_hal_cortex.c.obj
                0x0000000008001b60                HAL_NVIC_SetPriority
 .text.HAL_NVIC_EnableIRQ
                0x0000000008001bb4       0x18 CMakeFiles/motor_control.dir/cubemx/Drivers/STM32C0xx_HAL_Driver/Src/stm32c0xx_hal_cortex.c.obj
                0x0000000008001bb4                HAL_NVIC_EnableIRQ
 .text.HAL_RCC_OscConfig
                0x0000000008001bcc      0x270 CMakeFiles/motor_control.dir/cubemx/Drivers/STM32C0xx_HAL_Driver/Src/stm32c0xx_hal_rcc.c.obj
                0x0000000008001bcc                HAL_RCC_OscConfig
 .text.HAL_RCC_GetSysClockFreq
                0x0000000008001e3c       0x58 CMakeFiles/motor_control.dir/cubemx/Drivers/STM32C0xx_HAL_Driver/Src/stm32c0xx_hal_rcc.c.obj
                0x0000000008001e3c                HAL_RCC_GetSysClockFreq
 .text.HAL_RCC_ClockConfig
                0x0000000008001e94      0x164 CMakeFiles/motor_control.dir/cubemx/Drivers/STM32C0xx_HAL_Driver/Src/stm32c0xx_hal_rcc.c.obj
                0x0000000008001e94                HAL_RCC_ClockConfig
 .text.HAL_RCC_GetHCLKFreq
                0x0000000008001ff8       0x2c CMakeFiles/motor_control.dir/cubemx/Drivers/STM32C0xx_HAL_Driver/Src/stm32c0xx_hal_rcc.c.obj
                0x0000000008001ff8                HAL_RCC_GetHCLKFreq
 .text.HAL_RCC_GetPCLK1Freq
                0x0000000008002024       0x24 CMakeFiles/motor_control.dir/cubemx/Drivers/STM32C0xx_HAL_Driver/Src/stm32c0xx_hal_rcc.c.obj
                0x0000000008002024                HAL_RCC_GetPCLK1Freq
 .text.HAL_RCC_GetClockConfig
                0x0000000008002048       0x3c CMakeFiles/motor_control.dir/cubemx/Drivers/STM32C0xx_HAL_Driver/Src/stm32c0xx_hal_rcc.c.obj
                0x0000000008002048                HAL_RCC_GetClockConfig
 .text.HAL_RCCEx_PeriphCLKConfig
                0x0000000008002084      0x114 CMakeFiles/motor_control.dir/cubemx/Drivers/STM32C0xx_HAL_Driver/Src/stm32c0xx_hal_rcc_ex.c.obj
                0x0000000008002084                HAL_RCCEx_PeriphCLKConfig
 .text.HAL_GPIO_Init
                0x0000000008002198      0x168 CMakeFiles/motor_control.dir/cubemx/Drivers/STM32C0xx_HAL_Driver/Src/stm32c0xx_hal_gpio.c.obj
                0x0000000008002198                HAL_GPIO_Init
 .text.HAL_GPIO_WritePin
                0x0000000008002300        0xc CMakeFiles/motor_control.dir/cubemx/Drivers/STM32C0xx_HAL_Driver/Src/stm32c0xx_hal_gpio.c.obj
                0x0000000008002300                HAL_GPIO_WritePin
 .text.HAL_DMA_Abort
                0x000000000800230c       0x7c CMakeFiles/motor_control.dir/cubemx/Drivers/STM32C0xx_HAL_Driver/Src/stm32c0xx_hal_dma.c.obj
                0x000000000800230c                HAL_DMA_Abort
 .text.HAL_DMA_Abort_IT
                0x0000000008002388       0x7c CMakeFiles/motor_control.dir/cubemx/Drivers/STM32C0xx_HAL_Driver/Src/stm32c0xx_hal_dma.c.obj
                0x0000000008002388                HAL_DMA_Abort_IT
 .text.HAL_EXTI_RegisterCallback
                0x0000000008002404       0x24 CMakeFiles/motor_control.dir/cubemx/Drivers/STM32C0xx_HAL_Driver/Src/stm32c0xx_hal_exti.c.obj
                0x0000000008002404                HAL_EXTI_RegisterCallback
 .text.HAL_EXTI_GetHandle
                0x0000000008002428        0xe CMakeFiles/motor_control.dir/cubemx/Drivers/STM32C0xx_HAL_Driver/Src/stm32c0xx_hal_exti.c.obj
                0x0000000008002428                HAL_EXTI_GetHandle
 *fill*         0x0000000008002436        0x2 
 .text.HAL_EXTI_IRQHandler
                0x0000000008002438       0x48 CMakeFiles/motor_control.dir/cubemx/Drivers/STM32C0xx_HAL_Driver/Src/stm32c0xx_hal_exti.c.obj
                0x0000000008002438                HAL_EXTI_IRQHandler
 .text.TIM_OC1_SetConfig
                0x0000000008002480       0x7c CMakeFiles/motor_control.dir/cubemx/Drivers/STM32C0xx_HAL_Driver/Src/stm32c0xx_hal_tim.c.obj
 .text.TIM_OC3_SetConfig
                0x00000000080024fc       0x84 CMakeFiles/motor_control.dir/cubemx/Drivers/STM32C0xx_HAL_Driver/Src/stm32c0xx_hal_tim.c.obj
 .text.TIM_OC4_SetConfig
                0x0000000008002580       0x68 CMakeFiles/motor_control.dir/cubemx/Drivers/STM32C0xx_HAL_Driver/Src/stm32c0xx_hal_tim.c.obj
 .text.TIM_OC5_SetConfig
                0x00000000080025e8       0x60 CMakeFiles/motor_control.dir/cubemx/Drivers/STM32C0xx_HAL_Driver/Src/stm32c0xx_hal_tim.c.obj
 .text.TIM_OC6_SetConfig
                0x0000000008002648       0x68 CMakeFiles/motor_control.dir/cubemx/Drivers/STM32C0xx_HAL_Driver/Src/stm32c0xx_hal_tim.c.obj
 .text.HAL_TIM_Base_MspInit
                0x00000000080026b0        0x2 CMakeFiles/motor_control.dir/cubemx/Drivers/STM32C0xx_HAL_Driver/Src/stm32c0xx_hal_tim.c.obj
                0x00000000080026b0                HAL_TIM_Base_MspInit
 *fill*         0x00000000080026b2        0x2 
 .text.HAL_TIM_Base_Start_IT
                0x00000000080026b4       0x58 CMakeFiles/motor_control.dir/cubemx/Drivers/STM32C0xx_HAL_Driver/Src/stm32c0xx_hal_tim.c.obj
                0x00000000080026b4                HAL_TIM_Base_Start_IT
 .text.HAL_TIM_OC_DelayElapsedCallback
                0x000000000800270c        0x2 CMakeFiles/motor_control.dir/cubemx/Drivers/STM32C0xx_HAL_Driver/Src/stm32c0xx_hal_tim.c.obj
                0x000000000800270c                HAL_TIM_OC_DelayElapsedCallback
 .text.HAL_TIM_IC_CaptureCallback
                0x000000000800270e        0x2 CMakeFiles/motor_control.dir/cubemx/Drivers/STM32C0xx_HAL_Driver/Src/stm32c0xx_hal_tim.c.obj
                0x000000000800270e                HAL_TIM_IC_CaptureCallback
 .text.HAL_TIM_PWM_PulseFinishedCallback
                0x0000000008002710        0x2 CMakeFiles/motor_control.dir/cubemx/Drivers/STM32C0xx_HAL_Driver/Src/stm32c0xx_hal_tim.c.obj
                0x0000000008002710                HAL_TIM_PWM_PulseFinishedCallback
 .text.HAL_TIM_TriggerCallback
                0x0000000008002712        0x2 CMakeFiles/motor_control.dir/cubemx/Drivers/STM32C0xx_HAL_Driver/Src/stm32c0xx_hal_tim.c.obj
                0x0000000008002712                HAL_TIM_TriggerCallback
 .text.HAL_TIM_IRQHandler
                0x0000000008002714      0x158 CMakeFiles/motor_control.dir/cubemx/Drivers/STM32C0xx_HAL_Driver/Src/stm32c0xx_hal_tim.c.obj
                0x0000000008002714                HAL_TIM_IRQHandler
 .text.TIM_Base_SetConfig
                0x000000000800286c       0x8c CMakeFiles/motor_control.dir/cubemx/Drivers/STM32C0xx_HAL_Driver/Src/stm32c0xx_hal_tim.c.obj
                0x000000000800286c                TIM_Base_SetConfig
 .text.HAL_TIM_Base_Init
                0x00000000080028f8       0x54 CMakeFiles/motor_control.dir/cubemx/Drivers/STM32C0xx_HAL_Driver/Src/stm32c0xx_hal_tim.c.obj
                0x00000000080028f8                HAL_TIM_Base_Init
 .text.HAL_TIM_OC_Init
                0x000000000800294c       0x54 CMakeFiles/motor_control.dir/cubemx/Drivers/STM32C0xx_HAL_Driver/Src/stm32c0xx_hal_tim.c.obj
                0x000000000800294c                HAL_TIM_OC_Init
 .text.HAL_TIM_PWM_Init
                0x00000000080029a0       0x54 CMakeFiles/motor_control.dir/cubemx/Drivers/STM32C0xx_HAL_Driver/Src/stm32c0xx_hal_tim.c.obj
                0x00000000080029a0                HAL_TIM_PWM_Init
 .text.TIM_OC2_SetConfig
                0x00000000080029f4       0x78 CMakeFiles/motor_control.dir/cubemx/Drivers/STM32C0xx_HAL_Driver/Src/stm32c0xx_hal_tim.c.obj
                0x00000000080029f4                TIM_OC2_SetConfig
 .text.HAL_TIM_OC_ConfigChannel
                0x0000000008002a6c       0x68 CMakeFiles/motor_control.dir/cubemx/Drivers/STM32C0xx_HAL_Driver/Src/stm32c0xx_hal_tim.c.obj
                0x0000000008002a6c                HAL_TIM_OC_ConfigChannel
 .text.HAL_TIM_PWM_ConfigChannel
                0x0000000008002ad4      0x108 CMakeFiles/motor_control.dir/cubemx/Drivers/STM32C0xx_HAL_Driver/Src/stm32c0xx_hal_tim.c.obj
                0x0000000008002ad4                HAL_TIM_PWM_ConfigChannel
 .text.TIM_CCxChannelCmd
                0x0000000008002bdc       0x1a CMakeFiles/motor_control.dir/cubemx/Drivers/STM32C0xx_HAL_Driver/Src/stm32c0xx_hal_tim.c.obj
                0x0000000008002bdc                TIM_CCxChannelCmd
 *fill*         0x0000000008002bf6        0x2 
 .text.HAL_TIM_OC_Start
                0x0000000008002bf8       0xdc CMakeFiles/motor_control.dir/cubemx/Drivers/STM32C0xx_HAL_Driver/Src/stm32c0xx_hal_tim.c.obj
                0x0000000008002bf8                HAL_TIM_OC_Start
 .text.HAL_TIM_PWM_Start
                0x0000000008002cd4        0x8 CMakeFiles/motor_control.dir/cubemx/Drivers/STM32C0xx_HAL_Driver/Src/stm32c0xx_hal_tim.c.obj
                0x0000000008002cd4                HAL_TIM_PWM_Start
 .text.HAL_TIMEx_MasterConfigSynchronization
                0x0000000008002cdc       0x60 CMakeFiles/motor_control.dir/cubemx/Drivers/STM32C0xx_HAL_Driver/Src/stm32c0xx_hal_tim_ex.c.obj
                0x0000000008002cdc                HAL_TIMEx_MasterConfigSynchronization
 .text.HAL_TIMEx_ConfigBreakDeadTime
                0x0000000008002d3c       0xbc CMakeFiles/motor_control.dir/cubemx/Drivers/STM32C0xx_HAL_Driver/Src/stm32c0xx_hal_tim_ex.c.obj
                0x0000000008002d3c                HAL_TIMEx_ConfigBreakDeadTime
 .text.HAL_TIMEx_CommutCallback
                0x0000000008002df8        0x2 CMakeFiles/motor_control.dir/cubemx/Drivers/STM32C0xx_HAL_Driver/Src/stm32c0xx_hal_tim_ex.c.obj
                0x0000000008002df8                HAL_TIMEx_CommutCallback
 .text.HAL_TIMEx_BreakCallback
                0x0000000008002dfa        0x2 CMakeFiles/motor_control.dir/cubemx/Drivers/STM32C0xx_HAL_Driver/Src/stm32c0xx_hal_tim_ex.c.obj
                0x0000000008002dfa                HAL_TIMEx_BreakCallback
 .text.HAL_TIMEx_Break2Callback
                0x0000000008002dfc        0x2 CMakeFiles/motor_control.dir/cubemx/Drivers/STM32C0xx_HAL_Driver/Src/stm32c0xx_hal_tim_ex.c.obj
                0x0000000008002dfc                HAL_TIMEx_Break2Callback
 *fill*         0x0000000008002dfe        0x2 
 .text.UART_EndRxTransfer
                0x0000000008002e00       0x64 CMakeFiles/motor_control.dir/cubemx/Drivers/STM32C0xx_HAL_Driver/Src/stm32c0xx_hal_uart.c.obj
 .text.HAL_UART_TxCpltCallback
                0x0000000008002e64        0x2 CMakeFiles/motor_control.dir/cubemx/Drivers/STM32C0xx_HAL_Driver/Src/stm32c0xx_hal_uart.c.obj
                0x0000000008002e64                HAL_UART_TxCpltCallback
 .text.HAL_UART_ErrorCallback
                0x0000000008002e66        0x2 CMakeFiles/motor_control.dir/cubemx/Drivers/STM32C0xx_HAL_Driver/Src/stm32c0xx_hal_uart.c.obj
                0x0000000008002e66                HAL_UART_ErrorCallback
 .text.UART_DMAAbortOnError
                0x0000000008002e68       0x16 CMakeFiles/motor_control.dir/cubemx/Drivers/STM32C0xx_HAL_Driver/Src/stm32c0xx_hal_uart.c.obj
 .text.HAL_UARTEx_RxEventCallback
                0x0000000008002e7e        0x2 CMakeFiles/motor_control.dir/cubemx/Drivers/STM32C0xx_HAL_Driver/Src/stm32c0xx_hal_uart.c.obj
                0x0000000008002e7e                HAL_UARTEx_RxEventCallback
 .text.HAL_UART_IRQHandler
                0x0000000008002e80      0x340 CMakeFiles/motor_control.dir/cubemx/Drivers/STM32C0xx_HAL_Driver/Src/stm32c0xx_hal_uart.c.obj
                0x0000000008002e80                HAL_UART_IRQHandler
 .text.UART_RxISR_8BIT
                0x00000000080031c0       0xd8 CMakeFiles/motor_control.dir/cubemx/Drivers/STM32C0xx_HAL_Driver/Src/stm32c0xx_hal_uart.c.obj
 .text.UART_RxISR_16BIT
                0x0000000008003298       0xd4 CMakeFiles/motor_control.dir/cubemx/Drivers/STM32C0xx_HAL_Driver/Src/stm32c0xx_hal_uart.c.obj
 .text.UART_RxISR_8BIT_FIFOEN
                0x000000000800336c      0x1cc CMakeFiles/motor_control.dir/cubemx/Drivers/STM32C0xx_HAL_Driver/Src/stm32c0xx_hal_uart.c.obj
 .text.UART_RxISR_16BIT_FIFOEN
                0x0000000008003538      0x1c8 CMakeFiles/motor_control.dir/cubemx/Drivers/STM32C0xx_HAL_Driver/Src/stm32c0xx_hal_uart.c.obj
 .text.UART_SetConfig
                0x0000000008003700      0x17c CMakeFiles/motor_control.dir/cubemx/Drivers/STM32C0xx_HAL_Driver/Src/stm32c0xx_hal_uart.c.obj
                0x0000000008003700                UART_SetConfig
 .text.UART_AdvFeatureConfig
                0x000000000800387c       0xd0 CMakeFiles/motor_control.dir/cubemx/Drivers/STM32C0xx_HAL_Driver/Src/stm32c0xx_hal_uart.c.obj
                0x000000000800387c                UART_AdvFeatureConfig
 .text.UART_WaitOnFlagUntilTimeout
                0x000000000800394c       0x94 CMakeFiles/motor_control.dir/cubemx/Drivers/STM32C0xx_HAL_Driver/Src/stm32c0xx_hal_uart.c.obj
                0x000000000800394c                UART_WaitOnFlagUntilTimeout
 .text.HAL_UART_Transmit
                0x00000000080039e0       0xd6 CMakeFiles/motor_control.dir/cubemx/Drivers/STM32C0xx_HAL_Driver/Src/stm32c0xx_hal_uart.c.obj
                0x00000000080039e0                HAL_UART_Transmit
 *fill*         0x0000000008003ab6        0x2 
 .text.HAL_UART_Receive
                0x0000000008003ab8      0x104 CMakeFiles/motor_control.dir/cubemx/Drivers/STM32C0xx_HAL_Driver/Src/stm32c0xx_hal_uart.c.obj
                0x0000000008003ab8                HAL_UART_Receive
 .text.UART_CheckIdleState
                0x0000000008003bbc       0xcc CMakeFiles/motor_control.dir/cubemx/Drivers/STM32C0xx_HAL_Driver/Src/stm32c0xx_hal_uart.c.obj
                0x0000000008003bbc                UART_CheckIdleState
 .text.HAL_UART_Init
                0x0000000008003c88       0x68 CMakeFiles/motor_control.dir/cubemx/Drivers/STM32C0xx_HAL_Driver/Src/stm32c0xx_hal_uart.c.obj
                0x0000000008003c88                HAL_UART_Init
 .text.UART_Start_Receive_IT
                0x0000000008003cf0      0x128 CMakeFiles/motor_control.dir/cubemx/Drivers/STM32C0xx_HAL_Driver/Src/stm32c0xx_hal_uart.c.obj
                0x0000000008003cf0                UART_Start_Receive_IT
 .text.HAL_UART_Receive_IT
                0x0000000008003e18       0x5e CMakeFiles/motor_control.dir/cubemx/Drivers/STM32C0xx_HAL_Driver/Src/stm32c0xx_hal_uart.c.obj
                0x0000000008003e18                HAL_UART_Receive_IT
 *fill*         0x0000000008003e76        0x2 
 .text.UARTEx_SetNbDataToProcess
                0x0000000008003e78       0x4c CMakeFiles/motor_control.dir/cubemx/Drivers/STM32C0xx_HAL_Driver/Src/stm32c0xx_hal_uart_ex.c.obj
 .text.HAL_UARTEx_WakeupCallback
                0x0000000008003ec4        0x2 CMakeFiles/motor_control.dir/cubemx/Drivers/STM32C0xx_HAL_Driver/Src/stm32c0xx_hal_uart_ex.c.obj
                0x0000000008003ec4                HAL_UARTEx_WakeupCallback
 .text.HAL_UARTEx_RxFifoFullCallback
                0x0000000008003ec6        0x2 CMakeFiles/motor_control.dir/cubemx/Drivers/STM32C0xx_HAL_Driver/Src/stm32c0xx_hal_uart_ex.c.obj
                0x0000000008003ec6                HAL_UARTEx_RxFifoFullCallback
 .text.HAL_UARTEx_TxFifoEmptyCallback
                0x0000000008003ec8        0x2 CMakeFiles/motor_control.dir/cubemx/Drivers/STM32C0xx_HAL_Driver/Src/stm32c0xx_hal_uart_ex.c.obj
                0x0000000008003ec8                HAL_UARTEx_TxFifoEmptyCallback
 *fill*         0x0000000008003eca        0x2 
 .text.HAL_UARTEx_DisableFifoMode
                0x0000000008003ecc       0x3c CMakeFiles/motor_control.dir/cubemx/Drivers/STM32C0xx_HAL_Driver/Src/stm32c0xx_hal_uart_ex.c.obj
                0x0000000008003ecc                HAL_UARTEx_DisableFifoMode
 .text.HAL_UARTEx_SetTxFifoThreshold
                0x0000000008003f08       0x48 CMakeFiles/motor_control.dir/cubemx/Drivers/STM32C0xx_HAL_Driver/Src/stm32c0xx_hal_uart_ex.c.obj
                0x0000000008003f08                HAL_UARTEx_SetTxFifoThreshold
 .text.HAL_UARTEx_SetRxFifoThreshold
                0x0000000008003f50       0x4c CMakeFiles/motor_control.dir/cubemx/Drivers/STM32C0xx_HAL_Driver/Src/stm32c0xx_hal_uart_ex.c.obj
                0x0000000008003f50                HAL_UARTEx_SetRxFifoThreshold
 .text.SystemInit
                0x0000000008003f9c       0x10 CMakeFiles/motor_control.dir/cubemx/Core/Src/system_stm32c0xx.c.obj
                0x0000000008003f9c                SystemInit
 .text.Reset_Handler
                0x0000000008003fac       0x50 CMakeFiles/motor_control.dir/cubemx/startup_stm32c031xx.s.obj
                0x0000000008003fac                Reset_Handler
 .text.Default_Handler
                0x0000000008003ffc        0x2 CMakeFiles/motor_control.dir/cubemx/startup_stm32c031xx.s.obj
                0x0000000008003ffc                TIM1_BRK_UP_TRG_COM_IRQHandler
                0x0000000008003ffc                I2C1_IRQHandler
                0x0000000008003ffc                DMAMUX1_IRQHandler
                0x0000000008003ffc                SPI1_IRQHandler
                0x0000000008003ffc                EXTI2_3_IRQHandler
                0x0000000008003ffc                ADC1_IRQHandler
                0x0000000008003ffc                TIM17_IRQHandler
                0x0000000008003ffc                RTC_IRQHandler
                0x0000000008003ffc                TIM16_IRQHandler
                0x0000000008003ffc                TIM3_IRQHandler
                0x0000000008003ffc                RCC_IRQHandler
                0x0000000008003ffc                DMA1_Channel1_IRQHandler
                0x0000000008003ffc                Default_Handler
                0x0000000008003ffc                EXTI0_1_IRQHandler
                0x0000000008003ffc                WWDG_IRQHandler
                0x0000000008003ffc                DMA1_Channel2_3_IRQHandler
                0x0000000008003ffc                FLASH_IRQHandler
                0x0000000008003ffc                USART1_IRQHandler
                0x0000000008003ffc                TIM1_CC_IRQHandler
 .text.mailbox_init
                0x0000000008003ffe        0xe datatypes/libdatatypes_lib.a(mailbox.c.obj)
                0x0000000008003ffe                mailbox_init
 .text.mailbox_mail_arrived
                0x000000000800400c       0x10 datatypes/libdatatypes_lib.a(mailbox.c.obj)
                0x000000000800400c                mailbox_mail_arrived
 .text.io_motor_com_init
                0x000000000800401c       0x26 io/libio_lib.a(io_motor_com.c.obj)
                0x000000000800401c                io_motor_com_init
 .text.io_motor_com_cal_sign_value
                0x0000000008004042       0x3a io/libio_lib.a(io_motor_com.c.obj)
                0x0000000008004042                io_motor_com_cal_sign_value
 .text.io_motor_com_cal_value
                0x000000000800407c       0x28 io/libio_lib.a(io_motor_com.c.obj)
                0x000000000800407c                io_motor_com_cal_value
 .text.io_motor_com_get_function
                0x00000000080040a4      0x140 io/libio_lib.a(io_motor_com.c.obj)
                0x00000000080040a4                io_motor_com_get_function
 .text.io_motor_com_read_package
                0x00000000080041e4       0x98 io/libio_lib.a(io_motor_com.c.obj)
                0x00000000080041e4                io_motor_com_read_package
 .text.io_motor_com_make_crc_send
                0x000000000800427c       0x6a io/libio_lib.a(io_motor_com.c.obj)
                0x000000000800427c                io_motor_com_make_crc_send
 .text.io_motor_com_send_package
                0x00000000080042e6       0x8c io/libio_lib.a(io_motor_com.c.obj)
                0x00000000080042e6                io_motor_com_send_package
 .text.io_motor_com_get_motor_pos
                0x0000000008004372        0x4 io/libio_lib.a(io_motor_com.c.obj)
                0x0000000008004372                io_motor_com_get_motor_pos
 .text.io_motor_com_get_motor_position_ready
                0x0000000008004376        0x6 io/libio_lib.a(io_motor_com.c.obj)
                0x0000000008004376                io_motor_com_get_motor_position_ready
 .text.io_motor_com_set_motor_position_ready
                0x000000000800437c        0x6 io/libio_lib.a(io_motor_com.c.obj)
                0x000000000800437c                io_motor_com_set_motor_position_ready
 *fill*         0x0000000008004382        0x2 
 .text.io_motor_com_debug_snapshot
                0x0000000008004384       0x5c io/libio_lib.a(io_motor_com.c.obj)
                0x0000000008004384                io_motor_com_debug_snapshot
 .text.read_motor_position32_impl.constprop.0
                0x00000000080043e0      0x104 app/libapp_lib.a(app_motor_comm.c.obj)
 .text.ReadMotorPosition32
                0x00000000080044e4        0x8 app/libapp_lib.a(app_motor_comm.c.obj)
                0x00000000080044e4                ReadMotorPosition32
 .text.Turn_const_speed
                0x00000000080044ec        0xa app/libapp_lib.a(app_motor_comm.c.obj)
                0x00000000080044ec                Turn_const_speed
 .text.delta_fsm_bind_io
                0x00000000080044f6        0x8 app/libapp_lib.a(robot_fsm.c.obj)
                0x00000000080044f6                delta_fsm_bind_io
 .text.delta_fsm_on_timer_tick
                0x00000000080044fe        0x8 app/libapp_lib.a(robot_fsm.c.obj)
                0x00000000080044fe                delta_fsm_on_timer_tick
 .text.delta_fsm_init
                0x0000000008004506       0x3e app/libapp_lib.a(robot_fsm.c.obj)
                0x0000000008004506                delta_fsm_init
 .text.robot_runtime_send_status.part.0
                0x0000000008004544       0x14 app/libapp_lib.a(robot_runtime.c.obj)
 .text.robot_runtime_bind
                0x0000000008004558       0x1c app/libapp_lib.a(robot_runtime.c.obj)
                0x0000000008004558                robot_runtime_bind
 .text.robot_runtime_send_status
                0x0000000008004574        0xc app/libapp_lib.a(robot_runtime.c.obj)
                0x0000000008004574                robot_runtime_send_status
 .text.robot_runtime_get_joint_ticks
                0x0000000008004580       0x84 app/libapp_lib.a(robot_runtime.c.obj)
                0x0000000008004580                robot_runtime_get_joint_ticks
 .text.motion_execute_reset_scheduler
                0x0000000008004604       0x14 app/libapp_lib.a(motion_execute.c.obj)
                0x0000000008004604                motion_execute_reset_scheduler
 .text.motion_execute_on_timer_tick
                0x0000000008004618       0x24 app/libapp_lib.a(motion_execute.c.obj)
                0x0000000008004618                motion_execute_on_timer_tick
 .text.robot_get_joint_angles.part.0
                0x000000000800463c       0x80 app/libapp_lib.a(robot.c.obj)
 .text.FK       0x00000000080046bc      0x53c app/libapp_lib.a(robot.c.obj)
                0x00000000080046bc                FK
 .text.robot_get_current_pos
                0x0000000008004bf8       0x40 app/libapp_lib.a(robot.c.obj)
                0x0000000008004bf8                robot_get_current_pos
 .text.initRingBuffer
                0x0000000008004c38        0xc datatypes/libdatatypes_lib.a(ringBuffer.c.obj)
                0x0000000008004c38                initRingBuffer
 .text.bufIsEmpty
                0x0000000008004c44       0x10 datatypes/libdatatypes_lib.a(ringBuffer.c.obj)
                0x0000000008004c44                bufIsEmpty
 .text.enqueue  0x0000000008004c54       0x5c datatypes/libdatatypes_lib.a(ringBuffer.c.obj)
                0x0000000008004c54                enqueue
 .text.dequeue  0x0000000008004cb0       0x28 datatypes/libdatatypes_lib.a(ringBuffer.c.obj)
                0x0000000008004cb0                dequeue
 .text.hw_motor_tx
                0x0000000008004cd8       0x14 hw/libhw_lib.a(hw_uart.c.obj)
                0x0000000008004cd8                hw_motor_tx
 .text.hw_motor_rx
                0x0000000008004cec       0x14 hw/libhw_lib.a(hw_uart.c.obj)
                0x0000000008004cec                hw_motor_rx
 .text.hw_laptop_tx
                0x0000000008004d00       0x14 hw/libhw_lib.a(hw_uart.c.obj)
                0x0000000008004d00                hw_laptop_tx
 .text.__errno  0x0000000008004d14        0xc /usr/local/bin/../lib/gcc/arm-none-eabi/10.3.1/../../../../arm-none-eabi/lib/thumb/v6-m/nofp/libc_nano.a(lib_a-errno.o)
                0x0000000008004d14                __errno
 .text.memcpy   0x0000000008004d20       0x12 /usr/local/bin/../lib/gcc/arm-none-eabi/10.3.1/../../../../arm-none-eabi/lib/thumb/v6-m/nofp/libc_nano.a(lib_a-memcpy-stub.o)
                0x0000000008004d20                memcpy
 *fill*         0x0000000008004d32        0x2 
 .text.cosf     0x0000000008004d34       0x78 /usr/local/bin/../lib/gcc/arm-none-eabi/10.3.1/../../../../arm-none-eabi/lib/thumb/v6-m/nofp/libm.a(lib_a-sf_cos.o)
                0x0000000008004d34                cosf
 .text.sinf     0x0000000008004dac       0x7c /usr/local/bin/../lib/gcc/arm-none-eabi/10.3.1/../../../../arm-none-eabi/lib/thumb/v6-m/nofp/libm.a(lib_a-sf_sin.o)
                0x0000000008004dac                sinf
 .text.sqrtf    0x0000000008004e28       0x3c /usr/local/bin/../lib/gcc/arm-none-eabi/10.3.1/../../../../arm-none-eabi/lib/thumb/v6-m/nofp/libm.a(lib_a-wf_sqrt.o)
                0x0000000008004e28                sqrtf
 .text.__ieee754_rem_pio2f
                0x0000000008004e64      0x2f4 /usr/local/bin/../lib/gcc/arm-none-eabi/10.3.1/../../../../arm-none-eabi/lib/thumb/v6-m/nofp/libm.a(lib_a-ef_rem_pio2.o)
                0x0000000008004e64                __ieee754_rem_pio2f
 .text.__ieee754_sqrtf
                0x0000000008005158       0xb0 /usr/local/bin/../lib/gcc/arm-none-eabi/10.3.1/../../../../arm-none-eabi/lib/thumb/v6-m/nofp/libm.a(lib_a-ef_sqrt.o)
                0x0000000008005158                __ieee754_sqrtf
 .text.__kernel_cosf
                0x0000000008005208      0x190 /usr/local/bin/../lib/gcc/arm-none-eabi/10.3.1/../../../../arm-none-eabi/lib/thumb/v6-m/nofp/libm.a(lib_a-kf_cos.o)
                0x0000000008005208                __kernel_cosf
 .text.__kernel_rem_pio2f
                0x0000000008005398      0x734 /usr/local/bin/../lib/gcc/arm-none-eabi/10.3.1/../../../../arm-none-eabi/lib/thumb/v6-m/nofp/libm.a(lib_a-kf_rem_pio2.o)
                0x0000000008005398                __kernel_rem_pio2f
 .text.__kernel_sinf
                0x0000000008005acc       0xf0 /usr/local/bin/../lib/gcc/arm-none-eabi/10.3.1/../../../../arm-none-eabi/lib/thumb/v6-m/nofp/libm.a(lib_a-kf_sin.o)
                0x0000000008005acc                __kernel_sinf
 .text.fabsf    0x0000000008005bbc        0x8 /usr/local/bin/../lib/gcc/arm-none-eabi/10.3.1/../../../../arm-none-eabi/lib/thumb/v6-m/nofp/libm.a(lib_a-sf_fabs.o)
                0x0000000008005bbc                fabsf
 .text.floorf   0x0000000008005bc4       0x98 /usr/local/bin/../lib/gcc/arm-none-eabi/10.3.1/../../../../arm-none-eabi/lib/thumb/v6-m/nofp/libm.a(lib_a-sf_floor.o)
                0x0000000008005bc4                floorf
 .text.scalbnf  0x0000000008005c5c       0xbc /usr/local/bin/../lib/gcc/arm-none-eabi/10.3.1/../../../../arm-none-eabi/lib/thumb/v6-m/nofp/libm.a(lib_a-sf_scalbn.o)
                0x0000000008005c5c                scalbnf
 *(.glue_7)
 .glue_7        0x0000000008005d18        0x0 linker stubs
 *(.glue_7t)
 .glue_7t       0x0000000008005d18        0x0 linker stubs
 *(.eh_frame)
 .eh_frame      0x0000000008005d18        0x0 /usr/local/bin/../lib/gcc/arm-none-eabi/10.3.1/thumb/v6-m/nofp/crtbegin.o
 *(.init)
 .init          0x0000000008005d18        0x4 /usr/local/bin/../lib/gcc/arm-none-eabi/10.3.1/thumb/v6-m/nofp/crti.o
                0x0000000008005d18                _init
 .init          0x0000000008005d1c        0x8 /usr/local/bin/../lib/gcc/arm-none-eabi/10.3.1/thumb/v6-m/nofp/crtn.o
 *(.fini)
 .fini          0x0000000008005d24        0x4 /usr/local/bin/../lib/gcc/arm-none-eabi/10.3.1/thumb/v6-m/nofp/crti.o
                0x0000000008005d24                _fini
 .fini          0x0000000008005d28        0x8 /usr/local/bin/../lib/gcc/arm-none-eabi/10.3.1/thumb/v6-m/nofp/crtn.o
                0x0000000008005d30                . = ALIGN (0x4)
                0x0000000008005d30                _etext = .

.vfp11_veneer   0x0000000008005d30        0x0
 .vfp11_veneer  0x0000000008005d30        0x0 linker stubs

.v4_bx          0x0000000008005d30        0x0
 .v4_bx         0x0000000008005d30        0x0 linker stubs

.iplt           0x0000000008005d30        0x0
 .iplt          0x0000000008005d30        0x0 /usr/local/bin/../lib/gcc/arm-none-eabi/10.3.1/thumb/v6-m/nofp/crtbegin.o

.rodata         0x0000000008005d30      0x5a4
                0x0000000008005d30                . = ALIGN (0x4)
 *(.rodata)
 .rodata        0x0000000008005d30       0x80 /usr/local/bin/../lib/gcc/arm-none-eabi/10.3.1/thumb/v6-m/nofp/libgcc.a(divsf3.o)
 .rodata        0x0000000008005db0       0x40 /usr/local/bin/../lib/gcc/arm-none-eabi/10.3.1/thumb/v6-m/nofp/libgcc.a(mulsf3.o)
 *(.rodata*)
 .rodata.LED_PIN
                0x0000000008005df0        0x4 CMakeFiles/motor_control.dir/cubemx/Drivers/BSP/STM32C0xx_Nucleo/stm32c0xx_nucleo.c.obj
 .rodata.LED_PORT
                0x0000000008005df4        0x8 CMakeFiles/motor_control.dir/cubemx/Drivers/BSP/STM32C0xx_Nucleo/stm32c0xx_nucleo.c.obj
 .rodata.CSWTCH.66
                0x0000000008005dfc        0x3 CMakeFiles/motor_control.dir/cubemx/Drivers/STM32C0xx_HAL_Driver/Src/stm32c0xx_hal_uart.c.obj
 *fill*         0x0000000008005dff        0x1 
 .rodata.UARTPrescTable
                0x0000000008005e00       0x18 CMakeFiles/motor_control.dir/cubemx/Drivers/STM32C0xx_HAL_Driver/Src/stm32c0xx_hal_uart.c.obj
                0x0000000008005e00                UARTPrescTable
 .rodata.denominator.0
                0x0000000008005e18        0x8 CMakeFiles/motor_control.dir/cubemx/Drivers/STM32C0xx_HAL_Driver/Src/stm32c0xx_hal_uart_ex.c.obj
 .rodata.numerator.1
                0x0000000008005e20        0x8 CMakeFiles/motor_control.dir/cubemx/Drivers/STM32C0xx_HAL_Driver/Src/stm32c0xx_hal_uart_ex.c.obj
 .rodata.AHBPrescTable
                0x0000000008005e28       0x40 CMakeFiles/motor_control.dir/cubemx/Core/Src/system_stm32c0xx.c.obj
                0x0000000008005e28                AHBPrescTable
 .rodata.APBPrescTable
                0x0000000008005e68       0x20 CMakeFiles/motor_control.dir/cubemx/Core/Src/system_stm32c0xx.c.obj
                0x0000000008005e68                APBPrescTable
 .rodata.robot_runtime_get_joint_ticks.str1.1
                0x0000000008005e88       0x42 app/libapp_lib.a(robot_runtime.c.obj)
 .rodata.robot_get_current_pos.str1.1
                0x0000000008005eca       0x3a app/libapp_lib.a(robot.c.obj)
 .rodata.npio2_hw
                0x0000000008005f04       0x80 /usr/local/bin/../lib/gcc/arm-none-eabi/10.3.1/../../../../arm-none-eabi/lib/thumb/v6-m/nofp/libm.a(lib_a-ef_rem_pio2.o)
 .rodata.two_over_pi
                0x0000000008005f84      0x318 /usr/local/bin/../lib/gcc/arm-none-eabi/10.3.1/../../../../arm-none-eabi/lib/thumb/v6-m/nofp/libm.a(lib_a-ef_rem_pio2.o)
 .rodata.PIo2   0x000000000800629c       0x2c /usr/local/bin/../lib/gcc/arm-none-eabi/10.3.1/../../../../arm-none-eabi/lib/thumb/v6-m/nofp/libm.a(lib_a-kf_rem_pio2.o)
 .rodata.init_jk
                0x00000000080062c8        0xc /usr/local/bin/../lib/gcc/arm-none-eabi/10.3.1/../../../../arm-none-eabi/lib/thumb/v6-m/nofp/libm.a(lib_a-kf_rem_pio2.o)
                0x00000000080062d4                . = ALIGN (0x4)

.rel.dyn        0x00000000080062d4        0x0
 .rel.iplt      0x00000000080062d4        0x0 /usr/local/bin/../lib/gcc/arm-none-eabi/10.3.1/thumb/v6-m/nofp/crtbegin.o

.ARM.extab
 *(.ARM.extab* .gnu.linkonce.armextab.*)

.ARM            0x00000000080062d4        0x0
                0x00000000080062d4                __exidx_start = .
 *(.ARM.exidx*)
                0x00000000080062d4                __exidx_end = .

.preinit_array  0x00000000080062d4        0x0
                0x00000000080062d4                PROVIDE (__preinit_array_start = .)
 *(.preinit_array*)
                0x00000000080062d4                PROVIDE (__preinit_array_end = .)

.init_array     0x00000000080062d4        0x4
                0x00000000080062d4                PROVIDE (__init_array_start = .)
 *(SORT_BY_NAME(.init_array.*))
 *(.init_array*)
 .init_array    0x00000000080062d4        0x4 /usr/local/bin/../lib/gcc/arm-none-eabi/10.3.1/thumb/v6-m/nofp/crtbegin.o
                0x00000000080062d8                PROVIDE (__init_array_end = .)

.fini_array     0x00000000080062d8        0x4
                [!provide]                        PROVIDE (__fini_array_start = .)
 *(SORT_BY_NAME(.fini_array.*))
 *(.fini_array*)
 .fini_array    0x00000000080062d8        0x4 /usr/local/bin/../lib/gcc/arm-none-eabi/10.3.1/thumb/v6-m/nofp/crtbegin.o
                [!provide]                        PROVIDE (__fini_array_end = .)
                0x00000000080062dc                _sidata = LOADADDR (.data)

.data           0x0000000020000000       0x80 load address 0x00000000080062dc
                0x0000000020000000                . = ALIGN (0x4)
                0x0000000020000000                _sdata = .
 *(.data)
 *(.data*)
 .data._impure_ptr
                0x0000000020000000        0x4 /usr/local/bin/../lib/gcc/arm-none-eabi/10.3.1/../../../../arm-none-eabi/lib/thumb/v6-m/nofp/libc_nano.a(lib_a-impure.o)
                0x0000000020000000                _impure_ptr
 .data.impure_data
                0x0000000020000004       0x60 /usr/local/bin/../lib/gcc/arm-none-eabi/10.3.1/../../../../arm-none-eabi/lib/thumb/v6-m/nofp/libc_nano.a(lib_a-impure.o)
 .data.COM_USART
                0x0000000020000064        0x4 CMakeFiles/motor_control.dir/cubemx/Drivers/BSP/STM32C0xx_Nucleo/stm32c0xx_nucleo.c.obj
                0x0000000020000064                COM_USART
 .data.uwTickFreq
                0x0000000020000068        0x1 CMakeFiles/motor_control.dir/cubemx/Drivers/STM32C0xx_HAL_Driver/Src/stm32c0xx_hal.c.obj
                0x0000000020000068                uwTickFreq
 *fill*         0x0000000020000069        0x3 
 .data.uwTickPrio
                0x000000002000006c        0x4 CMakeFiles/motor_control.dir/cubemx/Drivers/STM32C0xx_HAL_Driver/Src/stm32c0xx_hal.c.obj
                0x000000002000006c                uwTickPrio
 .data.SystemCoreClock
                0x0000000020000070        0x4 CMakeFiles/motor_control.dir/cubemx/Core/Src/system_stm32c0xx.c.obj
                0x0000000020000070                SystemCoreClock
 .data.last_known_pos.0
                0x0000000020000074        0xc app/libapp_lib.a(robot.c.obj)
                0x0000000020000080                . = ALIGN (0x4)
                0x0000000020000080                _edata = .

.igot.plt       0x0000000020000080        0x0 load address 0x000000000800635c
 .igot.plt      0x0000000020000080        0x0 /usr/local/bin/../lib/gcc/arm-none-eabi/10.3.1/thumb/v6-m/nofp/crtbegin.o
                0x0000000020000080                . = ALIGN (0x4)

.bss            0x0000000020000080      0x620 load address 0x000000000800635c
                0x0000000020000080                _sbss = .
                0x0000000020000080                __bss_start__ = _sbss
 *(.bss)
 .bss           0x0000000020000080       0x1c /usr/local/bin/../lib/gcc/arm-none-eabi/10.3.1/thumb/v6-m/nofp/crtbegin.o
 *(.bss*)
 .bss.BspCOMInit
                0x000000002000009c       0x10 CMakeFiles/motor_control.dir/cubemx/Core/Src/main.c.obj
                0x000000002000009c                BspCOMInit
 .bss.htim1     0x00000000200000ac       0x4c CMakeFiles/motor_control.dir/cubemx/Core/Src/main.c.obj
                0x00000000200000ac                htim1
 .bss.htim3     0x00000000200000f8       0x4c CMakeFiles/motor_control.dir/cubemx/Core/Src/main.c.obj
                0x00000000200000f8                htim3
 .bss.huart1    0x0000000020000144       0x94 CMakeFiles/motor_control.dir/cubemx/Core/Src/main.c.obj
                0x0000000020000144                huart1
 .bss.huart2    0x00000000200001d8       0x94 CMakeFiles/motor_control.dir/cubemx/Core/Src/main.c.obj
                0x00000000200001d8                huart2
 .bss.motorPower
                0x000000002000026c        0x4 CMakeFiles/motor_control.dir/cubemx/Core/Src/main.c.obj
                0x000000002000026c                motorPower
 .bss.motor_com
                0x0000000020000270       0x44 CMakeFiles/motor_control.dir/cubemx/Core/Src/main.c.obj
 .bss.motor_input_buffer
                0x00000000200002b4      0x100 CMakeFiles/motor_control.dir/cubemx/Core/Src/main.c.obj
 .bss.motor_output_buffer
                0x00000000200003b4      0x100 CMakeFiles/motor_control.dir/cubemx/Core/Src/main.c.obj
 .bss.msg       0x00000000200004b4       0x1c CMakeFiles/motor_control.dir/cubemx/Core/Src/main.c.obj
                0x00000000200004b4                msg
 .bss.robot     0x00000000200004d0       0x84 CMakeFiles/motor_control.dir/cubemx/Core/Src/main.c.obj
 .bss.traj_new_mail
                0x0000000020000554       0x20 CMakeFiles/motor_control.dir/cubemx/Core/Src/main.c.obj
 .bss.uart2_rx_buf
                0x0000000020000574       0x1c CMakeFiles/motor_control.dir/cubemx/Core/Src/main.c.obj
 .bss.htim14    0x0000000020000590       0x4c CMakeFiles/motor_control.dir/cubemx/Core/Src/stm32c0xx_hal_timebase_tim.c.obj
                0x0000000020000590                htim14
 .bss.hcom_uart
                0x00000000200005dc       0x94 CMakeFiles/motor_control.dir/cubemx/Drivers/BSP/STM32C0xx_Nucleo/stm32c0xx_nucleo.c.obj
                0x00000000200005dc                hcom_uart
 .bss.hpb_exti  0x0000000020000670        0xc CMakeFiles/motor_control.dir/cubemx/Drivers/BSP/STM32C0xx_Nucleo/stm32c0xx_nucleo.c.obj
                0x0000000020000670                hpb_exti
 .bss.uwTick    0x000000002000067c        0x4 CMakeFiles/motor_control.dir/cubemx/Drivers/STM32C0xx_HAL_Driver/Src/stm32c0xx_hal.c.obj
                0x000000002000067c                uwTick
 .bss.s_dbg_last_crc_ok
                0x0000000020000680        0x1 io/libio_lib.a(io_motor_com.c.obj)
 .bss.s_dbg_last_func
                0x0000000020000681        0x1 io/libio_lib.a(io_motor_com.c.obj)
 .bss.s_dbg_last_id
                0x0000000020000682        0x1 io/libio_lib.a(io_motor_com.c.obj)
 *fill*         0x0000000020000683        0x1 
 .bss.s_dbg_rx_crc_bad
                0x0000000020000684        0x4 io/libio_lib.a(io_motor_com.c.obj)
 .bss.s_dbg_rx_packets
                0x0000000020000688        0x4 io/libio_lib.a(io_motor_com.c.obj)
 .bss.s_dbg_rx_pos_packets
                0x000000002000068c        0x4 io/libio_lib.a(io_motor_com.c.obj)
 .bss.s_mailbox
                0x0000000020000690        0x4 app/libapp_lib.a(robot_runtime.c.obj)
 .bss.s_motor_com
                0x0000000020000694        0x4 app/libapp_lib.a(robot_runtime.c.obj)
 .bss.s_speed_cmd_valid
                0x0000000020000698        0x1 app/libapp_lib.a(robot_runtime.c.obj)
 .bss.s_motion_tick_pending
                0x0000000020000699        0x1 app/libapp_lib.a(motion_execute.c.obj)
 *fill*         0x000000002000069a        0x2 
 .bss.s_tick_ms_accum
                0x000000002000069c        0x4 app/libapp_lib.a(motion_execute.c.obj)
 *(COMMON)
                0x00000000200006a0                . = ALIGN (0x4)
                0x00000000200006a0                _ebss = .
                0x00000000200006a0                __bss_end__ = _ebss

._user_heap_stack
                0x00000000200006a0      0x600 load address 0x000000000800635c
                0x00000000200006a0                . = ALIGN (0x8)
                [!provide]                        PROVIDE (end = .)
                0x00000000200006a0                PROVIDE (_end = .)
                0x00000000200008a0                . = (. + _Min_Heap_Size)
 *fill*         0x00000000200006a0      0x200 
                0x0000000020000ca0                . = (. + _Min_Stack_Size)
 *fill*         0x00000000200008a0      0x400 
                0x0000000020000ca0                . = ALIGN (0x8)

/DISCARD/
 libc.a(*)
 libm.a(*)
 libgcc.a(*)

.ARM.attributes
                0x0000000000000000       0x28
 *(.ARM.attributes)
 .ARM.attributes
                0x0000000000000000       0x1e /usr/local/bin/../lib/gcc/arm-none-eabi/10.3.1/thumb/v6-m/nofp/crti.o
 .ARM.attributes
                0x000000000000001e       0x2c /usr/local/bin/../lib/gcc/arm-none-eabi/10.3.1/thumb/v6-m/nofp/crtbegin.o
 .ARM.attributes
                0x000000000000004a       0x2c /usr/local/bin/../lib/gcc/arm-none-eabi/10.3.1/../../../../arm-none-eabi/lib/thumb/v6-m/nofp/libc_nano.a(lib_a-impure.o)
 .ARM.attributes
                0x0000000000000076       0x2c /usr/local/bin/../lib/gcc/arm-none-eabi/10.3.1/../../../../arm-none-eabi/lib/thumb/v6-m/nofp/libc_nano.a(lib_a-init.o)
 .ARM.attributes
                0x00000000000000a2       0x2c /usr/local/bin/../lib/gcc/arm-none-eabi/10.3.1/../../../../arm-none-eabi/lib/thumb/v6-m/nofp/libc_nano.a(lib_a-memset.o)
 .ARM.attributes
                0x00000000000000ce       0x2c CMakeFiles/motor_control.dir/cubemx/Core/Src/main.c.obj
 .ARM.attributes
                0x00000000000000fa       0x2c CMakeFiles/motor_control.dir/cubemx/Core/Src/stm32c0xx_it.c.obj
 .ARM.attributes
                0x0000000000000126       0x2c CMakeFiles/motor_control.dir/cubemx/Core/Src/stm32c0xx_hal_msp.c.obj
 .ARM.attributes
                0x0000000000000152       0x2c CMakeFiles/motor_control.dir/cubemx/Core/Src/stm32c0xx_hal_timebase_tim.c.obj
 .ARM.attributes
                0x000000000000017e       0x2c CMakeFiles/motor_control.dir/cubemx/Drivers/BSP/STM32C0xx_Nucleo/stm32c0xx_nucleo.c.obj
 .ARM.attributes
                0x00000000000001aa       0x2c CMakeFiles/motor_control.dir/cubemx/Drivers/STM32C0xx_HAL_Driver/Src/stm32c0xx_hal.c.obj
 .ARM.attributes
                0x00000000000001d6       0x2c CMakeFiles/motor_control.dir/cubemx/Drivers/STM32C0xx_HAL_Driver/Src/stm32c0xx_hal_cortex.c.obj
 .ARM.attributes
                0x0000000000000202       0x2c CMakeFiles/motor_control.dir/cubemx/Drivers/STM32C0xx_HAL_Driver/Src/stm32c0xx_hal_rcc.c.obj
 .ARM.attributes
                0x000000000000022e       0x2c CMakeFiles/motor_control.dir/cubemx/Drivers/STM32C0xx_HAL_Driver/Src/stm32c0xx_hal_rcc_ex.c.obj
 .ARM.attributes
                0x000000000000025a       0x2c CMakeFiles/motor_control.dir/cubemx/Drivers/STM32C0xx_HAL_Driver/Src/stm32c0xx_hal_gpio.c.obj
 .ARM.attributes
                0x0000000000000286       0x2c CMakeFiles/motor_control.dir/cubemx/Drivers/STM32C0xx_HAL_Driver/Src/stm32c0xx_hal_dma.c.obj
 .ARM.attributes
                0x00000000000002b2       0x2c CMakeFiles/motor_control.dir/cubemx/Drivers/STM32C0xx_HAL_Driver/Src/stm32c0xx_hal_exti.c.obj
 .ARM.attributes
                0x00000000000002de       0x2c CMakeFiles/motor_control.dir/cubemx/Drivers/STM32C0xx_HAL_Driver/Src/stm32c0xx_hal_tim.c.obj
 .ARM.attributes
                0x000000000000030a       0x2c CMakeFiles/motor_control.dir/cubemx/Drivers/STM32C0xx_HAL_Driver/Src/stm32c0xx_hal_tim_ex.c.obj
 .ARM.attributes
                0x0000000000000336       0x2c CMakeFiles/motor_control.dir/cubemx/Drivers/STM32C0xx_HAL_Driver/Src/stm32c0xx_hal_uart.c.obj
 .ARM.attributes
                0x0000000000000362       0x2c CMakeFiles/motor_control.dir/cubemx/Drivers/STM32C0xx_HAL_Driver/Src/stm32c0xx_hal_uart_ex.c.obj
 .ARM.attributes
                0x000000000000038e       0x2c CMakeFiles/motor_control.dir/cubemx/Core/Src/system_stm32c0xx.c.obj
 .ARM.attributes
                0x00000000000003ba       0x22 CMakeFiles/motor_control.dir/cubemx/startup_stm32c031xx.s.obj
 .ARM.attributes
                0x00000000000003dc       0x2c datatypes/libdatatypes_lib.a(mailbox.c.obj)
 .ARM.attributes
                0x0000000000000408       0x2c io/libio_lib.a(io_motor_com.c.obj)
 .ARM.attributes
                0x0000000000000434       0x2c app/libapp_lib.a(app_motor_comm.c.obj)
 .ARM.attributes
                0x0000000000000460       0x2c app/libapp_lib.a(robot_fsm.c.obj)
 .ARM.attributes
                0x000000000000048c       0x2c app/libapp_lib.a(robot_runtime.c.obj)
 .ARM.attributes
                0x00000000000004b8       0x2c app/libapp_lib.a(motion_execute.c.obj)
 .ARM.attributes
                0x00000000000004e4       0x2c app/libapp_lib.a(robot.c.obj)
 .ARM.attributes
                0x0000000000000510       0x2c datatypes/libdatatypes_lib.a(ringBuffer.c.obj)
 .ARM.attributes
                0x000000000000053c       0x2c hw/libhw_lib.a(hw_uart.c.obj)
 .ARM.attributes
                0x0000000000000568       0x1e /usr/local/bin/../lib/gcc/arm-none-eabi/10.3.1/thumb/v6-m/nofp/libgcc.a(_thumb1_case_sqi.o)
 .ARM.attributes
                0x0000000000000586       0x1e /usr/local/bin/../lib/gcc/arm-none-eabi/10.3.1/thumb/v6-m/nofp/libgcc.a(_thumb1_case_uqi.o)
 .ARM.attributes
                0x00000000000005a4       0x1e /usr/local/bin/../lib/gcc/arm-none-eabi/10.3.1/thumb/v6-m/nofp/libgcc.a(_udivsi3.o)
 .ARM.attributes
                0x00000000000005c2       0x1e /usr/local/bin/../lib/gcc/arm-none-eabi/10.3.1/thumb/v6-m/nofp/libgcc.a(_divsi3.o)
 .ARM.attributes
                0x00000000000005e0       0x1e /usr/local/bin/../lib/gcc/arm-none-eabi/10.3.1/thumb/v6-m/nofp/libgcc.a(_dvmd_tls.o)
 .ARM.attributes
                0x00000000000005fe       0x1e /usr/local/bin/../lib/gcc/arm-none-eabi/10.3.1/thumb/v6-m/nofp/libgcc.a(_arm_cmpsf2.o)
 .ARM.attributes
                0x000000000000061c       0x2c /usr/local/bin/../lib/gcc/arm-none-eabi/10.3.1/thumb/v6-m/nofp/libgcc.a(addsf3.o)
 .ARM.attributes
                0x0000000000000648       0x2c /usr/local/bin/../lib/gcc/arm-none-eabi/10.3.1/thumb/v6-m/nofp/libgcc.a(divsf3.o)
 .ARM.attributes
                0x0000000000000674       0x2c /usr/local/bin/../lib/gcc/arm-none-eabi/10.3.1/thumb/v6-m/nofp/libgcc.a(eqsf2.o)
 .ARM.attributes
                0x00000000000006a0       0x2c /usr/local/bin/../lib/gcc/arm-none-eabi/10.3.1/thumb/v6-m/nofp/libgcc.a(gesf2.o)
 .ARM.attributes
                0x00000000000006cc       0x2c /usr/local/bin/../lib/gcc/arm-none-eabi/10.3.1/thumb/v6-m/nofp/libgcc.a(lesf2.o)
 .ARM.attributes
                0x00000000000006f8       0x2c /usr/local/bin/../lib/gcc/arm-none-eabi/10.3.1/thumb/v6-m/nofp/libgcc.a(mulsf3.o)
 .ARM.attributes
                0x0000000000000724       0x2c /usr/local/bin/../lib/gcc/arm-none-eabi/10.3.1/thumb/v6-m/nofp/libgcc.a(subsf3.o)
 .ARM.attributes
                0x0000000000000750       0x2c /usr/local/bin/../lib/gcc/arm-none-eabi/10.3.1/thumb/v6-m/nofp/libgcc.a(fixsfsi.o)
 .ARM.attributes
                0x000000000000077c       0x2c /usr/local/bin/../lib/gcc/arm-none-eabi/10.3.1/thumb/v6-m/nofp/libgcc.a(floatsisf.o)
 .ARM.attributes
                0x00000000000007a8       0x1e /usr/local/bin/../lib/gcc/arm-none-eabi/10.3.1/thumb/v6-m/nofp/libgcc.a(_clzsi2.o)
 .ARM.attributes
                0x00000000000007c6       0x2c /usr/local/bin/../lib/gcc/arm-none-eabi/10.3.1/../../../../arm-none-eabi/lib/thumb/v6-m/nofp/libc_nano.a(lib_a-errno.o)
 .ARM.attributes
                0x00000000000007f2       0x2c /usr/local/bin/../lib/gcc/arm-none-eabi/10.3.1/../../../../arm-none-eabi/lib/thumb/v6-m/nofp/libc_nano.a(lib_a-memcpy-stub.o)
 .ARM.attributes
                0x000000000000081e       0x1c /usr/local/bin/../lib/gcc/arm-none-eabi/10.3.1/../../../../arm-none-eabi/lib/thumb/v6-m/nofp/libc_nano.a(lib_a-strlen.o)
 .ARM.attributes
                0x000000000000083a       0x1e /usr/local/bin/../lib/gcc/arm-none-eabi/10.3.1/thumb/v6-m/nofp/crtn.o
OUTPUT(motor_control.elf elf32-littlearm)
LOAD linker stubs
LOAD /usr/local/bin/../lib/gcc/arm-none-eabi/10.3.1/../../../../arm-none-eabi/lib/thumb/v6-m/nofp/libc.a
LOAD /usr/local/bin/../lib/gcc/arm-none-eabi/10.3.1/../../../../arm-none-eabi/lib/thumb/v6-m/nofp/libm.a
LOAD /usr/local/bin/../lib/gcc/arm-none-eabi/10.3.1/thumb/v6-m/nofp/libgcc.a

.debug_frame    0x0000000000000000      0x284
 .debug_frame   0x0000000000000000       0x2c /usr/local/bin/../lib/gcc/arm-none-eabi/10.3.1/../../../../arm-none-eabi/lib/thumb/v6-m/nofp/libc_nano.a(lib_a-init.o)
 .debug_frame   0x000000000000002c       0x20 /usr/local/bin/../lib/gcc/arm-none-eabi/10.3.1/../../../../arm-none-eabi/lib/thumb/v6-m/nofp/libc_nano.a(lib_a-memset.o)
 .debug_frame   0x000000000000004c       0x20 /usr/local/bin/../lib/gcc/arm-none-eabi/10.3.1/thumb/v6-m/nofp/libgcc.a(_udivsi3.o)
 .debug_frame   0x000000000000006c       0x20 /usr/local/bin/../lib/gcc/arm-none-eabi/10.3.1/thumb/v6-m/nofp/libgcc.a(_divsi3.o)
 .debug_frame   0x000000000000008c       0x34 /usr/local/bin/../lib/gcc/arm-none-eabi/10.3.1/thumb/v6-m/nofp/libgcc.a(addsf3.o)
 .debug_frame   0x00000000000000c0       0x38 /usr/local/bin/../lib/gcc/arm-none-eabi/10.3.1/thumb/v6-m/nofp/libgcc.a(divsf3.o)
 .debug_frame   0x00000000000000f8       0x2c /usr/local/bin/../lib/gcc/arm-none-eabi/10.3.1/thumb/v6-m/nofp/libgcc.a(eqsf2.o)
 .debug_frame   0x0000000000000124       0x2c /usr/local/bin/../lib/gcc/arm-none-eabi/10.3.1/thumb/v6-m/nofp/libgcc.a(gesf2.o)
 .debug_frame   0x0000000000000150       0x2c /usr/local/bin/../lib/gcc/arm-none-eabi/10.3.1/thumb/v6-m/nofp/libgcc.a(lesf2.o)
 .debug_frame   0x000000000000017c       0x38 /usr/local/bin/../lib/gcc/arm-none-eabi/10.3.1/thumb/v6-m/nofp/libgcc.a(mulsf3.o)
 .debug_frame   0x00000000000001b4       0x38 /usr/local/bin/../lib/gcc/arm-none-eabi/10.3.1/thumb/v6-m/nofp/libgcc.a(subsf3.o)
 .debug_frame   0x00000000000001ec       0x20 /usr/local/bin/../lib/gcc/arm-none-eabi/10.3.1/thumb/v6-m/nofp/libgcc.a(fixsfsi.o)
 .debug_frame   0x000000000000020c       0x30 /usr/local/bin/../lib/gcc/arm-none-eabi/10.3.1/thumb/v6-m/nofp/libgcc.a(floatsisf.o)
 .debug_frame   0x000000000000023c       0x20 /usr/local/bin/../lib/gcc/arm-none-eabi/10.3.1/../../../../arm-none-eabi/lib/thumb/v6-m/nofp/libc_nano.a(lib_a-errno.o)
 .debug_frame   0x000000000000025c       0x28 /usr/local/bin/../lib/gcc/arm-none-eabi/10.3.1/../../../../arm-none-eabi/lib/thumb/v6-m/nofp/libc_nano.a(lib_a-memcpy-stub.o)

.comment        0x0000000000000000       0x49
 .comment       0x0000000000000000       0x49 CMakeFiles/motor_control.dir/cubemx/Core/Src/main.c.obj
                                         0x4a (size before relaxing)
 .comment       0x0000000000000049       0x4a CMakeFiles/motor_control.dir/cubemx/Core/Src/stm32c0xx_it.c.obj
 .comment       0x0000000000000049       0x4a CMakeFiles/motor_control.dir/cubemx/Core/Src/stm32c0xx_hal_msp.c.obj
 .comment       0x0000000000000049       0x4a CMakeFiles/motor_control.dir/cubemx/Core/Src/stm32c0xx_hal_timebase_tim.c.obj
 .comment       0x0000000000000049       0x4a CMakeFiles/motor_control.dir/cubemx/Drivers/BSP/STM32C0xx_Nucleo/stm32c0xx_nucleo.c.obj
 .comment       0x0000000000000049       0x4a CMakeFiles/motor_control.dir/cubemx/Drivers/STM32C0xx_HAL_Driver/Src/stm32c0xx_hal.c.obj
 .comment       0x0000000000000049       0x4a CMakeFiles/motor_control.dir/cubemx/Drivers/STM32C0xx_HAL_Driver/Src/stm32c0xx_hal_cortex.c.obj
 .comment       0x0000000000000049       0x4a CMakeFiles/motor_control.dir/cubemx/Drivers/STM32C0xx_HAL_Driver/Src/stm32c0xx_hal_rcc.c.obj
 .comment       0x0000000000000049       0x4a CMakeFiles/motor_control.dir/cubemx/Drivers/STM32C0xx_HAL_Driver/Src/stm32c0xx_hal_rcc_ex.c.obj
 .comment       0x0000000000000049       0x4a CMakeFiles/motor_control.dir/cubemx/Drivers/STM32C0xx_HAL_Driver/Src/stm32c0xx_hal_gpio.c.obj
 .comment       0x0000000000000049       0x4a CMakeFiles/motor_control.dir/cubemx/Drivers/STM32C0xx_HAL_Driver/Src/stm32c0xx_hal_dma.c.obj
 .comment       0x0000000000000049       0x4a CMakeFiles/motor_control.dir/cubemx/Drivers/STM32C0xx_HAL_Driver/Src/stm32c0xx_hal_exti.c.obj
 .comment       0x0000000000000049       0x4a CMakeFiles/motor_control.dir/cubemx/Drivers/STM32C0xx_HAL_Driver/Src/stm32c0xx_hal_tim.c.obj
 .comment       0x0000000000000049       0x4a CMakeFiles/motor_control.dir/cubemx/Drivers/STM32C0xx_HAL_Driver/Src/stm32c0xx_hal_tim_ex.c.obj
 .comment       0x0000000000000049       0x4a CMakeFiles/motor_control.dir/cubemx/Drivers/STM32C0xx_HAL_Driver/Src/stm32c0xx_hal_uart.c.obj
 .comment       0x0000000000000049       0x4a CMakeFiles/motor_control.dir/cubemx/Drivers/STM32C0xx_HAL_Driver/Src/stm32c0xx_hal_uart_ex.c.obj
 .comment       0x0000000000000049       0x4a CMakeFiles/motor_control.dir/cubemx/Core/Src/system_stm32c0xx.c.obj
 .comment       0x0000000000000049       0x4a datatypes/libdatatypes_lib.a(mailbox.c.obj)
 .comment       0x0000000000000049       0x4a io/libio_lib.a(io_motor_com.c.obj)
 .comment       0x0000000000000049       0x4a app/libapp_lib.a(app_motor_comm.c.obj)
 .comment       0x0000000000000049       0x4a app/libapp_lib.a(robot_fsm.c.obj)
 .comment       0x0000000000000049       0x4a app/libapp_lib.a(robot_runtime.c.obj)
 .comment       0x0000000000000049       0x4a app/libapp_lib.a(motion_execute.c.obj)
 .comment       0x0000000000000049       0x4a app/libapp_lib.a(robot.c.obj)
 .comment       0x0000000000000049       0x4a datatypes/libdatatypes_lib.a(ringBuffer.c.obj)
 .comment       0x0000000000000049       0x4a hw/libhw_lib.a(hw_uart.c.obj)
